###############################################################################
#
# IAR ELF Linker V9.60.3.422/W64 for ARM                  21/Oct/2025  10:34:46
# Copyright 2007-2024 IAR Systems AB.
#
#    Output file  =
#        C:\Progetti\SVN_Repos\SCAME_GD_RED\SCAME_CONTROL_UNIT\trunk\EWARM\FULL_DEBUG_HW_MP28947_GD32F4xx\Exe\SCU-HW_MP28947-GD32.out
#    Map file     =
#        C:\Progetti\SVN_Repos\SCAME_GD_RED\SCAME_CONTROL_UNIT\trunk\EWARM\FULL_DEBUG_HW_MP28947_GD32F4xx\List\SCU-HW_MP28947-GD32.map
#    Command line =
#        -f
#        C:\Progetti\SVN_Repos\SCAME_GD_RED\SCAME_CONTROL_UNIT\trunk\EWARM\FULL_DEBUG_HW_MP28947_GD32F4xx\Exe\SCU-HW_MP28947-GD32.out.rsp
#        (C:\Progetti\SVN_Repos\SCAME_GD_RED\SCAME_CONTROL_UNIT\trunk\EWARM\FULL_DEBUG_HW_MP28947_GD32F4xx\Obj\coreApp_9882234266214708374.dir\adcTask.o
#        C:\Progetti\SVN_Repos\SCAME_GD_RED\SCAME_CONTROL_UNIT\trunk\EWARM\FULL_DEBUG_HW_MP28947_GD32F4xx\Obj\LwIP_6171225858623166285.dir\altcp.o
#        C:\Progetti\SVN_Repos\SCAME_GD_RED\SCAME_CONTROL_UNIT\trunk\EWARM\FULL_DEBUG_HW_MP28947_GD32F4xx\Obj\LwIP_6171225858623166285.dir\altcp_alloc.o
#        C:\Progetti\SVN_Repos\SCAME_GD_RED\SCAME_CONTROL_UNIT\trunk\EWARM\FULL_DEBUG_HW_MP28947_GD32F4xx\Obj\LwIP_6171225858623166285.dir\altcp_tcp.o
#        C:\Progetti\SVN_Repos\SCAME_GD_RED\SCAME_CONTROL_UNIT\trunk\EWARM\FULL_DEBUG_HW_MP28947_GD32F4xx\Obj\LwIP_6171225858623166285.dir\api_lib.o
#        C:\Progetti\SVN_Repos\SCAME_GD_RED\SCAME_CONTROL_UNIT\trunk\EWARM\FULL_DEBUG_HW_MP28947_GD32F4xx\Obj\LwIP_6171225858623166285.dir\api_msg.o
#        C:\Progetti\SVN_Repos\SCAME_GD_RED\SCAME_CONTROL_UNIT\trunk\EWARM\FULL_DEBUG_HW_MP28947_GD32F4xx\Obj\app_8634845462321782417.dir\app_emob.o
#        C:\Progetti\SVN_Repos\SCAME_GD_RED\SCAME_CONTROL_UNIT\trunk\EWARM\FULL_DEBUG_HW_MP28947_GD32F4xx\Obj\LwIP_6171225858623166285.dir\auth.o
#        C:\Progetti\SVN_Repos\SCAME_GD_RED\SCAME_CONTROL_UNIT\trunk\EWARM\FULL_DEBUG_HW_MP28947_GD32F4xx\Obj\LwIP_6171225858623166285.dir\autoip.o
#        C:\Progetti\SVN_Repos\SCAME_GD_RED\SCAME_CONTROL_UNIT\trunk\EWARM\FULL_DEBUG_HW_MP28947_GD32F4xx\Obj\stationMng_507230474648503890.dir\AutotestMng.o
#        C:\Progetti\SVN_Repos\SCAME_GD_RED\SCAME_CONTROL_UNIT\trunk\EWARM\FULL_DEBUG_HW_MP28947_GD32F4xx\Obj\stationMng_507230474648503890.dir\BlockMng.o
#        C:\Progetti\SVN_Repos\SCAME_GD_RED\SCAME_CONTROL_UNIT\trunk\EWARM\FULL_DEBUG_HW_MP28947_GD32F4xx\Obj\LwIP_6171225858623166285.dir\bridgeif.o
#        C:\Progetti\SVN_Repos\SCAME_GD_RED\SCAME_CONTROL_UNIT\trunk\EWARM\FULL_DEBUG_HW_MP28947_GD32F4xx\Obj\LwIP_6171225858623166285.dir\bridgeif_fdb.o
#        C:\Progetti\SVN_Repos\SCAME_GD_RED\SCAME_CONTROL_UNIT\trunk\EWARM\FULL_DEBUG_HW_MP28947_GD32F4xx\Obj\LwIP_6171225858623166285.dir\ccp.o
#        C:\Progetti\SVN_Repos\SCAME_GD_RED\SCAME_CONTROL_UNIT\trunk\EWARM\FULL_DEBUG_HW_MP28947_GD32F4xx\Obj\LwIP_6171225858623166285.dir\chap-md5.o
#        C:\Progetti\SVN_Repos\SCAME_GD_RED\SCAME_CONTROL_UNIT\trunk\EWARM\FULL_DEBUG_HW_MP28947_GD32F4xx\Obj\LwIP_6171225858623166285.dir\chap-new.o
#        C:\Progetti\SVN_Repos\SCAME_GD_RED\SCAME_CONTROL_UNIT\trunk\EWARM\FULL_DEBUG_HW_MP28947_GD32F4xx\Obj\LwIP_6171225858623166285.dir\chap_ms.o
#        C:\Progetti\SVN_Repos\SCAME_GD_RED\SCAME_CONTROL_UNIT\trunk\EWARM\FULL_DEBUG_HW_MP28947_GD32F4xx\Obj\User_8454777428142420917.dir\cmox_low_level.o
#        C:\Progetti\SVN_Repos\SCAME_GD_RED\SCAME_CONTROL_UNIT\trunk\EWARM\FULL_DEBUG_HW_MP28947_GD32F4xx\Obj\FreeRTOS_4809373609813369194.dir\cmsis_os2.o
#        C:\Progetti\SVN_Repos\SCAME_GD_RED\SCAME_CONTROL_UNIT\trunk\EWARM\FULL_DEBUG_HW_MP28947_GD32F4xx\Obj\webServer_11162101747046879916.dir\configurator.o
#        C:\Progetti\SVN_Repos\SCAME_GD_RED\SCAME_CONTROL_UNIT\trunk\EWARM\FULL_DEBUG_HW_MP28947_GD32F4xx\Obj\stationMng_507230474648503890.dir\ContactMng.o
#        C:\Progetti\SVN_Repos\SCAME_GD_RED\SCAME_CONTROL_UNIT\trunk\EWARM\FULL_DEBUG_HW_MP28947_GD32F4xx\Obj\User_8454777428142420917.dir\crc.o
#        C:\Progetti\SVN_Repos\SCAME_GD_RED\SCAME_CONTROL_UNIT\trunk\EWARM\FULL_DEBUG_HW_MP28947_GD32F4xx\Obj\FreeRTOS_4809373609813369194.dir\croutine.o
#        C:\Progetti\SVN_Repos\SCAME_GD_RED\SCAME_CONTROL_UNIT\trunk\EWARM\FULL_DEBUG_HW_MP28947_GD32F4xx\Obj\LIB_UART_DBG_4451214714449946012.dir\DataLink_dbg.o
#        C:\Progetti\SVN_Repos\SCAME_GD_RED\SCAME_CONTROL_UNIT\trunk\EWARM\FULL_DEBUG_HW_MP28947_GD32F4xx\Obj\LIB_UART_DBG_4451214714449946012.dir\dbg_Task.o
#        C:\Progetti\SVN_Repos\SCAME_GD_RED\SCAME_CONTROL_UNIT\trunk\EWARM\FULL_DEBUG_HW_MP28947_GD32F4xx\Obj\LwIP_6171225858623166285.dir\def.o
#        C:\Progetti\SVN_Repos\SCAME_GD_RED\SCAME_CONTROL_UNIT\trunk\EWARM\FULL_DEBUG_HW_MP28947_GD32F4xx\Obj\LwIP_6171225858623166285.dir\demand.o
#        C:\Progetti\SVN_Repos\SCAME_GD_RED\SCAME_CONTROL_UNIT\trunk\EWARM\FULL_DEBUG_HW_MP28947_GD32F4xx\Obj\LwIP_6171225858623166285.dir\dhcp.o
#        C:\Progetti\SVN_Repos\SCAME_GD_RED\SCAME_CONTROL_UNIT\trunk\EWARM\FULL_DEBUG_HW_MP28947_GD32F4xx\Obj\LwIP_6171225858623166285.dir\dhcp6.o
#        C:\Progetti\SVN_Repos\SCAME_GD_RED\SCAME_CONTROL_UNIT\trunk\EWARM\FULL_DEBUG_HW_MP28947_GD32F4xx\Obj\stationMng_507230474648503890.dir\diffRiarm.o
#        C:\Progetti\SVN_Repos\SCAME_GD_RED\SCAME_CONTROL_UNIT\trunk\EWARM\FULL_DEBUG_HW_MP28947_GD32F4xx\Obj\LwIP_6171225858623166285.dir\dns.o
#        C:\Progetti\SVN_Repos\SCAME_GD_RED\SCAME_CONTROL_UNIT\trunk\EWARM\FULL_DEBUG_HW_MP28947_GD32F4xx\Obj\LwIP_6171225858623166285.dir\eap.o
#        C:\Progetti\SVN_Repos\SCAME_GD_RED\SCAME_CONTROL_UNIT\trunk\EWARM\FULL_DEBUG_HW_MP28947_GD32F4xx\Obj\LwIP_6171225858623166285.dir\ecp.o
#        C:\Progetti\SVN_Repos\SCAME_GD_RED\SCAME_CONTROL_UNIT\trunk\EWARM\FULL_DEBUG_HW_MP28947_GD32F4xx\Obj\BSP_3794911361316221405.dir\eeprom.o
#        C:\Progetti\SVN_Repos\SCAME_GD_RED\SCAME_CONTROL_UNIT\trunk\EWARM\FULL_DEBUG_HW_MP28947_GD32F4xx\Obj\LIB_EM_9926388960908420262.dir\Em_Task.o
#        C:\Progetti\SVN_Repos\SCAME_GD_RED\SCAME_CONTROL_UNIT\trunk\EWARM\FULL_DEBUG_HW_MP28947_GD32F4xx\Obj\LIB_EM_9926388960908420262.dir\Em_Uart.o
#        C:\Progetti\SVN_Repos\SCAME_GD_RED\SCAME_CONTROL_UNIT\trunk\EWARM\FULL_DEBUG_HW_MP28947_GD32F4xx\Obj\stationMng_507230474648503890.dir\EnergyMng.o
#        C:\Progetti\SVN_Repos\SCAME_GD_RED\SCAME_CONTROL_UNIT\trunk\EWARM\FULL_DEBUG_HW_MP28947_GD32F4xx\Obj\LwIP_6171225858623166285.dir\err.o
#        C:\Progetti\SVN_Repos\SCAME_GD_RED\SCAME_CONTROL_UNIT\trunk\EWARM\FULL_DEBUG_HW_MP28947_GD32F4xx\Obj\wifi_3262316034850308010.dir\esp32.o
#        C:\Progetti\SVN_Repos\SCAME_GD_RED\SCAME_CONTROL_UNIT\trunk\EWARM\FULL_DEBUG_HW_MP28947_GD32F4xx\Obj\LwIP_6171225858623166285.dir\etharp.o
#        C:\Progetti\SVN_Repos\SCAME_GD_RED\SCAME_CONTROL_UNIT\trunk\EWARM\FULL_DEBUG_HW_MP28947_GD32F4xx\Obj\LwIP_6171225858623166285.dir\ethernet.o
#        C:\Progetti\SVN_Repos\SCAME_GD_RED\SCAME_CONTROL_UNIT\trunk\EWARM\FULL_DEBUG_HW_MP28947_GD32F4xx\Obj\User_8454777428142420917.dir\ethernetif_stm32f4.o
#        C:\Progetti\SVN_Repos\SCAME_GD_RED\SCAME_CONTROL_UNIT\trunk\EWARM\FULL_DEBUG_HW_MP28947_GD32F4xx\Obj\coreApp_9882234266214708374.dir\ethInitTask.o
#        C:\Progetti\SVN_Repos\SCAME_GD_RED\SCAME_CONTROL_UNIT\trunk\EWARM\FULL_DEBUG_HW_MP28947_GD32F4xx\Obj\LwIP_6171225858623166285.dir\ethip6.o
#        C:\Progetti\SVN_Repos\SCAME_GD_RED\SCAME_CONTROL_UNIT\trunk\EWARM\FULL_DEBUG_HW_MP28947_GD32F4xx\Obj\LwIP_6171225858623166285.dir\eui64.o
#        C:\Progetti\SVN_Repos\SCAME_GD_RED\SCAME_CONTROL_UNIT\trunk\EWARM\FULL_DEBUG_HW_MP28947_GD32F4xx\Obj\FreeRTOS_4809373609813369194.dir\event_groups.o
#        C:\Progetti\SVN_Repos\SCAME_GD_RED\SCAME_CONTROL_UNIT\trunk\EWARM\FULL_DEBUG_HW_MP28947_GD32F4xx\Obj\stationMng_507230474648503890.dir\Event_log.o
#        C:\Progetti\SVN_Repos\SCAME_GD_RED\SCAME_CONTROL_UNIT\trunk\EWARM\FULL_DEBUG_HW_MP28947_GD32F4xx\Obj\stationMng_507230474648503890.dir\EvsMng.o
#        C:\Progetti\SVN_Repos\SCAME_GD_RED\SCAME_CONTROL_UNIT\trunk\EWARM\FULL_DEBUG_HW_MP28947_GD32F4xx\Obj\stationMng_507230474648503890.dir\EvsTimeMng.o
#        C:\Progetti\SVN_Repos\SCAME_GD_RED\SCAME_CONTROL_UNIT\trunk\EWARM\FULL_DEBUG_HW_MP28947_GD32F4xx\Obj\Device_13867102261166347011.dir\ExtFlash_stm32f4.o
#        C:\Progetti\SVN_Repos\SCAME_GD_RED\SCAME_CONTROL_UNIT\trunk\EWARM\FULL_DEBUG_HW_MP28947_GD32F4xx\Obj\stationMng_507230474648503890.dir\ExtInpMng.o
#        C:\Progetti\SVN_Repos\SCAME_GD_RED\SCAME_CONTROL_UNIT\trunk\EWARM\FULL_DEBUG_HW_MP28947_GD32F4xx\Obj\User_8454777428142420917.dir\flash_if.o
#        C:\Progetti\SVN_Repos\SCAME_GD_RED\SCAME_CONTROL_UNIT\trunk\EWARM\FULL_DEBUG_HW_MP28947_GD32F4xx\Obj\User_8454777428142420917.dir\freertos.o
#        C:\Progetti\SVN_Repos\SCAME_GD_RED\SCAME_CONTROL_UNIT\trunk\EWARM\FULL_DEBUG_HW_MP28947_GD32F4xx\Obj\webServer_11162101747046879916.dir\fs.o
#        C:\Progetti\SVN_Repos\SCAME_GD_RED\SCAME_CONTROL_UNIT\trunk\EWARM\FULL_DEBUG_HW_MP28947_GD32F4xx\Obj\LwIP_6171225858623166285.dir\fsm.o
#        C:\Progetti\SVN_Repos\SCAME_GD_RED\SCAME_CONTROL_UNIT\trunk\EWARM\FULL_DEBUG_HW_MP28947_GD32F4xx\Obj\LIB_FTP_8178903156242173378.dir\ftps.o
#        C:\Progetti\SVN_Repos\SCAME_GD_RED\SCAME_CONTROL_UNIT\trunk\EWARM\FULL_DEBUG_HW_MP28947_GD32F4xx\Obj\LIB_FTP_8178903156242173378.dir\ftpserver.o
#        C:\Progetti\SVN_Repos\SCAME_GD_RED\SCAME_CONTROL_UNIT\trunk\EWARM\FULL_DEBUG_HW_MP28947_GD32F4xx\Obj\Utilities_17002154029713865955.dir\fwChecksum.o
#        C:\Progetti\SVN_Repos\SCAME_GD_RED\SCAME_CONTROL_UNIT\trunk\EWARM\FULL_DEBUG_HW_MP28947_GD32F4xx\Obj\handlers_8890594791293015610.dir\handler_metrology.o
#        C:\Progetti\SVN_Repos\SCAME_GD_RED\SCAME_CONTROL_UNIT\trunk\EWARM\FULL_DEBUG_HW_MP28947_GD32F4xx\Obj\handlers_8890594791293015610.dir\handler_nvram.o
#        C:\Progetti\SVN_Repos\SCAME_GD_RED\SCAME_CONTROL_UNIT\trunk\EWARM\FULL_DEBUG_HW_MP28947_GD32F4xx\Obj\FreeRTOS_4809373609813369194.dir\heap_4.o
#        C:\Progetti\SVN_Repos\SCAME_GD_RED\SCAME_CONTROL_UNIT\trunk\EWARM\FULL_DEBUG_HW_MP28947_GD32F4xx\Obj\BSP_3794911361316221405.dir\hts.o
#        C:\Progetti\SVN_Repos\SCAME_GD_RED\SCAME_CONTROL_UNIT\trunk\EWARM\FULL_DEBUG_HW_MP28947_GD32F4xx\Obj\webServer_11162101747046879916.dir\httpserver-socket.o
#        C:\Progetti\SVN_Repos\SCAME_GD_RED\SCAME_CONTROL_UNIT\trunk\EWARM\FULL_DEBUG_HW_MP28947_GD32F4xx\Obj\Device_13867102261166347011.dir\i2c.o
#        C:\Progetti\SVN_Repos\SCAME_GD_RED\SCAME_CONTROL_UNIT\trunk\EWARM\FULL_DEBUG_HW_MP28947_GD32F4xx\Obj\LwIP_6171225858623166285.dir\icmp.o
#        C:\Progetti\SVN_Repos\SCAME_GD_RED\SCAME_CONTROL_UNIT\trunk\EWARM\FULL_DEBUG_HW_MP28947_GD32F4xx\Obj\LwIP_6171225858623166285.dir\icmp6.o
#        C:\Progetti\SVN_Repos\SCAME_GD_RED\SCAME_CONTROL_UNIT\trunk\EWARM\FULL_DEBUG_HW_MP28947_GD32F4xx\Obj\LwIP_6171225858623166285.dir\if_api.o
#        C:\Progetti\SVN_Repos\SCAME_GD_RED\SCAME_CONTROL_UNIT\trunk\EWARM\FULL_DEBUG_HW_MP28947_GD32F4xx\Obj\LwIP_6171225858623166285.dir\igmp.o
#        C:\Progetti\SVN_Repos\SCAME_GD_RED\SCAME_CONTROL_UNIT\trunk\EWARM\FULL_DEBUG_HW_MP28947_GD32F4xx\Obj\LwIP_6171225858623166285.dir\inet6.o
#        C:\Progetti\SVN_Repos\SCAME_GD_RED\SCAME_CONTROL_UNIT\trunk\EWARM\FULL_DEBUG_HW_MP28947_GD32F4xx\Obj\LwIP_6171225858623166285.dir\inet_chksum.o
#        C:\Progetti\SVN_Repos\SCAME_GD_RED\SCAME_CONTROL_UNIT\trunk\EWARM\FULL_DEBUG_HW_MP28947_GD32F4xx\Obj\LwIP_6171225858623166285.dir\init.o
#        C:\Progetti\SVN_Repos\SCAME_GD_RED\SCAME_CONTROL_UNIT\trunk\EWARM\FULL_DEBUG_HW_MP28947_GD32F4xx\Obj\coreApp_9882234266214708374.dir\inputsMng.o
#        C:\Progetti\SVN_Repos\SCAME_GD_RED\SCAME_CONTROL_UNIT\trunk\EWARM\FULL_DEBUG_HW_MP28947_GD32F4xx\Obj\coreApp_9882234266214708374.dir\ioExp.o
#        C:\Progetti\SVN_Repos\SCAME_GD_RED\SCAME_CONTROL_UNIT\trunk\EWARM\FULL_DEBUG_HW_MP28947_GD32F4xx\Obj\LwIP_6171225858623166285.dir\ip.o
#        C:\Progetti\SVN_Repos\SCAME_GD_RED\SCAME_CONTROL_UNIT\trunk\EWARM\FULL_DEBUG_HW_MP28947_GD32F4xx\Obj\LwIP_6171225858623166285.dir\ip4.o
#        C:\Progetti\SVN_Repos\SCAME_GD_RED\SCAME_CONTROL_UNIT\trunk\EWARM\FULL_DEBUG_HW_MP28947_GD32F4xx\Obj\LwIP_6171225858623166285.dir\ip4_addr.o
#        C:\Progetti\SVN_Repos\SCAME_GD_RED\SCAME_CONTROL_UNIT\trunk\EWARM\FULL_DEBUG_HW_MP28947_GD32F4xx\Obj\LwIP_6171225858623166285.dir\ip4_frag.o
#        C:\Progetti\SVN_Repos\SCAME_GD_RED\SCAME_CONTROL_UNIT\trunk\EWARM\FULL_DEBUG_HW_MP28947_GD32F4xx\Obj\LwIP_6171225858623166285.dir\ip6.o
#        C:\Progetti\SVN_Repos\SCAME_GD_RED\SCAME_CONTROL_UNIT\trunk\EWARM\FULL_DEBUG_HW_MP28947_GD32F4xx\Obj\LwIP_6171225858623166285.dir\ip6_addr.o
#        C:\Progetti\SVN_Repos\SCAME_GD_RED\SCAME_CONTROL_UNIT\trunk\EWARM\FULL_DEBUG_HW_MP28947_GD32F4xx\Obj\LwIP_6171225858623166285.dir\ip6_frag.o
#        C:\Progetti\SVN_Repos\SCAME_GD_RED\SCAME_CONTROL_UNIT\trunk\EWARM\FULL_DEBUG_HW_MP28947_GD32F4xx\Obj\LwIP_6171225858623166285.dir\ipcp.o
#        C:\Progetti\SVN_Repos\SCAME_GD_RED\SCAME_CONTROL_UNIT\trunk\EWARM\FULL_DEBUG_HW_MP28947_GD32F4xx\Obj\LwIP_6171225858623166285.dir\ipv6cp.o
#        C:\Progetti\SVN_Repos\SCAME_GD_RED\SCAME_CONTROL_UNIT\trunk\EWARM\FULL_DEBUG_HW_MP28947_GD32F4xx\Obj\BSP_3794911361316221405.dir\lcd.o
#        C:\Progetti\SVN_Repos\SCAME_GD_RED\SCAME_CONTROL_UNIT\trunk\EWARM\FULL_DEBUG_HW_MP28947_GD32F4xx\Obj\stationMng_507230474648503890.dir\LcdMng.o
#        C:\Progetti\SVN_Repos\SCAME_GD_RED\SCAME_CONTROL_UNIT\trunk\EWARM\FULL_DEBUG_HW_MP28947_GD32F4xx\Obj\LwIP_6171225858623166285.dir\lcp.o
#        C:\Progetti\SVN_Repos\SCAME_GD_RED\SCAME_CONTROL_UNIT\trunk\EWARM\FULL_DEBUG_HW_MP28947_GD32F4xx\Obj\coreApp_9882234266214708374.dir\ledMng.o
#        C:\Progetti\SVN_Repos\SCAME_GD_RED\SCAME_CONTROL_UNIT\trunk\Middlewares\ST\STM32_Cryptographic\lib\libSTM32Cryptographic_CM4.a
#        C:\Progetti\SVN_Repos\SCAME_GD_RED\SCAME_CONTROL_UNIT\trunk\EWARM\FULL_DEBUG_HW_MP28947_GD32F4xx\Obj\FreeRTOS_4809373609813369194.dir\list.o
#        C:\Progetti\SVN_Repos\SCAME_GD_RED\SCAME_CONTROL_UNIT\trunk\EWARM\FULL_DEBUG_HW_MP28947_GD32F4xx\Obj\LwIP_6171225858623166285.dir\lowpan6.o
#        C:\Progetti\SVN_Repos\SCAME_GD_RED\SCAME_CONTROL_UNIT\trunk\EWARM\FULL_DEBUG_HW_MP28947_GD32F4xx\Obj\LwIP_6171225858623166285.dir\lowpan6_ble.o
#        C:\Progetti\SVN_Repos\SCAME_GD_RED\SCAME_CONTROL_UNIT\trunk\EWARM\FULL_DEBUG_HW_MP28947_GD32F4xx\Obj\LwIP_6171225858623166285.dir\lowpan6_common.o
#        C:\Progetti\SVN_Repos\SCAME_GD_RED\SCAME_CONTROL_UNIT\trunk\EWARM\FULL_DEBUG_HW_MP28947_GD32F4xx\Obj\LIB_FTP_8178903156242173378.dir\lwftp.o
#        C:\Progetti\SVN_Repos\SCAME_GD_RED\SCAME_CONTROL_UNIT\trunk\EWARM\FULL_DEBUG_HW_MP28947_GD32F4xx\Obj\User_8454777428142420917.dir\lwip.o
#        C:\Progetti\SVN_Repos\SCAME_GD_RED\SCAME_CONTROL_UNIT\trunk\EWARM\FULL_DEBUG_HW_MP28947_GD32F4xx\Obj\LwIP_6171225858623166285.dir\magic.o
#        C:\Progetti\SVN_Repos\SCAME_GD_RED\SCAME_CONTROL_UNIT\trunk\EWARM\FULL_DEBUG_HW_MP28947_GD32F4xx\Obj\User_8454777428142420917.dir\main.o
#        C:\Progetti\SVN_Repos\SCAME_GD_RED\SCAME_CONTROL_UNIT\trunk\EWARM\FULL_DEBUG_HW_MP28947_GD32F4xx\Obj\LwIP_6171225858623166285.dir\mem.o
#        C:\Progetti\SVN_Repos\SCAME_GD_RED\SCAME_CONTROL_UNIT\trunk\EWARM\FULL_DEBUG_HW_MP28947_GD32F4xx\Obj\LwIP_6171225858623166285.dir\memp.o
#        C:\Progetti\SVN_Repos\SCAME_GD_RED\SCAME_CONTROL_UNIT\trunk\EWARM\FULL_DEBUG_HW_MP28947_GD32F4xx\Obj\drivers_16975236927657979372.dir\metrology.o
#        C:\Progetti\SVN_Repos\SCAME_GD_RED\SCAME_CONTROL_UNIT\trunk\EWARM\FULL_DEBUG_HW_MP28947_GD32F4xx\Obj\drivers_16975236927657979372.dir\metrology_hal.o
#        C:\Progetti\SVN_Repos\SCAME_GD_RED\SCAME_CONTROL_UNIT\trunk\EWARM\FULL_DEBUG_HW_MP28947_GD32F4xx\Obj\drivers_16975236927657979372.dir\metrology_usart.o
#        C:\Progetti\SVN_Repos\SCAME_GD_RED\SCAME_CONTROL_UNIT\trunk\EWARM\FULL_DEBUG_HW_MP28947_GD32F4xx\Obj\tasks_1956869968293006108.dir\metroTask.o
#        C:\Progetti\SVN_Repos\SCAME_GD_RED\SCAME_CONTROL_UNIT\trunk\EWARM\FULL_DEBUG_HW_MP28947_GD32F4xx\Obj\LwIP_6171225858623166285.dir\mld6.o
#        C:\Progetti\SVN_Repos\SCAME_GD_RED\SCAME_CONTROL_UNIT\trunk\EWARM\FULL_DEBUG_HW_MP28947_GD32F4xx\Obj\modbus_13286613698497292636.dir\modbus.o
#        C:\Progetti\SVN_Repos\SCAME_GD_RED\SCAME_CONTROL_UNIT\trunk\EWARM\FULL_DEBUG_HW_MP28947_GD32F4xx\Obj\modbus_13286613698497292636.dir\modbus_tcp.o
#        C:\Progetti\SVN_Repos\SCAME_GD_RED\SCAME_CONTROL_UNIT\trunk\EWARM\FULL_DEBUG_HW_MP28947_GD32F4xx\Obj\coreApp_9882234266214708374.dir\monitorMng.o
#        C:\Progetti\SVN_Repos\SCAME_GD_RED\SCAME_CONTROL_UNIT\trunk\EWARM\FULL_DEBUG_HW_MP28947_GD32F4xx\Obj\LwIP_6171225858623166285.dir\mppe.o
#        C:\Progetti\SVN_Repos\SCAME_GD_RED\SCAME_CONTROL_UNIT\trunk\EWARM\FULL_DEBUG_HW_MP28947_GD32F4xx\Obj\LwIP_6171225858623166285.dir\mqtt.o
#        C:\Progetti\SVN_Repos\SCAME_GD_RED\SCAME_CONTROL_UNIT\trunk\EWARM\FULL_DEBUG_HW_MP28947_GD32F4xx\Obj\LwIP_6171225858623166285.dir\multilink.o
#        C:\Progetti\SVN_Repos\SCAME_GD_RED\SCAME_CONTROL_UNIT\trunk\EWARM\FULL_DEBUG_HW_MP28947_GD32F4xx\Obj\LwIP_6171225858623166285.dir\nd6.o
#        C:\Progetti\SVN_Repos\SCAME_GD_RED\SCAME_CONTROL_UNIT\trunk\EWARM\FULL_DEBUG_HW_MP28947_GD32F4xx\Obj\LwIP_6171225858623166285.dir\netbuf.o
#        C:\Progetti\SVN_Repos\SCAME_GD_RED\SCAME_CONTROL_UNIT\trunk\EWARM\FULL_DEBUG_HW_MP28947_GD32F4xx\Obj\LwIP_6171225858623166285.dir\netdb.o
#        C:\Progetti\SVN_Repos\SCAME_GD_RED\SCAME_CONTROL_UNIT\trunk\EWARM\FULL_DEBUG_HW_MP28947_GD32F4xx\Obj\LwIP_6171225858623166285.dir\netif.o
#        C:\Progetti\SVN_Repos\SCAME_GD_RED\SCAME_CONTROL_UNIT\trunk\EWARM\FULL_DEBUG_HW_MP28947_GD32F4xx\Obj\LwIP_6171225858623166285.dir\netifapi.o
#        C:\Progetti\SVN_Repos\SCAME_GD_RED\SCAME_CONTROL_UNIT\trunk\EWARM\FULL_DEBUG_HW_MP28947_GD32F4xx\Obj\LwIP_6171225858623166285.dir\pbuf.o
#        C:\Progetti\SVN_Repos\SCAME_GD_RED\SCAME_CONTROL_UNIT\trunk\EWARM\FULL_DEBUG_HW_MP28947_GD32F4xx\Obj\stationMng_507230474648503890.dir\PersMng.o
#        C:\Progetti\SVN_Repos\SCAME_GD_RED\SCAME_CONTROL_UNIT\trunk\EWARM\FULL_DEBUG_HW_MP28947_GD32F4xx\Obj\stationMng_507230474648503890.dir\PilotMng.o
#        C:\Progetti\SVN_Repos\SCAME_GD_RED\SCAME_CONTROL_UNIT\trunk\EWARM\FULL_DEBUG_HW_MP28947_GD32F4xx\Obj\FreeRTOS_4809373609813369194.dir\port.o
#        C:\Progetti\SVN_Repos\SCAME_GD_RED\SCAME_CONTROL_UNIT\trunk\EWARM\FULL_DEBUG_HW_MP28947_GD32F4xx\Obj\FreeRTOS_4809373609813369194.dir\portasm.o
#        C:\Progetti\SVN_Repos\SCAME_GD_RED\SCAME_CONTROL_UNIT\trunk\EWARM\FULL_DEBUG_HW_MP28947_GD32F4xx\Obj\LwIP_6171225858623166285.dir\ppp.o
#        C:\Progetti\SVN_Repos\SCAME_GD_RED\SCAME_CONTROL_UNIT\trunk\EWARM\FULL_DEBUG_HW_MP28947_GD32F4xx\Obj\LwIP_6171225858623166285.dir\pppapi.o
#        C:\Progetti\SVN_Repos\SCAME_GD_RED\SCAME_CONTROL_UNIT\trunk\EWARM\FULL_DEBUG_HW_MP28947_GD32F4xx\Obj\LwIP_6171225858623166285.dir\pppcrypt.o
#        C:\Progetti\SVN_Repos\SCAME_GD_RED\SCAME_CONTROL_UNIT\trunk\EWARM\FULL_DEBUG_HW_MP28947_GD32F4xx\Obj\LwIP_6171225858623166285.dir\pppoe.o
#        C:\Progetti\SVN_Repos\SCAME_GD_RED\SCAME_CONTROL_UNIT\trunk\EWARM\FULL_DEBUG_HW_MP28947_GD32F4xx\Obj\LwIP_6171225858623166285.dir\pppol2tp.o
#        C:\Progetti\SVN_Repos\SCAME_GD_RED\SCAME_CONTROL_UNIT\trunk\EWARM\FULL_DEBUG_HW_MP28947_GD32F4xx\Obj\LwIP_6171225858623166285.dir\pppos.o
#        C:\Progetti\SVN_Repos\SCAME_GD_RED\SCAME_CONTROL_UNIT\trunk\EWARM\FULL_DEBUG_HW_MP28947_GD32F4xx\Obj\Protocol_16990505445836233132.dir\prot_OnUsart.o
#        C:\Progetti\SVN_Repos\SCAME_GD_RED\SCAME_CONTROL_UNIT\trunk\EWARM\FULL_DEBUG_HW_MP28947_GD32F4xx\Obj\stationMng_507230474648503890.dir\PwmMng.o
#        C:\Progetti\SVN_Repos\SCAME_GD_RED\SCAME_CONTROL_UNIT\trunk\EWARM\FULL_DEBUG_HW_MP28947_GD32F4xx\Obj\FreeRTOS_4809373609813369194.dir\queue.o
#        C:\Progetti\SVN_Repos\SCAME_GD_RED\SCAME_CONTROL_UNIT\trunk\EWARM\FULL_DEBUG_HW_MP28947_GD32F4xx\Obj\LwIP_6171225858623166285.dir\raw.o
#        C:\Progetti\SVN_Repos\SCAME_GD_RED\SCAME_CONTROL_UNIT\trunk\EWARM\FULL_DEBUG_HW_MP28947_GD32F4xx\Obj\stationMng_507230474648503890.dir\RfidMng.o
#        C:\Progetti\SVN_Repos\SCAME_GD_RED\SCAME_CONTROL_UNIT\trunk\EWARM\FULL_DEBUG_HW_MP28947_GD32F4xx\Obj\BSP_3794911361316221405.dir\rtcApi.o
#        C:\Progetti\SVN_Repos\SCAME_GD_RED\SCAME_CONTROL_UNIT\trunk\EWARM\FULL_DEBUG_HW_MP28947_GD32F4xx\Obj\Protocol_16990505445836233132.dir\sbcGsy.o
#        C:\Progetti\SVN_Repos\SCAME_GD_RED\SCAME_CONTROL_UNIT\trunk\EWARM\FULL_DEBUG_HW_MP28947_GD32F4xx\Obj\Protocol_16990505445836233132.dir\sbcSem.o
#        C:\Progetti\SVN_Repos\SCAME_GD_RED\SCAME_CONTROL_UNIT\trunk\EWARM\FULL_DEBUG_HW_MP28947_GD32F4xx\Obj\Protocol_16990505445836233132.dir\sbcUart.o
#        C:\Progetti\SVN_Repos\SCAME_GD_RED\SCAME_CONTROL_UNIT\trunk\EWARM\FULL_DEBUG_HW_MP28947_GD32F4xx\Obj\Protocol_16990505445836233132.dir\scheduleMng.o
#        C:\Progetti\SVN_Repos\SCAME_GD_RED\SCAME_CONTROL_UNIT\trunk\EWARM\FULL_DEBUG_HW_MP28947_GD32F4xx\Obj\Protocol_16990505445836233132.dir\scuMdb.o
#        C:\Progetti\SVN_Repos\SCAME_GD_RED\SCAME_CONTROL_UNIT\trunk\EWARM\FULL_DEBUG_HW_MP28947_GD32F4xx\Obj\BSP_3794911361316221405.dir\secure_area.o
#        C:\Progetti\SVN_Repos\SCAME_GD_RED\SCAME_CONTROL_UNIT\trunk\EWARM\FULL_DEBUG_HW_MP28947_GD32F4xx\Obj\LwIP_6171225858623166285.dir\slipif.o
#        C:\Progetti\SVN_Repos\SCAME_GD_RED\SCAME_CONTROL_UNIT\trunk\EWARM\FULL_DEBUG_HW_MP28947_GD32F4xx\Obj\coreApp_9882234266214708374.dir\snapsi.o
#        C:\Progetti\SVN_Repos\SCAME_GD_RED\SCAME_CONTROL_UNIT\trunk\EWARM\FULL_DEBUG_HW_MP28947_GD32F4xx\Obj\LwIP_6171225858623166285.dir\sockets.o
#        C:\Progetti\SVN_Repos\SCAME_GD_RED\SCAME_CONTROL_UNIT\trunk\EWARM\FULL_DEBUG_HW_MP28947_GD32F4xx\Obj\EWARM_18443280873093131863.dir\startup_stm32f427xx.o
#        C:\Progetti\SVN_Repos\SCAME_GD_RED\SCAME_CONTROL_UNIT\trunk\EWARM\FULL_DEBUG_HW_MP28947_GD32F4xx\Obj\LwIP_6171225858623166285.dir\stats.o
#        C:\Progetti\SVN_Repos\SCAME_GD_RED\SCAME_CONTROL_UNIT\trunk\EWARM\FULL_DEBUG_HW_MP28947_GD32F4xx\Obj\STM32F4xx_HAL_Driver_1244631019742807970.dir\stm32f4xx_hal.o
#        C:\Progetti\SVN_Repos\SCAME_GD_RED\SCAME_CONTROL_UNIT\trunk\EWARM\FULL_DEBUG_HW_MP28947_GD32F4xx\Obj\STM32F4xx_HAL_Driver_1244631019742807970.dir\stm32f4xx_hal_adc.o
#        C:\Progetti\SVN_Repos\SCAME_GD_RED\SCAME_CONTROL_UNIT\trunk\EWARM\FULL_DEBUG_HW_MP28947_GD32F4xx\Obj\STM32F4xx_HAL_Driver_1244631019742807970.dir\stm32f4xx_hal_adc_ex.o
#        C:\Progetti\SVN_Repos\SCAME_GD_RED\SCAME_CONTROL_UNIT\trunk\EWARM\FULL_DEBUG_HW_MP28947_GD32F4xx\Obj\STM32F4xx_HAL_Driver_1244631019742807970.dir\stm32f4xx_hal_cortex.o
#        C:\Progetti\SVN_Repos\SCAME_GD_RED\SCAME_CONTROL_UNIT\trunk\EWARM\FULL_DEBUG_HW_MP28947_GD32F4xx\Obj\STM32F4xx_HAL_Driver_1244631019742807970.dir\stm32f4xx_hal_crc.o
#        C:\Progetti\SVN_Repos\SCAME_GD_RED\SCAME_CONTROL_UNIT\trunk\EWARM\FULL_DEBUG_HW_MP28947_GD32F4xx\Obj\STM32F4xx_HAL_Driver_1244631019742807970.dir\stm32f4xx_hal_dac.o
#        C:\Progetti\SVN_Repos\SCAME_GD_RED\SCAME_CONTROL_UNIT\trunk\EWARM\FULL_DEBUG_HW_MP28947_GD32F4xx\Obj\STM32F4xx_HAL_Driver_1244631019742807970.dir\stm32f4xx_hal_dac_ex.o
#        C:\Progetti\SVN_Repos\SCAME_GD_RED\SCAME_CONTROL_UNIT\trunk\EWARM\FULL_DEBUG_HW_MP28947_GD32F4xx\Obj\STM32F4xx_HAL_Driver_1244631019742807970.dir\stm32f4xx_hal_dma.o
#        C:\Progetti\SVN_Repos\SCAME_GD_RED\SCAME_CONTROL_UNIT\trunk\EWARM\FULL_DEBUG_HW_MP28947_GD32F4xx\Obj\STM32F4xx_HAL_Driver_1244631019742807970.dir\stm32f4xx_hal_dma_ex.o
#        C:\Progetti\SVN_Repos\SCAME_GD_RED\SCAME_CONTROL_UNIT\trunk\EWARM\FULL_DEBUG_HW_MP28947_GD32F4xx\Obj\STM32F4xx_HAL_Driver_1244631019742807970.dir\stm32f4xx_hal_eth.o
#        C:\Progetti\SVN_Repos\SCAME_GD_RED\SCAME_CONTROL_UNIT\trunk\EWARM\FULL_DEBUG_HW_MP28947_GD32F4xx\Obj\STM32F4xx_HAL_Driver_1244631019742807970.dir\stm32f4xx_hal_exti.o
#        C:\Progetti\SVN_Repos\SCAME_GD_RED\SCAME_CONTROL_UNIT\trunk\EWARM\FULL_DEBUG_HW_MP28947_GD32F4xx\Obj\STM32F4xx_HAL_Driver_1244631019742807970.dir\stm32f4xx_hal_flash.o
#        C:\Progetti\SVN_Repos\SCAME_GD_RED\SCAME_CONTROL_UNIT\trunk\EWARM\FULL_DEBUG_HW_MP28947_GD32F4xx\Obj\STM32F4xx_HAL_Driver_1244631019742807970.dir\stm32f4xx_hal_flash_ex.o
#        C:\Progetti\SVN_Repos\SCAME_GD_RED\SCAME_CONTROL_UNIT\trunk\EWARM\FULL_DEBUG_HW_MP28947_GD32F4xx\Obj\STM32F4xx_HAL_Driver_1244631019742807970.dir\stm32f4xx_hal_gpio.o
#        C:\Progetti\SVN_Repos\SCAME_GD_RED\SCAME_CONTROL_UNIT\trunk\EWARM\FULL_DEBUG_HW_MP28947_GD32F4xx\Obj\STM32F4xx_HAL_Driver_1244631019742807970.dir\stm32f4xx_hal_i2c.o
#        C:\Progetti\SVN_Repos\SCAME_GD_RED\SCAME_CONTROL_UNIT\trunk\EWARM\FULL_DEBUG_HW_MP28947_GD32F4xx\Obj\STM32F4xx_HAL_Driver_1244631019742807970.dir\stm32f4xx_hal_i2c_ex.o
#        C:\Progetti\SVN_Repos\SCAME_GD_RED\SCAME_CONTROL_UNIT\trunk\EWARM\FULL_DEBUG_HW_MP28947_GD32F4xx\Obj\STM32F4xx_HAL_Driver_1244631019742807970.dir\stm32f4xx_hal_iwdg.o
#        C:\Progetti\SVN_Repos\SCAME_GD_RED\SCAME_CONTROL_UNIT\trunk\EWARM\FULL_DEBUG_HW_MP28947_GD32F4xx\Obj\User_8454777428142420917.dir\stm32f4xx_hal_msp_MP28947.o
#        C:\Progetti\SVN_Repos\SCAME_GD_RED\SCAME_CONTROL_UNIT\trunk\EWARM\FULL_DEBUG_HW_MP28947_GD32F4xx\Obj\STM32F4xx_HAL_Driver_1244631019742807970.dir\stm32f4xx_hal_pwr.o
#        C:\Progetti\SVN_Repos\SCAME_GD_RED\SCAME_CONTROL_UNIT\trunk\EWARM\FULL_DEBUG_HW_MP28947_GD32F4xx\Obj\STM32F4xx_HAL_Driver_1244631019742807970.dir\stm32f4xx_hal_pwr_ex.o
#        C:\Progetti\SVN_Repos\SCAME_GD_RED\SCAME_CONTROL_UNIT\trunk\EWARM\FULL_DEBUG_HW_MP28947_GD32F4xx\Obj\STM32F4xx_HAL_Driver_1244631019742807970.dir\stm32f4xx_hal_qspi.o
#        C:\Progetti\SVN_Repos\SCAME_GD_RED\SCAME_CONTROL_UNIT\trunk\EWARM\FULL_DEBUG_HW_MP28947_GD32F4xx\Obj\STM32F4xx_HAL_Driver_1244631019742807970.dir\stm32f4xx_hal_rcc.o
#        C:\Progetti\SVN_Repos\SCAME_GD_RED\SCAME_CONTROL_UNIT\trunk\EWARM\FULL_DEBUG_HW_MP28947_GD32F4xx\Obj\STM32F4xx_HAL_Driver_1244631019742807970.dir\stm32f4xx_hal_rcc_ex.o
#        C:\Progetti\SVN_Repos\SCAME_GD_RED\SCAME_CONTROL_UNIT\trunk\EWARM\FULL_DEBUG_HW_MP28947_GD32F4xx\Obj\STM32F4xx_HAL_Driver_1244631019742807970.dir\stm32f4xx_hal_rtc.o
#        C:\Progetti\SVN_Repos\SCAME_GD_RED\SCAME_CONTROL_UNIT\trunk\EWARM\FULL_DEBUG_HW_MP28947_GD32F4xx\Obj\STM32F4xx_HAL_Driver_1244631019742807970.dir\stm32f4xx_hal_rtc_ex.o
#        C:\Progetti\SVN_Repos\SCAME_GD_RED\SCAME_CONTROL_UNIT\trunk\EWARM\FULL_DEBUG_HW_MP28947_GD32F4xx\Obj\STM32F4xx_HAL_Driver_1244631019742807970.dir\stm32f4xx_hal_spi.o
#        C:\Progetti\SVN_Repos\SCAME_GD_RED\SCAME_CONTROL_UNIT\trunk\EWARM\FULL_DEBUG_HW_MP28947_GD32F4xx\Obj\STM32F4xx_HAL_Driver_1244631019742807970.dir\stm32f4xx_hal_tim.o
#        C:\Progetti\SVN_Repos\SCAME_GD_RED\SCAME_CONTROL_UNIT\trunk\EWARM\FULL_DEBUG_HW_MP28947_GD32F4xx\Obj\STM32F4xx_HAL_Driver_1244631019742807970.dir\stm32f4xx_hal_tim_ex.o
#        C:\Progetti\SVN_Repos\SCAME_GD_RED\SCAME_CONTROL_UNIT\trunk\EWARM\FULL_DEBUG_HW_MP28947_GD32F4xx\Obj\STM32F4xx_HAL_Driver_1244631019742807970.dir\stm32f4xx_hal_uart.o
#        C:\Progetti\SVN_Repos\SCAME_GD_RED\SCAME_CONTROL_UNIT\trunk\EWARM\FULL_DEBUG_HW_MP28947_GD32F4xx\Obj\STM32F4xx_HAL_Driver_1244631019742807970.dir\stm32f4xx_hal_usart.o
#        C:\Progetti\SVN_Repos\SCAME_GD_RED\SCAME_CONTROL_UNIT\trunk\EWARM\FULL_DEBUG_HW_MP28947_GD32F4xx\Obj\User_8454777428142420917.dir\stm32f4xx_it.o
#        C:\Progetti\SVN_Repos\SCAME_GD_RED\SCAME_CONTROL_UNIT\trunk\EWARM\FULL_DEBUG_HW_MP28947_GD32F4xx\Obj\User_8454777428142420917.dir\stm32f4xx_periph_init_MP28947.o
#        C:\Progetti\SVN_Repos\SCAME_GD_RED\SCAME_CONTROL_UNIT\trunk\EWARM\FULL_DEBUG_HW_MP28947_GD32F4xx\Obj\wifi_3262316034850308010.dir\stream.o
#        C:\Progetti\SVN_Repos\SCAME_GD_RED\SCAME_CONTROL_UNIT\trunk\EWARM\FULL_DEBUG_HW_MP28947_GD32F4xx\Obj\FreeRTOS_4809373609813369194.dir\stream_buffer.o
#        C:\Progetti\SVN_Repos\SCAME_GD_RED\SCAME_CONTROL_UNIT\trunk\EWARM\FULL_DEBUG_HW_MP28947_GD32F4xx\Obj\LwIP_6171225858623166285.dir\sys.o
#        C:\Progetti\SVN_Repos\SCAME_GD_RED\SCAME_CONTROL_UNIT\trunk\EWARM\FULL_DEBUG_HW_MP28947_GD32F4xx\Obj\LwIP_6171225858623166285.dir\sys_arch.o
#        C:\Progetti\SVN_Repos\SCAME_GD_RED\SCAME_CONTROL_UNIT\trunk\EWARM\FULL_DEBUG_HW_MP28947_GD32F4xx\Obj\CMSIS_6603591812247902717.dir\system_stm32f4xx.o
#        C:\Progetti\SVN_Repos\SCAME_GD_RED\SCAME_CONTROL_UNIT\trunk\EWARM\FULL_DEBUG_HW_MP28947_GD32F4xx\Obj\FreeRTOS_4809373609813369194.dir\tasks.o
#        C:\Progetti\SVN_Repos\SCAME_GD_RED\SCAME_CONTROL_UNIT\trunk\EWARM\FULL_DEBUG_HW_MP28947_GD32F4xx\Obj\LwIP_6171225858623166285.dir\tcp.o
#        C:\Progetti\SVN_Repos\SCAME_GD_RED\SCAME_CONTROL_UNIT\trunk\EWARM\FULL_DEBUG_HW_MP28947_GD32F4xx\Obj\LwIP_6171225858623166285.dir\tcp_in.o
#        C:\Progetti\SVN_Repos\SCAME_GD_RED\SCAME_CONTROL_UNIT\trunk\EWARM\FULL_DEBUG_HW_MP28947_GD32F4xx\Obj\LwIP_6171225858623166285.dir\tcp_out.o
#        C:\Progetti\SVN_Repos\SCAME_GD_RED\SCAME_CONTROL_UNIT\trunk\EWARM\FULL_DEBUG_HW_MP28947_GD32F4xx\Obj\webServer_11162101747046879916.dir\TCP_socket.o
#        C:\Progetti\SVN_Repos\SCAME_GD_RED\SCAME_CONTROL_UNIT\trunk\EWARM\FULL_DEBUG_HW_MP28947_GD32F4xx\Obj\LwIP_6171225858623166285.dir\tcpip.o
#        C:\Progetti\SVN_Repos\SCAME_GD_RED\SCAME_CONTROL_UNIT\trunk\EWARM\FULL_DEBUG_HW_MP28947_GD32F4xx\Obj\Protocol_16990505445836233132.dir\telnet.o
#        C:\Progetti\SVN_Repos\SCAME_GD_RED\SCAME_CONTROL_UNIT\trunk\EWARM\FULL_DEBUG_HW_MP28947_GD32F4xx\Obj\LwIP_6171225858623166285.dir\timeouts.o
#        C:\Progetti\SVN_Repos\SCAME_GD_RED\SCAME_CONTROL_UNIT\trunk\EWARM\FULL_DEBUG_HW_MP28947_GD32F4xx\Obj\FreeRTOS_4809373609813369194.dir\timers.o
#        C:\Progetti\SVN_Repos\SCAME_GD_RED\SCAME_CONTROL_UNIT\trunk\EWARM\FULL_DEBUG_HW_MP28947_GD32F4xx\Obj\app_8634845462321782417.dir\transaction_register.o
#        C:\Progetti\SVN_Repos\SCAME_GD_RED\SCAME_CONTROL_UNIT\trunk\EWARM\FULL_DEBUG_HW_MP28947_GD32F4xx\Obj\LIB_UART_DBG_4451214714449946012.dir\uartDbg.o
#        C:\Progetti\SVN_Repos\SCAME_GD_RED\SCAME_CONTROL_UNIT\trunk\EWARM\FULL_DEBUG_HW_MP28947_GD32F4xx\Obj\LwIP_6171225858623166285.dir\udp.o
#        C:\Progetti\SVN_Repos\SCAME_GD_RED\SCAME_CONTROL_UNIT\trunk\EWARM\FULL_DEBUG_HW_MP28947_GD32F4xx\Obj\LwIP_6171225858623166285.dir\upap.o
#        C:\Progetti\SVN_Repos\SCAME_GD_RED\SCAME_CONTROL_UNIT\trunk\EWARM\FULL_DEBUG_HW_MP28947_GD32F4xx\Obj\wifi_3262316034850308010.dir\usart_esp32.o
#        C:\Progetti\SVN_Repos\SCAME_GD_RED\SCAME_CONTROL_UNIT\trunk\EWARM\FULL_DEBUG_HW_MP28947_GD32F4xx\Obj\LwIP_6171225858623166285.dir\utils.o
#        C:\Progetti\SVN_Repos\SCAME_GD_RED\SCAME_CONTROL_UNIT\trunk\EWARM\FULL_DEBUG_HW_MP28947_GD32F4xx\Obj\LwIP_6171225858623166285.dir\vj.o
#        C:\Progetti\SVN_Repos\SCAME_GD_RED\SCAME_CONTROL_UNIT\trunk\EWARM\FULL_DEBUG_HW_MP28947_GD32F4xx\Obj\wifi_3262316034850308010.dir\wifi.o
#        C:\Progetti\SVN_Repos\SCAME_GD_RED\SCAME_CONTROL_UNIT\trunk\EWARM\FULL_DEBUG_HW_MP28947_GD32F4xx\Obj\wifi_3262316034850308010.dir\wifi_esp32.o
#        C:\Progetti\SVN_Repos\SCAME_GD_RED\SCAME_CONTROL_UNIT\trunk\EWARM\FULL_DEBUG_HW_MP28947_GD32F4xx\Obj\BSP_3794911361316221405.dir\wrapper.o
#        C:\Progetti\SVN_Repos\SCAME_GD_RED\SCAME_CONTROL_UNIT\trunk\EWARM\FULL_DEBUG_HW_MP28947_GD32F4xx\Obj\LwIP_6171225858623166285.dir\zepif.o
#        --redirect _Printf=_PrintfSmall --redirect _Scanf=_ScanfSmall
#        --no_out_extension -o
#        C:\Progetti\SVN_Repos\SCAME_GD_RED\SCAME_CONTROL_UNIT\trunk\EWARM\FULL_DEBUG_HW_MP28947_GD32F4xx\Exe\SCU-HW_MP28947-GD32.out
#        --map
#        C:\Progetti\SVN_Repos\SCAME_GD_RED\SCAME_CONTROL_UNIT\trunk\EWARM\FULL_DEBUG_HW_MP28947_GD32F4xx\List\SCU-HW_MP28947-GD32.map
#        --config
#        C:\Progetti\SVN_Repos\SCAME_GD_RED\SCAME_CONTROL_UNIT\trunk\EWARM\SCU_GD32F470xG_boot.icf
#        --semihosting --entry __iar_program_start --vfe --text_out locale
#        --advanced_heap --cpu=Cortex-M4 --fpu=VFPv4_sp) --dependencies=n
#        C:\Progetti\SVN_Repos\SCAME_GD_RED\SCAME_CONTROL_UNIT\trunk\EWARM\FULL_DEBUG_HW_MP28947_GD32F4xx\Exe\SCU-HW_MP28947-GD32.out.iar_deps
#
###############################################################################

*******************************************************************************
*** RUNTIME MODEL ATTRIBUTES
***

CppFlavor       = *
__CPP_Runtime   = 1
__Heap_Handler  = DLMalloc
__SystemLibrary = DLib
__dlib_version  = 6


*******************************************************************************
*** HEAP SELECTION
***

The advanced heap was selected because of --advanced_heap.


*******************************************************************************
*** PLACEMENT SUMMARY
***

"A0":  place at address 0x800'c000 { ro section .intvec };
"P1":  place in [from 0x800'c000 to 0x80f'ffff] { ro };
define block CSTACK with size = 4K, alignment = 8 { };
define block HEAP with size = 80K, alignment = 8 { };
"P2":  place in [from 0x2000'0000 to 0x2006'ffff] {
          rw, block CSTACK, block HEAP };
"P5":  place in [from 0x4002'4000 to 0x4002'4fff] { rw section .bkpsram };
"P6":  place in [from 0x800'8000 to 0x800'bfff] { section .secure_area };
initialize by copy { rw };

No sections matched the following patterns:

  section .ccmram  in "P3-P4"
  section .sram    in "P3-P4"


  Section                 Kind         Address  Alignment      Size  Object
  -------                 ----         -------  ---------      ----  ------
"P6":                                                         0xee0
  .secure_area            zero      0x800'8000          4     0xee0  secure_area.o [1]
                                  - 0x800'8ee0                0xee0

"A0":                                                         0x1ac
  .intvec                 ro code   0x800'c000          4     0x1ac  startup_stm32f427xx.o [4]
                                  - 0x800'c1ac                0x1ac

"P1", part 1 of 2:                                            0x56f
  .text                   ro code   0x800'c1ac          2       0xa  xsprout.o [23]
  .rodata                 const     0x800'c1b6          2       0x2  LcdMng.o [19]
  Initializer bytes       const     0x800'c1b8                0x563  <for P2-1>
                                  - 0x800'c71b                0x56f

Absolute sections, part 1 of 2:                                0x40
  .rodata                 const     0x800'd000                 0x40  fwChecksum.o [13]
                                  - 0x800'd040                 0x40

"P1", part 2 of 2:                                         0x8'6778
  .text                   ro code   0x800'd040          4    0x8db8  httpserver-socket.o [21]
  .text                   ro code   0x801'5df8          2      0x2a  strncmp.o [23]
  .text                   ro code   0x801'5e22          2      0x7e  lz77_init_single.o [26]
  .text                   ro code   0x801'5ea0          4     0x712  mem.o [9]
  .text                   ro code   0x801'65b2          2      0x26  xencoding_8859_1.o [23]
  .text                   ro code   0x801'65d8          4    0x1506  tcp.o [9]
  .text                   ro code   0x801'7ade          2      0x1e  xsscin.o [23]
  .text                   ro code   0x801'7afc          4    0x196c  tcp_out.o [9]
  .text                   ro code   0x801'9468          4    0x3338  wrapper.o [1]
  .text                   ro code   0x801'c7a0          2      0x1e  strcat.o [23]
  .text                   ro code   0x801'c7be          2      0x1a  cmox_md.c.o [24]
  .text                   ro code   0x801'c7d8          4     0x906  configurator.o [21]
  .text                   ro code   0x801'd0de          2      0x1a  xsnprout.o [23]
  .text                   ro code   0x801'd0f8          4    0x4bfa  telnet.o [10]
  .text                   ro code   0x802'1cf2          2      0x16  cmox_math.c.o [24]
  .text                   ro code   0x802'1d08          4     0xd0c  cmsis_os2.o [5]
  .text                   ro code   0x802'2a14          4      0x4c  fs.o [21]
  .text                   ro code   0x802'2a60          4     0x842  rtcApi.o [1]
  .text                   ro code   0x802'32a4          4      0x18  strcpy.o [26]
  .text                   ro code   0x802'32bc          4    0x15f4  dlmalloc.o [23]
  .text                   ro code   0x802'48b0          4      0x36  strlen.o [26]
  .text                   ro code   0x802'48e8          4     0x7bc  secure_area.o [1]
  .text                   ro code   0x802'50a4          4      0xa6  ABImemcpy.o [26]
  .text                   ro code   0x802'514a          2      0x2c  strstr.o [23]
  .rodata                 const     0x802'5176          2       0x2  LcdMng.o [19]
  .text                   ro code   0x802'5178          4    0x1472  eeprom.o [1]
  .rodata                 const     0x802'65ea          2       0x2  LcdMng.o [19]
  .text                   ro code   0x802'65ec          4      0x66  ABImemset.o [26]
  .rodata                 const     0x802'6652          2       0x2  LcdMng.o [19]
  .text                   ro code   0x802'6654          4    0x29c4  LcdMng.o [19]
  .text                   ro code   0x802'9018          4    0x2b44  Em_Task.o [6]
  .text                   ro code   0x802'bb5c          4    0x4146  EvsMng.o [19]
  .rodata                 const     0x802'fca2          2       0x2  LcdMng.o [19]
  .text                   ro code   0x802'fca4          4    0x412c  scuMdb.o [10]
  .text                   ro code   0x803'3dd0          4     0x1f0  ethInitTask.o [15]
  .text                   ro code   0x803'3fc0          4     0x9d4  pbuf.o [9]
  .text                   ro code   0x803'4994          2       0xa  isdigit.o [23]
  .rodata                 const     0x803'499e          2       0x2  LcdMng.o [19]
  .text                   ro code   0x803'49a0          4     0x142  iar_Stoulx.o [23]
  .rodata                 const     0x803'4ae2          2       0x2  LcdMng.o [19]
  .text                   ro code   0x803'4ae4          4    0x3fb0  sbcSem.o [10]
  .text                   ro code   0x803'8a94          4    0x17fc  main.o [12]
  .text                   ro code   0x803'a290          4      0x40  sprintf.o [23]
  .text                   ro code   0x803'a2d0          4      0x70  strncpy.o [26]
  .text                   ro code   0x803'a340          4    0x21e4  app_emob.o [14]
  .text                   ro code   0x803'c524          4      0xa0  snapsi.o [15]
  .text                   ro code   0x803'c5c4          4     0xa6c  RfidMng.o [19]
  .text                   ro code   0x803'd030          4      0xa6  iar_Stollx.o [23]
  .rodata                 const     0x803'd0d6          2       0x2  LcdMng.o [19]
  .text                   ro code   0x803'd0d8          4     0x76c  ledMng.o [15]
  .text                   ro code   0x803'd844          4     0x4c6  stm32f4xx_hal_rtc_ex.o [11]
  .rodata                 const     0x803'dd0a          2       0x2  LcdMng.o [19]
  .text                   ro code   0x803'dd0c          4     0x5a0  ContactMng.o [19]
  .text                   ro code   0x803'e2ac          4     0xb68  adcTask.o [15]
  .text                   ro code   0x803'ee14          4     0x2cc  ioExp.o [15]
  .text                   ro code   0x803'f0e0          4    0x17bc  sbcGsy.o [10]
  .text                   ro code   0x804'089c          4     0x280  monitorMng.o [15]
  .text                   ro code   0x804'0b1c          4    0x1248  lcd.o [1]
  .text                   ro code   0x804'1d64          4     0x934  ExtFlash_stm32f4.o [3]
  .text                   ro code   0x804'2698          4      0x28  cmox_sha256.c.o [24]
  .text                   ro code   0x804'26c0          4      0x20  cmox_hash.c.o [24]
  .text                   ro code   0x804'26e0          4      0x24  cmox_hash.c.o [24]
  .text                   ro code   0x804'2704          4      0x24  cmox_hash.c.o [24]
  .text                   ro code   0x804'2728          4      0x2c  cmox_ecc.c.o [24]
  .text                   ro code   0x804'2754          4     0x2e8  cmox_ecdsa.c.o [24]
  .text                   ro code   0x804'2a3c          2      0x18  cmox_ecc.c.o [24]
  .text                   ro code   0x804'2a54          4      0x20  cmox_hash.c.o [24]
  .text                   ro code   0x804'2a74          2       0x4  cmox_init.c.o [24]
  .text                   ro code   0x804'2a78          4     0x4bc  stm32f4xx_it.o [12]
  .text                   ro code   0x804'2f34          4     0x254  stm32f4xx_hal_cortex.o [11]
  .text                   ro code   0x804'3188          4     0x1b0  flash_if.o [12]
  .text                   ro code   0x804'3338          4      0x68  memcmp.o [26]
  .text                   ro code   0x804'33a0          4     0xdbc  queue.o [5]
  .text                   ro code   0x804'415c          4    0x1310  tasks.o [5]
  .text                   ro code   0x804'546c          4     0x62c  timers.o [5]
  .text                   ro code   0x804'5a98          4     0x286  i2c.o [3]
  .rodata                 const     0x804'5d1e          2       0x2  scuMdb.o [10]
  .text                   ro code   0x804'5d20          4     0xa26  prot_OnUsart.o [10]
  .rodata                 const     0x804'6746          2       0x2  xlocale_c.o [23]
  .text                   ro code   0x804'6748          4     0x150  strerror.o [23]
  .text                   ro code   0x804'6898          2      0x1e  isxdigit.o [23]
  .rodata                 const     0x804'68b6                  0x1  app_emob.o [14]
  .rodata                 const     0x804'68b7                  0x1  app_emob.o [14]
  .text                   ro code   0x804'68b8          4     0x144  sys_arch.o [9]
  .text                   ro code   0x804'69fc          4      0x98  rand.o [23]
  .text                   ro code   0x804'6a94          4     0x144  memp.o [9]
  .text                   ro code   0x804'6bd8          4    0x1bd4  tcp_in.o [9]
  .text                   ro code   0x804'87ac          4     0x218  timeouts.o [9]
  .text                   ro code   0x804'89c4          4     0x420  netif.o [9]
  .text                   ro code   0x804'8de4          4     0x404  ip4.o [9]
  .text                   ro code   0x804'91e8          2      0x2c  def.o [9]
  .text                   ro code   0x804'9214          4     0xd7c  inputsMng.o [15]
  .text                   ro code   0x804'9f90          4     0x4ac  stm32f4xx_hal_gpio.o [11]
  .text                   ro code   0x804'a43c          4     0xd1e  stm32f4xx_hal_tim.o [11]
  .rodata                 const     0x804'b15a                  0x1  LcdMng.o [19]
  .rodata                 const     0x804'b15b                  0x1  xlocale_c.o [23]
  .text                   ro code   0x804'b15c          4      0xf4  usart_esp32.o [22]
  .text                   ro code   0x804'b250          4     0x2f8  transaction_register.o [14]
  .text                   ro code   0x804'b548          4     0x5b8  scheduleMng.o [10]
  .text                   ro code   0x804'bb00          4     0x2a0  Event_log.o [19]
  .text                   ro code   0x804'bda0          4      0xe0  mktime64.o [23]
  .text                   ro code   0x804'be80          4     0x428  stm32f4xx_hal_flash_ex.o [11]
  .text                   ro code   0x804'c2a8          4     0x280  stm32f4xx_hal_flash.o [11]
  .text                   ro code   0x804'c528          2      0x90  iar_Stolx.o [23]
  .text                   ro code   0x804'c5b8          4      0x16  strchr.o [26]
  .rodata                 const     0x804'c5ce                  0x1  xlocale_c.o [23]
  .text                   ro code   0x804'c5d0          4      0x12  strcmp.o [26]
  .text                   ro code   0x804'c5e4          4     0x824  hts.o [1]
  .text                   ro code   0x804'ce08          4     0x7e8  metroTask.o [20]
  .text                   ro code   0x804'd5f0          4    0x17a8  PersMng.o [19]
  .text                   ro code   0x804'ed98          4      0x28  sscanf.o [23]
  .text                   ro code   0x804'edc0          2      0x14  toupper.o [23]
  .text                   ro code   0x804'edd4          4      0x34  vsprintf.o [23]
  .text                   ro code   0x804'ee08          4     0x110  dbg_Task.o [8]
  .text                   ro code   0x804'ef18          4     0x394  event_groups.o [5]
  .text                   ro code   0x804'f2ac          2      0x20  localtim64.o [23]
  .text                   ro code   0x804'f2cc          4     0x420  stm32f4xx_hal_rtc.o [11]
  .text                   ro code   0x804'f6ec          4      0x1a  math_wrappers64.o [25]
  .text                   ro code   0x804'f708          4      0x22  DblToU32.o [25]
  .text                   ro code   0x804'f72c          4      0x28  asctime.o [23]
  .text                   ro code   0x804'f754          2       0x6  abort.o [23]
  .text                   ro code   0x804'f75c          4      0x2c  xgetmemchunk.o [23]
  .text                   ro code   0x804'f788          4       0x6  ABImemclr.o [26]
  .text                   ro code   0x804'f790          4       0x6  ABImemclr4.o [26]
  .text                   ro code   0x804'f798          4      0x80  cmox_init.c.o [24]
  .text                   ro code   0x804'f818          4      0x34  cmox_hash.c.o [24]
  .text                   ro code   0x804'f84c          4     0xd30  EnergyMng.o [19]
  .text                   ro code   0x805'057c          4    0x10fc  ExtInpMng.o [19]
  .text                   ro code   0x805'1678          4    0x179c  PwmMng.o [19]
  .text                   ro code   0x805'2e14          4     0x4e8  EvsTimeMng.o [19]
  .text                   ro code   0x805'32fc          2      0x28  strncat.o [23]
  .text                   ro code   0x805'3324          4     0x274  I64DivMod.o [26]
  .text                   ro code   0x805'3598          4    0x11fc  metrology_hal.o [16]
  .text                   ro code   0x805'4794          4     0x1ae  Em_Uart.o [6]
  .text                   ro code   0x805'4944          4     0x5d0  stm32f4xx_hal_dma.o [11]
  .text                   ro code   0x805'4f14          4     0xaf8  PilotMng.o [19]
  .text                   ro code   0x805'5a0c          4     0x876  BlockMng.o [19]
  .text                   ro code   0x805'6284          4       0x2  diffRiarm.o [19]
  .text                   ro code   0x805'6288          4      0x54  stm32f4xx_hal.o [11]
  .text                   ro code   0x805'62dc          4     0x38a  sbcUart.o [10]
  .text                   ro code   0x805'6668          4       0xc  stm32f4xx_hal.o [11]
  .text                   ro code   0x805'6674          4     0xde4  stm32f4xx_hal_uart.o [11]
  .text                   ro code   0x805'7458          4      0x1c  U32ToDbl.o [25]
  .text                   ro code   0x805'7474          4     0x1aa  DblMul.o [25]
  .text                   ro code   0x805'7620          4      0x36  DblToS32.o [25]
  .text                   ro code   0x805'7658          4     0x268  lwip.o [12]
  .text                   ro code   0x805'78c0          4     0x268  tcpip.o [9]
  .text                   ro code   0x805'7b28          2      0x14  isspace.o [23]
  .text                   ro code   0x805'7b3c          2      0x14  tolower.o [23]
  .text                   ro code   0x805'7b50          4      0x58  memchr.o [26]
  .text                   ro code   0x805'7ba8          4      0x44  errno.o [23]
  .text                   ro code   0x805'7bec          4     0x888  stm32f4xx_periph_init_MP28947.o [12]
  .text                   ro code   0x805'8474          4     0x1a0  AutotestMng.o [19]
  .text                   ro code   0x805'8614          4      0x28  stm32f4xx_hal.o [11]
  .text                   ro code   0x805'863c          4      0x48  crc.o [12]
  .text                   ro code   0x805'8684          4      0x98  stm32f4xx_hal_rcc.o [11]
  .text                   ro code   0x805'871c          4      0x40  stm32f4xx_hal_pwr.o [11]
  .text                   ro code   0x805'875c          4     0x3f0  stm32f4xx_hal_rcc.o [11]
  .text                   ro code   0x805'8b4c          4      0xb8  stm32f4xx_hal_pwr_ex.o [11]
  .text                   ro code   0x805'8c04          4      0x10  stm32f4xx_hal.o [11]
  .text                   ro code   0x805'8c14          4      0x10  stm32f4xx_hal.o [11]
  .text                   ro code   0x805'8c24          4      0x18  stm32f4xx_hal.o [11]
  .text                   ro code   0x805'8c3c          2      0x6a  stm32f4xx_hal_iwdg.o [11]
  .text                   ro code   0x805'8ca8          4     0x4fd  xprintfsmall.o [23]
  .text                   ro code   0x805'91a8          4      0x32  wifi.o [22]
  .text                   ro code   0x805'91dc          4     0xd56  stm32f4xx_hal_i2c.o [11]
  .text                   ro code   0x805'9f34          4     0x1ac  iar_Stoullx.o [23]
  .text                   ro code   0x805'a0e0          2       0x2  stm32f4xx_hal_rtc_ex.o [11]
  .text                   ro code   0x805'a0e2          2       0x2  stm32f4xx_hal_rtc_ex.o [11]
  .text                   ro code   0x805'a0e4          4     0xa6e  stm32f4xx_hal_adc.o [11]
  .text                   ro code   0x805'ab54          4     0x10c  stm32f4xx_hal_tim_ex.o [11]
  .text                   ro code   0x805'ac60          4      0x48  U64ToFlt.o [25]
  .text                   ro code   0x805'aca8          4      0x1e  sqrtf.o [25]
  .text                   ro code   0x805'acc8          4      0x22  S32ToDbl.o [25]
  .text                   ro code   0x805'acec          4     0x25e  DblAddSub.o [25]
  .text                   ro code   0x805'af4c          4     0x246  DblDiv.o [25]
  .text                   ro code   0x805'b194          4     0x210  port.o [5]
  .text                   ro code   0x805'b3a4          4     0x126  stm32f4xx_hal_dac.o [11]
  .text                   ro code   0x805'b4cc          4     0x818  stm32f4xx_hal_spi.o [11]
  .text                   ro code   0x805'bce4          2       0x8  cmox_md.c.o [24]
  .text                   ro code   0x805'bcec          2      0x16  cmox_membuf.c.o [24]
  .text                   ro code   0x805'bd02          2      0x32  cmox_bn.c.o [24]
  .text                   ro code   0x805'bd34          2      0x1c  cmox_ecc.c.o [24]
  .text                   ro code   0x805'bd50          2      0x16  cmox_bn.c.o [24]
  .text                   ro code   0x805'bd66          2      0x86  cmox_bn.c.o [24]
  .text                   ro code   0x805'bdec          2      0x2c  cmox_bn.c.o [24]
  .text                   ro code   0x805'be18          2      0x82  cmox_bn.c.o [24]
  .text                   ro code   0x805'be9a          2      0x10  cmox_ecc.c.o [24]
  .text                   ro code   0x805'beaa          2      0x10  cmox_math.c.o [24]
  .text                   ro code   0x805'beba          2      0x5c  cmox_ecc.c.o [24]
  .text                   ro code   0x805'bf16          2       0x6  cmox_ecc.c.o [24]
  .text                   ro code   0x805'bf1c          2      0x16  cmox_bn.c.o [24]
  .text                   ro code   0x805'bf32          2      0x56  cmox_math.c.o [24]
  .text                   ro code   0x805'bf88          2      0xfe  cmox_math.c.o [24]
  .text                   ro code   0x805'c086          2      0x46  cmox_math.c.o [24]
  .text                   ro code   0x805'c0cc          2      0x10  cmox_ecc.c.o [24]
  .text                   ro code   0x805'c0dc          2      0xb8  cmox_ecc.c.o [24]
  .text                   ro code   0x805'c194          2      0x1e  cmox_bn.c.o [24]
  .text                   ro code   0x805'c1b2          2       0xa  cmox_mathutils.c.o [24]
  .text                   ro code   0x805'c1bc          4     0xbb8  cmox_ecc.c.o [24]
  .text                   ro code   0x805'cd74          4      0xf0  cmox_utils_compare.c.o [24]
  .text                   ro code   0x805'ce64          2      0x60  cmox_ecc.c.o [24]
  .text                   ro code   0x805'cec4          2      0x1a  cmox_membuf.c.o [24]
  .text                   ro code   0x805'cee0          4      0x3a  cmox_low_level.o [12]
  .text                   ro code   0x805'cf1c          4     0xaf0  stm32f4xx_hal_eth.o [11]
  .text                   ro code   0x805'da0c          4     0x416  uartDbg.o [8]
  .text                   ro code   0x805'de22          2      0x9a  list.o [5]
  .text                   ro code   0x805'debc          4     0x28c  heap_4.o [5]
  .text                   ro code   0x805'e148          2       0x4  tp_nothreads.o [23]
  .text                   ro code   0x805'e14c          2      0x9c  fputs.o [23]
  .text                   ro code   0x805'e1e8          4      0x50  ip4_addr.o [9]
  .text                   ro code   0x805'e238          4     0x56c  ethernetif_stm32f4.o [12]
  .text                   ro code   0x805'e7a4          4     0x2e4  udp.o [9]
  .text                   ro code   0x805'ea88          4     0xb1c  etharp.o [9]
  .text                   ro code   0x805'f5a4          4     0xa70  ip4_frag.o [9]
  .text                   ro code   0x806'0014          4     0x2c0  icmp.o [9]
  .text                   ro code   0x806'02d4          4     0xde8  stm32f4xx_hal_msp_MP28947.o [12]
  .text                   ro code   0x806'10bc          2       0x2  stm32f4xx_hal_tim.o [11]
  .text                   ro code   0x806'10be          2       0x2  stm32f4xx_hal_tim.o [11]
  .text                   ro code   0x806'10c0          2       0x2  stm32f4xx_hal_tim_ex.o [11]
  .text                   ro code   0x806'10c2          2       0x2  stm32f4xx_hal_tim.o [11]
  .text                   ro code   0x806'10c4          2       0x2  stm32f4xx_hal_tim_ex.o [11]
  .text                   ro code   0x806'10c8          4    0x1d9c  wifi_esp32.o [22]
  .text                   ro code   0x806'2e64          4      0x96  ABImemmove.o [26]
  .text                   ro code   0x806'2efc          4      0x3c  vsnprint.o [23]
  .text                   ro code   0x806'2f38          4      0xcc  xDaysTo64.o [23]
  .text                   ro code   0x806'3004          4     0x15c  xttotm64.o [23]
  .text                   ro code   0x806'3160          2       0x4  xTzoff_nop.o [23]
  .text                   ro code   0x806'3164          4     0x33c  handler_metrology.o [17]
  .text                   ro code   0x806'34a0          4     0xac8  metrology.o [16]
  .text                   ro code   0x806'3f68          4      0x34  DblCmpLe.o [25]
  .text                   ro code   0x806'3f9c          4     0x6b0  xscanfsmall.o [23]
  .text                   ro code   0x806'464c          4     0x108  xlocale_c.o [23]
  .text                   ro code   0x806'4754          4     0x140  DataLink_dbg.o [8]
  .text                   ro code   0x806'4894          2      0x28  difftime64.o [25]
  .text                   ro code   0x806'48bc          4     0x410  cos_sin64.o [25]
  .text                   ro code   0x806'4ccc          2     0x112  xstrftim.o [23]
  .text                   ro code   0x806'4de0          4      0x14  exit.o [27]
  .text                   ro code   0x806'4df4          4      0x32  ABImemset48.o [26]
  .text                   ro code   0x806'4e28          4       0x2  I64DivZer.o [26]
  .text                   ro code   0x806'4e2c          4      0x4c  stm32f4xx_hal.o [11]
  .text                   ro code   0x806'4e78          2       0x2  stm32f4xx_hal_uart.o [11]
  .text                   ro code   0x806'4e7a          2       0x2  stm32f4xx_hal_uart.o [11]
  .text                   ro code   0x806'4e7c          4      0x40  stm32f4xx_hal_rcc.o [11]
  .text                   ro code   0x806'4ebc          4      0x20  TCP_socket.o [21]
  .text                   ro code   0x806'4edc          4      0x48  init.o [9]
  .text                   ro code   0x806'4f24          2      0x9c  stm32f4xx_hal_i2c_ex.o [11]
  .text                   ro code   0x806'4fc0          2      0x24  stm32f4xx_hal_crc.o [11]
  .text                   ro code   0x806'4fe4          4      0x40  xfail_s.o [23]
  .text                   ro code   0x806'5024          2       0x2  stm32f4xx_hal_adc_ex.o [11]
  .text                   ro code   0x806'5026          2       0x2  stm32f4xx_hal_adc.o [11]
  .text                   ro code   0x806'5028          2       0x2  stm32f4xx_hal_adc.o [11]
  .text                   ro code   0x806'502c          4      0x34  port.o [5]
  CODE                    ro code   0x806'5060          4      0xb4  portasm.o [5]
  .text                   ro code   0x806'5114          2       0x2  stm32f4xx_hal_dac.o [11]
  .text                   ro code   0x806'5116          2       0xa  cmox_mathutils.c.o [24]
  .text                   ro code   0x806'5120          2      0x24  cmox_mathutils.c.o [24]
  .text                   ro code   0x806'5144          2      0x3e  cmox_membuf.c.o [24]
  .text                   ro code   0x806'5182          2       0x6  cmox_mathutils.c.o [24]
  .text                   ro code   0x806'5188          2      0x32  cmox_math.c.o [24]
  .text                   ro code   0x806'51ba          2      0x3e  cmox_math.c.o [24]
  .text                   ro code   0x806'51f8          2      0x18  cmox_math.c.o [24]
  .text                   ro code   0x806'5210          2      0x2a  cmox_membuf.c.o [24]
  .text                   ro code   0x806'523a          2      0x70  cmox_bn.c.o [24]
  .text                   ro code   0x806'52aa          2      0x5c  cmox_math.c.o [24]
  .text                   ro code   0x806'5306          2      0x44  cmox_math.c.o [24]
  .text                   ro code   0x806'534a          2      0x42  cmox_math.c.o [24]
  .text                   ro code   0x806'538c          2     0x122  cmox_math.c.o [24]
  .text                   ro code   0x806'54ae          2       0xa  cmox_bn.c.o [24]
  .text                   ro code   0x806'54b8          2      0xbe  cmox_math.c.o [24]
  .text                   ro code   0x806'5576          2      0xa4  cmox_math.c.o [24]
  .text                   ro code   0x806'561a          2       0x2  stm32f4xx_hal_eth.o [11]
  .text                   ro code   0x806'561c          2       0x2  stm32f4xx_hal_eth.o [11]
  .text                   ro code   0x806'561e          2      0x1c  strrchr.o [23]
  .text                   ro code   0x806'563a          2      0xb4  xfwprep.o [23]
  .text                   ro code   0x806'56f0          4      0xac  fflush.o [23]
  .text                   ro code   0x806'579c          4     0x158  ethernet.o [9]
  .text                   ro code   0x806'58f4          4     0x2a0  stm32f4xx_hal_rcc_ex.o [11]
  .text                   ro code   0x806'5b94          4    0x1674  esp32.o [22]
  .text                   ro code   0x806'7208          2     0x2c6  stream.o [22]
  .text                   ro code   0x806'74ce          2       0x6  xisdst_nop64.o [23]
  .text                   ro code   0x806'74d4          4      0x28  handler_nvram.o [17]
  .text                   ro code   0x806'74fc          2      0x30  wctob.o [23]
  .text                   ro code   0x806'752c          4      0x46  U64ToDbl.o [25]
  .text                   ro code   0x806'7574          4     0x836  xgentime.o [23]
  .text                   ro code   0x806'7dac          4      0x7c  iarttio.o [27]
  .text                   ro code   0x806'7e28          2      0x38  cmox_math.c.o [24]
  .text                   ro code   0x806'7e60          2      0x24  fseek.o [23]
  .text                   ro code   0x806'7e84          2      0x10  write.o [27]
  .text                   ro code   0x806'7e94          2      0x40  xgettime.o [23]
  .text                   ro code   0x806'7ed4          2       0x4  getzone_nop.o [23]
  .text                   ro code   0x806'7ed8          4       0x8  XShttio.o [23]
  .text                   ro code   0x806'7ee0          2      0xd2  xfspos.o [23]
  .text                   ro code   0x806'7fb2          2      0x1e  dwrite.o [27]
  .text                   ro code   0x806'7fd0          2       0xc  xfgpos.o [23]
  .text                   ro code   0x806'7fdc          2      0x4e  lseek.o [27]
  .text                   ro code   0x806'802a          2      0x20  iarwstd.o [27]
  .text                   ro code   0x806'804a          2      0x22  iarwrite.o [27]
  .text                   ro code   0x806'806c          4      0xc8  XShHandles.o [23]
  .rodata                 const     0x806'8134          4    0x737c  fs.o [21]
  .rodata                 const     0x806'f4b0          4    0x60b0  fs.o [21]
  .rodata                 const     0x807'5560          4    0x3b30  fs.o [21]
  .rodata                 const     0x807'9090          4    0x26ac  fs.o [21]
  .rodata                 const     0x807'b73c          4    0x20f0  fs.o [21]
  .rodata                 const     0x807'd82c          4    0x16d0  fs.o [21]
  .rodata                 const     0x807'eefc          4     0xa68  LcdMng.o [19]
  .rodata                 const     0x807'f964          4     0x990  Em_Task.o [6]
  .rodata                 const     0x808'02f4          4     0x760  fs.o [21]
  .text                   ro code   0x808'0a54          2     0x70a  cmox_math_armv7em_ewarm_mm-fios256.s.o [24]
  .text                   ro code   0x808'1160          4     0x67c  cmox_scalarmul.c.o [24]
  .text                   ro code   0x808'17dc          2      0x48  cmox_bn.c.o [24]
  .text                   ro code   0x808'1824          2       0xe  cmox_mathutils.c.o [24]
  .rodata                 const     0x808'1834          4     0x574  fs.o [21]
  .rodata                 const     0x808'1da8          4     0x4fc  fs.o [21]
  .rodata                 const     0x808'22a4          4     0x4c8  fs.o [21]
  .text                   ro code   0x808'276c          2     0x3f8  cmox_scalarmul.c.o [24]
  .text                   ro code   0x808'2b64          2      0x10  cmox_mathutils.c.o [24]
  .text                   ro code   0x808'2b74          2      0x96  cmox_bn.c.o [24]
  .rodata                 const     0x808'2c0c          4     0x3c8  scuMdb.o [10]
  .text                   ro code   0x808'2fd4          2     0x3ac  cmox_scalarmul.c.o [24]
  .text                   ro code   0x808'3380          4     0x398  modbus_tcp.o [18]
  .text                   ro code   0x808'3718          2      0x10  modbus.o [18]
  .rodata                 const     0x808'3728          4     0x374  fs.o [21]
  .rodata                 const     0x808'3a9c          4     0x300  lcd.o [1]
  .rodata                 const     0x808'3d9c          4     0x300  lcd.o [1]
  .rodata                 const     0x808'409c          4     0x300  lcd.o [1]
  .rodata                 const     0x808'439c          4     0x300  lcd.o [1]
  .rodata                 const     0x808'469c          4     0x300  lcd.o [1]
  .rodata                 const     0x808'499c          4     0x300  lcd.o [1]
  .rodata                 const     0x808'4c9c          4     0x300  lcd.o [1]
  .rodata                 const     0x808'4f9c          4     0x288  Em_Task.o [6]
  CMOX_CTA_PROTECTED_DATA
                          const     0x808'5224          4     0x264  cmox_ecc_curve_p256.c.o [24]
  .text                   ro code   0x808'5488          4     0x22c  cmox_modexp.c.o [24]
  .rodata                 const     0x808'56b4          4     0x224  cmox_ecc_curve_p256.c.o [24]
  .rodata                 const     0x808'58d8          4     0x220  fs.o [21]
  .rodata                 const     0x808'5af8          4     0x208  handler_metrology.o [17]
  .text                   ro code   0x808'5d00          4     0x1ec  cmox_sha256_common.c.o [24]
  .text                   ro code   0x808'5eec          4     0x1a0  cmox_md.c.o [24]
  .rodata                 const     0x808'608c          4     0x100  app_emob.o [14]
  .rodata                 const     0x808'618c          4     0x100  Em_Task.o [6]
  .rodata                 const     0x808'628c          4     0x100  Em_Task.o [6]
  .rodata                 const     0x808'638c          4     0x100  cmox_sha256_common.c.o [24]
  .rodata                 const     0x808'648c          4      0xec  httpserver-socket.o [21]
  .rodata                 const     0x808'6578          4      0xe8  app_emob.o [14]
  .rodata                 const     0x808'6660          4      0xd0  telnet.o [10]
  .rodata                 const     0x808'6730          4      0xc8  app_emob.o [14]
  .text                   ro code   0x808'67f8          4      0xa8  cmox_md.c.o [24]
  .text                   ro code   0x808'68a0          2      0x96  cmox_utils_compare.c.o [24]
  .text                   ro code   0x808'6936          2      0x8c  cmox_utils_compare.c.o [24]
  .text                   ro code   0x808'69c4          4      0x8c  xfofind.o [23]
  .rodata                 const     0x808'6a50          4      0x88  xlocale_c.o [23]
  .rodata                 const     0x808'6ad8          4      0x84  telnet.o [10]
  .rodata                 const     0x808'6b5c          4      0x80  lcd.o [1]
  .rodata                 const     0x808'6bdc          4      0x80  lcd.o [1]
  .rodata                 const     0x808'6c5c          4      0x80  lcd.o [1]
  .rodata                 const     0x808'6cdc          4      0x80  lcd.o [1]
  .rodata                 const     0x808'6d5c          4      0x80  lcd.o [1]
  .text                   ro code   0x808'6ddc          2      0x7e  fclose.o [23]
  .text                   ro code   0x808'6e5a          2      0x18  close.o [27]
  .text                   ro code   0x808'6e72          2      0x14  remove.o [27]
  .rodata                 const     0x808'6e88          4      0x78  telnet.o [10]
  .rodata                 const     0x808'6f00          4      0x74  ip4_frag.o [9]
  .rodata                 const     0x808'6f74          4      0x74  telnet.o [10]
  .rodata                 const     0x808'6fe8          4      0x74  telnet.o [10]
  .rodata                 const     0x808'705c          4      0x70  etharp.o [9]
  .rodata                 const     0x808'70cc          4      0x70  ethernet.o [9]
  .rodata                 const     0x808'713c          4      0x70  handler_metrology.o [17]
  .rodata                 const     0x808'71ac          4      0x70  icmp.o [9]
  .rodata                 const     0x808'721c          4      0x70  ip4.o [9]
  .rodata                 const     0x808'728c          4      0x70  telnet.o [10]
  .rodata                 const     0x808'72fc          4      0x70  timeouts.o [9]
  .text                   ro code   0x808'736c          4      0x70  cmox_sha256.c.o [24]
  .text                   ro code   0x808'73dc          2      0x5c  cmox_hash.c.o [24]
  .rodata                 const     0x808'7438          4      0x6c  app_emob.o [14]
  .rodata                 const     0x808'74a4          4      0x6c  Em_Task.o [6]
  .rodata                 const     0x808'7510          4      0x6c  Em_Task.o [6]
  .rodata                 const     0x808'757c          4      0x6c  init.o [9]
  .rodata                 const     0x808'75e8          4      0x6c  memp.o [9]
  .rodata                 const     0x808'7654          4      0x6c  netif.o [9]
  .rodata                 const     0x808'76c0          4      0x6c  pbuf.o [9]
  .rodata                 const     0x808'772c          4      0x6c  tcp_in.o [9]
  .rodata                 const     0x808'7798          4      0x6c  tcp_out.o [9]
  .rodata                 const     0x808'7804          4      0x6c  tcpip.o [9]
  .rodata                 const     0x808'7870          4      0x6c  telnet.o [10]
  .rodata                 const     0x808'78dc          4      0x68  mem.o [9]
  .rodata                 const     0x808'7944          4      0x68  tcp.o [9]
  .rodata                 const     0x808'79ac          4      0x68  telnet.o [10]
  .rodata                 const     0x808'7a14          4      0x68  telnet.o [10]
  .rodata                 const     0x808'7a7c          4      0x68  udp.o [9]
  .rodata                 const     0x808'7ae4          4      0x64  telnet.o [10]
  .rodata                 const     0x808'7b48          4      0x64  telnet.o [10]
  .rodata                 const     0x808'7bac          4      0x64  telnet.o [10]
  .rodata                 const     0x808'7c10          4      0x60  EvsMng.o [19]
  .rodata                 const     0x808'7c70          4      0x60  stm32f4xx_periph_init_MP28947.o [12]
  .rodata                 const     0x808'7cd0          4      0x60  telnet.o [10]
  .rodata                 const     0x808'7d30          4      0x5c  telnet.o [10]
  .rodata                 const     0x808'7d8c          4      0x58  ethernetif_stm32f4.o [12]
  .rodata                 const     0x808'7de4          4      0x58  Event_log.o [19]
  .rodata                 const     0x808'7e3c          4      0x58  Event_log.o [19]
  .rodata                 const     0x808'7e94          4      0x58  Event_log.o [19]
  .rodata                 const     0x808'7eec          4      0x58  prot_OnUsart.o [10]
  .rodata                 const     0x808'7f44          4      0x58  tcp_out.o [9]
  .rodata                 const     0x808'7f9c          4      0x58  uartDbg.o [8]
  .rodata                 const     0x808'7ff4          4      0x58  xlocale_c.o [23]
  .rodata                 const     0x808'804c          4      0x54  configurator.o [21]
  .rodata                 const     0x808'80a0          4      0x54  Em_Uart.o [6]
  .rodata                 const     0x808'80f4          4      0x54  Event_log.o [19]
  .rodata                 const     0x808'8148          4      0x54  sbcSem.o [10]
  .rodata                 const     0x808'819c          4      0x54  sbcUart.o [10]
  .rodata                 const     0x808'81f0          4      0x54  scuMdb.o [10]
  .rodata                 const     0x808'8244          4      0x54  telnet.o [10]
  .rodata                 const     0x808'8298          4      0x54  telnet.o [10]
  .rodata                 const     0x808'82ec          4      0x54  telnet.o [10]
  .text                   ro code   0x808'8340          2      0x54  fputc.o [23]
  .rodata                 const     0x808'8394          4      0x50  i2c.o [3]
  .rodata                 const     0x808'83e4          4      0x50  telnet.o [10]
  .rodata                 const     0x808'8434          4      0x50  telnet.o [10]
  .rodata                 const     0x808'8484          4      0x50  iar_Stoulx.o [23]
  .rodata                 const     0x808'84d4          4      0x50  iar_Stoullx.o [23]
  .rodata                 const     0x808'8524          4      0x4c  app_emob.o [14]
  .rodata                 const     0x808'8570          4      0x4c  telnet.o [10]
  .rodata                 const     0x808'85bc          4      0x4c  telnet.o [10]
  .rodata                 const     0x808'8608          4      0x4c  telnet.o [10]
  .rodata                 const     0x808'8654          4      0x4c  telnet.o [10]
  .rodata                 const     0x808'86a0          4      0x4c  telnet.o [10]
  .rodata                 const     0x808'86ec          4      0x4c  telnet.o [10]
  .rodata                 const     0x808'8738          4      0x4c  telnet.o [10]
  .rodata                 const     0x808'8784          4      0x4c  xlocale_c.o [23]
  .rodata                 const     0x808'87d0          4      0x48  telnet.o [10]
  .rodata                 const     0x808'8818          4      0x48  telnet.o [10]
  .rodata                 const     0x808'8860          4      0x48  telnet.o [10]
  .rodata                 const     0x808'88a8          4      0x48  telnet.o [10]
  .rodata                 const     0x808'88f0          4      0x48  telnet.o [10]
  .rodata                 const     0x808'8938          4      0x44  app_emob.o [14]
  .rodata                 const     0x808'897c          4      0x44  app_emob.o [14]
  .rodata                 const     0x808'89c0          4      0x44  eeprom.o [1]
  .rodata                 const     0x808'8a04          4      0x44  eeprom.o [1]
  .rodata                 const     0x808'8a48          4      0x44  etharp.o [9]
  .rodata                 const     0x808'8a8c          4      0x44  Event_log.o [19]
  .rodata                 const     0x808'8ad0          4      0x44  init.o [9]
  .rodata                 const     0x808'8b14          4      0x44  telnet.o [10]
  .rodata                 const     0x808'8b58          4      0x44  telnet.o [10]
  .text                   ro code   0x808'8b9c          2      0x44  cmox_md.c.o [24]
  .rodata                 const     0x808'8be0          4      0x40  app_emob.o [14]
  .rodata                 const     0x808'8c20          4      0x40  app_emob.o [14]
  .rodata                 const     0x808'8c60          4      0x40  etharp.o [9]
  .rodata                 const     0x808'8ca0          4      0x40  httpserver-socket.o [21]
  .rodata                 const     0x808'8ce0          4      0x40  sbcSem.o [10]
  .rodata                 const     0x808'8d20          4      0x40  tcp_out.o [9]
  .rodata                 const     0x808'8d60          4      0x40  telnet.o [10]
  .rodata                 const     0x808'8da0          4      0x40  telnet.o [10]
  .rodata                 const     0x808'8de0          4      0x40  telnet.o [10]
  .rodata                 const     0x808'8e20          4      0x40  timeouts.o [9]
  .text                   ro code   0x808'8e60          4      0x40  cmox_sha256.c.o [24]
  .text                   ro code   0x808'8ea0          2      0x1e  cmox_md.c.o [24]
  .text                   ro code   0x808'8ec0          4      0x40  xcloseall.o [23]
  .text                   ro code   0x808'8f00          2      0x3e  cmox_ecc.c.o [24]
  .rodata                 const     0x808'8f40          4      0x3c  app_emob.o [14]
  .rodata                 const     0x808'8f7c          4      0x3c  app_emob.o [14]
  .rodata                 const     0x808'8fb8          4      0x3c  Event_log.o [19]
  .rodata                 const     0x808'8ff4          4      0x3c  tcp_in.o [9]
  .rodata                 const     0x808'9030          4      0x3c  tcp_out.o [9]
  .rodata                 const     0x808'906c          4      0x3c  tcp_out.o [9]
  .rodata                 const     0x808'90a8          4      0x3c  telnet.o [10]
  .rodata                 const     0x808'90e4          4      0x3c  telnet.o [10]
  .rodata                 const     0x808'9120          4      0x3c  telnet.o [10]
  .rodata                 const     0x808'915c          4      0x3c  telnet.o [10]
  .rodata                 const     0x808'9198          4      0x3c  telnet.o [10]
  .rodata                 const     0x808'91d4          4      0x38  app_emob.o [14]
  .rodata                 const     0x808'920c          4      0x38  eeprom.o [1]
  .rodata                 const     0x808'9244          4      0x38  eeprom.o [1]
  .rodata                 const     0x808'927c          4      0x38  eeprom.o [1]
  .rodata                 const     0x808'92b4          4      0x38  httpserver-socket.o [21]
  .rodata                 const     0x808'92ec          4      0x38  icmp.o [9]
  .rodata                 const     0x808'9324          4      0x38  ip4_frag.o [9]
  .rodata                 const     0x808'935c          4      0x38  pbuf.o [9]
  .rodata                 const     0x808'9394          4      0x38  sbcSem.o [10]
  .rodata                 const     0x808'93cc          4      0x38  tcp.o [9]
  .rodata                 const     0x808'9404          4      0x38  tcp.o [9]
  .rodata                 const     0x808'943c          4      0x38  tcp_in.o [9]
  .rodata                 const     0x808'9474          4      0x38  tcp_out.o [9]
  .rodata                 const     0x808'94ac          4      0x38  tcp_out.o [9]
  .rodata                 const     0x808'94e4          4      0x38  telnet.o [10]
  .rodata                 const     0x808'951c          4      0x38  telnet.o [10]
  .rodata                 const     0x808'9554          4      0x38  telnet.o [10]
  .rodata                 const     0x808'958c          4      0x38  telnet.o [10]
  .rodata                 const     0x808'95c4          4      0x38  timeouts.o [9]
  .text                   ro code   0x808'95fc          2      0x38  zero_init3.o [26]
  .rodata                 const     0x808'9634          4      0x34  app_emob.o [14]
  .rodata                 const     0x808'9668          4      0x34  app_emob.o [14]
  .rodata                 const     0x808'969c          4      0x34  app_emob.o [14]
  .rodata                 const     0x808'96d0          4      0x34  app_emob.o [14]
  .rodata                 const     0x808'9704          4      0x34  app_emob.o [14]
  .rodata                 const     0x808'9738          4      0x34  app_emob.o [14]
  .rodata                 const     0x808'976c          4      0x34  app_emob.o [14]
  .rodata                 const     0x808'97a0          4      0x34  app_emob.o [14]
  .rodata                 const     0x808'97d4          4      0x34  etharp.o [9]
  .rodata                 const     0x808'9808          4      0x34  ethernet.o [9]
  .rodata                 const     0x808'983c          4      0x34  icmp.o [9]
  .rodata                 const     0x808'9870          4      0x34  main.o [12]
  .rodata                 const     0x808'98a4          4      0x34  mem.o [9]
  .rodata                 const     0x808'98d8          4      0x34  memp.o [9]
  .rodata                 const     0x808'990c          4      0x34  pbuf.o [9]
  .rodata                 const     0x808'9940          4      0x34  sbcSem.o [10]
  .rodata                 const     0x808'9974          4      0x34  sbcSem.o [10]
  .rodata                 const     0x808'99a8          4      0x34  sbcSem.o [10]
  .rodata                 const     0x808'99dc          4      0x34  scheduleMng.o [10]
  .rodata                 const     0x808'9a10          4      0x34  tcp.o [9]
  .rodata                 const     0x808'9a44          4      0x34  tcp.o [9]
  .rodata                 const     0x808'9a78          4      0x34  tcp.o [9]
  .rodata                 const     0x808'9aac          4      0x34  tcp_out.o [9]
  .rodata                 const     0x808'9ae0          4      0x34  telnet.o [10]
  .rodata                 const     0x808'9b14          4      0x34  telnet.o [10]
  .rodata                 const     0x808'9b48          4      0x34  telnet.o [10]
  .rodata                 const     0x808'9b7c          4      0x34  telnet.o [10]
  .rodata                 const     0x808'9bb0          4      0x34  telnet.o [10]
  .rodata                 const     0x808'9be4          4      0x34  telnet.o [10]
  .rodata                 const     0x808'9c18          4      0x34  telnet.o [10]
  .rodata                 const     0x808'9c4c          4      0x34  telnet.o [10]
  .rodata                 const     0x808'9c80          4      0x34  telnet.o [10]
  .rodata                 const     0x808'9cb4          4      0x34  telnet.o [10]
  .rodata                 const     0x808'9ce8          4      0x34  telnet.o [10]
  .rodata                 const     0x808'9d1c          4      0x34  telnet.o [10]
  .rodata                 const     0x808'9d50          4      0x34  telnet.o [10]
  .rodata                 const     0x808'9d84          4      0x34  telnet.o [10]
  .rodata                 const     0x808'9db8          4      0x34  telnet.o [10]
  .rodata                 const     0x808'9dec          4      0x34  telnet.o [10]
  .rodata                 const     0x808'9e20          4      0x34  telnet.o [10]
  .rodata                 const     0x808'9e54          4      0x30  app_emob.o [14]
  .rodata                 const     0x808'9e84          4      0x30  app_emob.o [14]
[...]
uartEmError_Handler      0x805'4941       0x2  Code  Lc  Em_Uart.o [6]
uartEmError_Handler      0x805'6665       0x2  Code  Lc  sbcUart.o [10]
uartInitSemaphoreHandle
                        0x2005'18bc       0x4  Data  Gb  sbcGsy.o [10]
uartProtError_Handler    0x804'6745       0x2  Code  Lc  prot_OnUsart.o [10]
uartReintialization      0x803'39e7      0x3a  Code  Gb  scuMdb.o [10]
uartScuError_Handler     0x803'3a21       0x2  Code  Lc  scuMdb.o [10]
uartScuInitSemaphoreHandle
                        0x2005'1920       0x4  Data  Gb  scuMdb.o [10]
uartScuSinapsiTxSemaphoreHandle
                        0x2005'1924       0x4  Data  Gb  scuMdb.o [10]
ucHeap                  0x2000'09dc  0x1'c000  Data  Lc  heap_4.o [5]
ucMaxSysCallPriority    0x2005'1ba8       0x1  Data  Lc  port.o [5]
udp_init                 0x805'e7a5      0x16  Code  Gb  udp.o [9]
udp_input                0x805'e85d     0x1ce  Code  Gb  udp.o [9]
udp_input_local_match    0x805'e7bb      0xa2  Code  Lc  udp.o [9]
udp_netif_ip_addr_changed
                         0x805'ea2b      0x34  Code  Gb  udp.o [9]
udp_pcbs                0x2005'19ec       0x4  Data  Gb  udp.o [9]
udp_port                0x2000'09d2       0x2  Data  Lc  udp.o [9]
uhADCxConvertedValue    0x2005'1400       0xc  Data  Gb  adcTask.o [15]
uid_map_array           0x2005'1460       0xc  Data  Lc  PersMng.o [19]
uid_map_bit             0x2005'1b8e       0x1  Data  Lc  PersMng.o [19]
uid_map_byte            0x2005'1b8d       0x1  Data  Lc  PersMng.o [19]
uid_map_num             0x2005'1b8c       0x1  Data  Lc  PersMng.o [19]
uint16_swapWord          0x803'a35f      0x10  Code  Gb  app_emob.o [14]
ulMaxPRIGROUPValue      0x2005'1840       0x4  Data  Lc  port.o [5]
updateClearAllLineString
                         0x802'8f29      0x46  Code  Lc  LcdMng.o [19]
updateEthLinkStatus      0x805'7751      0xe4  Code  Gb  lwip.o [12]
updateModbusErrorRegisters
                         0x802'be71     0x128  Code  Gb  EvsMng.o [19]
updateScuModbusAddrr     0x803'3afb       0xe  Code  Gb  scuMdb.o [10]
upgradeFwSlaveBroadcast
                         0x803'75f5      0x66  Code  Gb  sbcSem.o [10]
upgradeGeneralParameter
                         0x801'5595     0x72e  Code  Gb  httpserver-socket.o [21]
upgradeLcd              0x2005'1b65       0x1  Data  Lc  lcd.o [1]
upgradeModbusHwConfig    0x803'6a09      0x6c  Code  Gb  sbcSem.o [10]
upgradeModbusReg         0x803'6a75      0x6c  Code  Gb  sbcSem.o [10]
url_decode               0x801'5d11      0xc0  Code  Lc  httpserver-socket.o [21]
usart3                  0x2000'07f0      0x10  Data  Gb  usart_esp32.o [22]
usartEsp32Control       0x2004'4d68    0x1208  Data  Lc  usart_esp32.o [22]
usartStruct             0x2004'ef04      0xc0  Data  Lc  prot_OnUsart.o [10]
usartStructInitBuff      0x804'5e0b     0x154  Code  Lc  prot_OnUsart.o [10]
userNameOk              0x2005'1bea       0x1  Data  Lc  telnet.o [10]
userType                0x2005'1b61       0x1  Data  Lc  httpserver-socket.o [21]
user_card_auth_get       0x804'd81b       0x8  Code  Gb  PersMng.o [19]
user_card_auth_read      0x804'dd8b     0x1a8  Code  Lc  PersMng.o [19]
user_card_credit        0x2005'1a70       0x2  Data  Lc  PersMng.o [19]
user_card_credit_decrease
                         0x804'd849      0x34  Code  Lc  PersMng.o [19]
user_card_credit_get     0x804'd811       0xa  Code  Gb  PersMng.o [19]
user_card_date          0x2005'12f0      0x10  Data  Lc  PersMng.o [19]
user_card_date_get       0x804'd7ef      0x22  Code  Gb  PersMng.o [19]
user_card_energy        0x2005'1838       0x4  Data  Lc  PersMng.o [19]
user_card_energy_get     0x804'd841       0x8  Code  Gb  PersMng.o [19]
user_card_mode          0x2005'1b8f       0x1  Data  Lc  PersMng.o [19]
user_card_time          0x2005'1834       0x4  Data  Lc  PersMng.o [19]
user_card_time_decrease
                         0x804'd823      0x1e  Code  Gb  PersMng.o [19]
username                 0x809'2a40       0xc  Data  Lc  telnet.o [10]
uwTick                  0x2005'192c       0x4  Data  Gb  stm32f4xx_hal.o [11]
uwTickFreq              0x2000'09d7       0x1  Data  Gb  stm32f4xx_hal.o [11]
uwTickPrio              0x2000'07e4       0x4  Data  Gb  stm32f4xx_hal.o [11]
uxCriticalNesting       0x2000'0784       0x4  Data  Lc  port.o [5]
uxCurrentNumberOfTasks  0x2005'1948       0x4  Data  Lc  tasks.o [5]
uxDeletedTasksWaitingCleanUp
                        0x2005'1944       0x4  Data  Lc  tasks.o [5]
uxListRemove             0x805'de95      0x28  Code  Gb  list.o [5]
uxPendedTicks           0x2005'1958       0x4  Data  Lc  tasks.o [5]
uxQueueMessagesWaiting   0x804'3ea1      0x2a  Code  Gb  queue.o [5]
uxSchedulerSuspended    0x2005'1970       0x4  Data  Lc  tasks.o [5]
uxTaskNumber            0x2005'1964       0x4  Data  Lc  tasks.o [5]
uxTaskResetEventItemValue
                         0x804'5063      0x16  Code  Gb  tasks.o [5]
uxTopReadyPriority      0x2005'1950       0x4  Data  Lc  tasks.o [5]
vApplicationGetIdleTaskMemory
                         0x802'29df       0xe  Code  Gb  cmsis_os2.o [5]
vApplicationGetTimerTaskMemory
                         0x802'29ed      0x10  Code  Gb  cmsis_os2.o [5]
vApplicationIdleHook     0x803'9901     0x4e6  Code  Gb  main.o [12]
vEventGroupClearBitsCallback
                         0x804'f259      0x10  Code  Gb  event_groups.o [5]
vEventGroupSetBitsCallback
                         0x804'f247      0x10  Code  Gb  event_groups.o [5]
vListInitialise          0x805'de23      0x1e  Code  Gb  list.o [5]
vListInitialiseItem      0x805'de41       0x6  Code  Gb  list.o [5]
vListInsert              0x805'de5f      0x36  Code  Gb  list.o [5]
vListInsertEnd           0x805'de47      0x18  Code  Gb  list.o [5]
vPortEnableVFP           0x806'50f9            Code  Gb  portasm.o [5]
vPortEnterCritical       0x805'b28f      0x3c  Code  Gb  port.o [5]
vPortExitCritical        0x805'b2cb      0x30  Code  Gb  port.o [5]
vPortFree                0x805'dfeb      0x7c  Code  Gb  heap_4.o [5]
vPortSetupTimerInterrupt
                         0x806'502d      0x34  Code  Wk  port.o [5]
vPortStartFirstTask      0x806'50d9            Code  Gb  portasm.o [5]
vPortValidateInterruptPriority
                         0x805'b329      0x56  Code  Gb  port.o [5]
vQueueAddToRegistry      0x804'40bb      0x26  Code  Gb  queue.o [5]
vQueueDelete             0x804'3ecb      0x34  Code  Gb  queue.o [5]
vQueueUnregisterQueue    0x804'40e1      0x28  Code  Gb  queue.o [5]
vQueueWaitForMessageRestricted
                         0x804'4111      0x4c  Code  Gb  queue.o [5]
vTaskDelay               0x804'44ab      0x52  Code  Gb  tasks.o [5]
vTaskDelete              0x804'43fd      0xae  Code  Gb  tasks.o [5]
vTaskInternalSetTimeOutState
                         0x804'4c59      0x12  Code  Gb  tasks.o [5]
vTaskMissedYield         0x804'4d09       0xa  Code  Gb  tasks.o [5]
vTaskPlaceOnEventList    0x804'4a41      0x36  Code  Gb  tasks.o [5]
vTaskPlaceOnEventListRestricted
                         0x804'4af1      0x44  Code  Gb  tasks.o [5]
vTaskPlaceOnUnorderedEventList
                         0x804'4a85      0x5e  Code  Gb  tasks.o [5]
vTaskPriorityDisinheritAfterTimeout
                         0x804'4fad      0xb6  Code  Gb  tasks.o [5]
vTaskRemoveFromUnorderedEventList
                         0x804'4bc9      0x8c  Code  Gb  tasks.o [5]
vTaskResume              0x804'4687      0x86  Code  Gb  tasks.o [5]
vTaskStartScheduler      0x804'470d      0xa2  Code  Gb  tasks.o [5]
vTaskSuspend             0x804'458d      0xb8  Code  Gb  tasks.o [5]
vTaskSuspendAll          0x804'47af       0xc  Code  Gb  tasks.o [5]
vTaskSwitchContext       0x804'49cb      0x76  Code  Gb  tasks.o [5]
vbus_anom1_save         0x2005'1b24       0x1  Data  Lc  EvsMng.o [19]
vinPwrValue              0x803'ecc1      0xa8  Code  Gb  adcTask.o [15]
vsnprintf                0x806'2efd      0x3c  Code  Gb  vsnprint.o [23]
vsprintf                 0x804'edd5      0x34  Code  Gb  vsprintf.o [23]
wctob                    0x806'74fd      0x30  Code  Gb  wctob.o [23]
weekDays                0x2000'07c8      0x1c  Data  Lc  scheduleMng.o [10]
welcomeLogin             0x808'9dec      0x34  Data  Lc  telnet.o [10]
whitelist_check          0x804'df4f      0xc8  Code  Lc  PersMng.o [19]
whitelist_reset          0x804'e13f      0x3a  Code  Lc  PersMng.o [19]
whitelist_update         0x804'e017     0x128  Code  Lc  PersMng.o [19]
wifi                    0x2000'0800      0x68  Data  Gb  wifi_esp32.o [22]
wifiEsp32ctr            0x2005'0c7c      0x24  Data  Lc  wifi_esp32.o [22]
wifiSbcTogether         0x2005'1bef       0x1  Data  Gb  wrapper.o [1]
wifiTask_attributes      0x808'cd5c      0x24  Data  Gb  wifi_esp32.o [22]
wifiUartConfig           0x809'3604       0x8  Data  Lc  wifi_esp32.o [22]
wifiUpgExpressifHandle  0x2005'1684       0x4  Data  Gb  httpserver-socket.o [21]
wifiUpgExpressifQueue   0x2005'168c       0x4  Data  Gb  httpserver-socket.o [21]
wifiUpgExpressifTask     0x801'4c49      0x70  Code  Lc  httpserver-socket.o [21]
wifiUpgExpressifTask_attributes
                         0x808'c0fc      0x24  Data  Gb  httpserver-socket.o [21]
wifi_antenna_error      0x2005'1b25       0x1  Data  Lc  EvsMng.o [19]
wkyr                     0x806'7611      0x1a  Code  Lc  xgentime.o [23]
wrapper_Handler          0x801'9d49       0x2  Code  Lc  wrapper.o [1]
writeMasterModbusRegister
                         0x803'60d1      0xa2  Code  Lc  sbcSem.o [10]
writePcb                 0x800'd1cb      0x2a  Code  Lc  httpserver-socket.o [21]
wrongPassword            0x808'bca8      0x28  Data  Lc  telnet.o [10]
xActiveTimerList1       0x2005'1230      0x14  Data  Lc  timers.o [5]
xActiveTimerList2       0x2005'1244      0x14  Data  Lc  timers.o [5]
xBlockAllocatedBit      0x2005'1668       0x4  Data  Lc  heap_4.o [5]
xBlockMngTimers         0x2005'0f6c      0x18  Data  Lc  BlockMng.o [19]
xContactMngTimers       0x2005'14d4       0x8  Data  Lc  ContactMng.o [19]
xDelayedTaskList1       0x2005'11cc      0x14  Data  Lc  tasks.o [5]
xDelayedTaskList2       0x2005'11e0      0x14  Data  Lc  tasks.o [5]
xEnergyMngTimers        0x2005'14f4       0x8  Data  Lc  EnergyMng.o [19]
xEventGroupClearBits     0x804'f0e5      0x4e  Code  Gb  event_groups.o [5]
xEventGroupClearBitsFromISR
                         0x804'f133      0x16  Code  Gb  event_groups.o [5]
xEventGroupCreate        0x804'ef6b      0x20  Code  Gb  event_groups.o [5]
xEventGroupCreateStatic
                         0x804'ef19      0x52  Code  Gb  event_groups.o [5]
xEventGroupGetBitsFromISR
                         0x804'f149      0x22  Code  Gb  event_groups.o [5]
xEventGroupSetBits       0x804'f16b      0xdc  Code  Gb  event_groups.o [5]
xEventGroupSetBitsFromISR
                         0x804'f28d      0x16  Code  Gb  event_groups.o [5]
xEventGroupWaitBits      0x804'ef8b     0x15a  Code  Gb  event_groups.o [5]
xEvsMngTimers           0x2005'08b8      0x3c  Data  Lc  EvsMng.o [19]
xExtInpMngTimers        0x2005'1430       0xc  Data  Lc  ExtInpMng.o [19]
xFreeBytesRemaining     0x2005'1660       0x4  Data  Lc  heap_4.o [5]
xHTSMngTimers           0x2005'1670       0x4  Data  Lc  hts.o [1]
xHeapStructSize          0x809'3664       0x4  Data  Lc  heap_4.o [5]
xIdleTaskHandle         0x2005'196c       0x4  Data  Lc  tasks.o [5]
xLcdMngTimers           0x2005'12d0      0x10  Data  Lc  LcdMng.o [19]
xLedTimers              0x2005'1448       0xc  Data  Lc  ledMng.o [15]
xMdbUartTimers          0x2005'1908       0x4  Data  Gb  scuMdb.o [10]
xMinimumEverFreeBytesRemaining
                        0x2005'1664       0x4  Data  Lc  heap_4.o [5]
xNextTaskUnblockTime    0x2005'1968       0x4  Data  Lc  tasks.o [5]
xNumOfOverflows         0x2005'1960       0x4  Data  Lc  tasks.o [5]
xPendingReadyList       0x2005'11f4      0x14  Data  Lc  tasks.o [5]
xPersMngTimers          0x2005'0f34      0x1c  Data  Lc  PersMng.o [19]
xPortStartScheduler      0x805'b1ef      0xa0  Code  Gb  port.o [5]
xPortSysTickHandler      0x805'b2fb      0x2c  Code  Gb  port.o [5]
xPwmMngTimers           0x2005'1390      0x10  Data  Lc  PwmMng.o [19]
xQueueCreateCountingSemaphore
                         0x804'36f5      0x48  Code  Gb  queue.o [5]
xQueueCreateCountingSemaphoreStatic
                         0x804'36a5      0x50  Code  Gb  queue.o [5]
xQueueCreateMutex        0x804'35c7      0x20  Code  Gb  queue.o [5]
xQueueCreateMutexStatic
                         0x804'35e7      0x2e  Code  Gb  queue.o [5]
xQueueGenericCreate      0x804'350f      0x60  Code  Gb  queue.o [5]
xQueueGenericCreateStatic
                         0x804'3439      0xd6  Code  Gb  queue.o [5]
xQueueGenericReset       0x804'33a1      0x98  Code  Gb  queue.o [5]
xQueueGenericSend        0x804'373d     0x1b6  Code  Gb  queue.o [5]
xQueueGenericSendFromISR
                         0x804'38f3      0xf0  Code  Gb  queue.o [5]
xQueueGiveFromISR        0x804'39e3      0xd4  Code  Gb  queue.o [5]
xQueueGiveMutexRecursive
                         0x804'3615      0x48  Code  Gb  queue.o [5]
xQueueIsQueueFullFromISR
                         0x804'408f      0x2c  Code  Gb  queue.o [5]
xQueueReceive            0x804'3ab7     0x176  Code  Gb  queue.o [5]
xQueueReceiveFromISR     0x804'3de5      0xbc  Code  Gb  queue.o [5]
xQueueRegistry          0x2005'07f8      0x40  Data  Gb  queue.o [5]
xQueueSemaphoreTake      0x804'3c2d     0x1b2  Code  Gb  queue.o [5]
xQueueTakeMutexRecursive
                         0x804'365d      0x48  Code  Gb  queue.o [5]
xSbcScuTimers           0x2005'190c       0x4  Data  Gb  scuMdb.o [10]
xSbcSemTimers           0x2005'117c      0x14  Data  Lc  sbcSem.o [10]
xSchedulerRunning       0x2005'1954       0x4  Data  Lc  tasks.o [5]
xSinapsiTimers          0x2005'149c       0xc  Data  Lc  snapsi.o [15]
xSlaveScuTimers         0x2005'1910       0x4  Data  Gb  scuMdb.o [10]
xStart                  0x2005'14fc       0x8  Data  Lc  heap_4.o [5]
xSuspendedTaskList      0x2005'121c      0x14  Data  Lc  tasks.o [5]
xTaskCheckForTimeOut     0x804'4c71      0x94  Code  Gb  tasks.o [5]
xTaskCreate              0x804'4203      0x72  Code  Gb  tasks.o [5]
xTaskCreateStatic        0x804'415d      0xa6  Code  Gb  tasks.o [5]
xTaskGenericNotify       0x804'5139     0x126  Code  Gb  tasks.o [5]
xTaskGenericNotifyFromISR
                         0x804'5265     0x150  Code  Gb  tasks.o [5]
xTaskGetCurrentTaskHandle
                         0x804'4e4b       0x8  Code  Gb  tasks.o [5]
xTaskGetSchedulerState   0x804'4e53      0x20  Code  Gb  tasks.o [5]
xTaskGetTickCount        0x804'48a5       0x8  Code  Gb  tasks.o [5]
xTaskGetTickCountFromISR
                         0x804'48ad      0x10  Code  Gb  tasks.o [5]
xTaskIncrementTick       0x804'48bd     0x10e  Code  Gb  tasks.o [5]
xTaskNotifyWait          0x804'5095      0x9a  Code  Gb  tasks.o [5]
xTaskPriorityDisinherit
                         0x804'4f11      0x96  Code  Gb  tasks.o [5]
xTaskPriorityInherit     0x804'4e73      0x90  Code  Gb  tasks.o [5]
xTaskRemoveFromEventList
                         0x804'4b3d      0x86  Code  Gb  tasks.o [5]
xTaskResumeAll           0x804'47bb      0xea  Code  Gb  tasks.o [5]
xTasksWaitingTermination
                        0x2005'1208      0x14  Data  Lc  tasks.o [5]
xTickCount              0x2005'194c       0x4  Data  Lc  tasks.o [5]
xTimerCreate             0x804'54dd      0x36  Code  Gb  timers.o [5]
xTimerCreateTimerTask    0x804'546d      0x70  Code  Gb  timers.o [5]
xTimerGenericCommand     0x804'556b      0x86  Code  Gb  timers.o [5]
xTimerGetExpiryTime      0x804'55f1      0x20  Code  Gb  timers.o [5]
xTimerIsTimerActive      0x804'59db      0x38  Code  Gb  timers.o [5]
xTimerPendFunctionCallFromISR
                         0x804'5a3f      0x2a  Code  Gb  timers.o [5]
xTimerQueue             0x2005'19dc       0x4  Data  Lc  timers.o [5]
xTimerTaskHandle        0x2005'19e0       0x4  Data  Lc  timers.o [5]
xYieldPending           0x2005'195c       0x4  Data  Lc  tasks.o [5]
xp_presence_enable_set   0x805'50bf       0x8  Code  Gb  PilotMng.o [19]
xp_presence_freeze      0x2005'1b96       0x1  Data  Lc  PilotMng.o [19]
xp_presence_freeze_set   0x805'50f7       0x8  Code  Gb  PilotMng.o [19]
xp_presence_manager      0x805'50ff     0x104  Code  Lc  PilotMng.o [19]
xp_short_enable_set      0x805'509f      0x20  Code  Gb  PilotMng.o [19]
xp_short_manager         0x805'50c7      0x30  Code  Lc  PilotMng.o [19]
xppresence_enable       0x2005'1b95       0x1  Data  Lc  PilotMng.o [19]
xpshort_enable          0x2005'1b94       0x1  Data  Lc  PilotMng.o [19]


[1] = C:\Progetti\SVN_Repos\SCAME_GD_RED\SCAME_CONTROL_UNIT\trunk\EWARM\FULL_DEBUG_HW_MP28947_GD32F4xx\Obj\BSP_3794911361316221405.dir
[2] = C:\Progetti\SVN_Repos\SCAME_GD_RED\SCAME_CONTROL_UNIT\trunk\EWARM\FULL_DEBUG_HW_MP28947_GD32F4xx\Obj\CMSIS_6603591812247902717.dir
[3] = C:\Progetti\SVN_Repos\SCAME_GD_RED\SCAME_CONTROL_UNIT\trunk\EWARM\FULL_DEBUG_HW_MP28947_GD32F4xx\Obj\Device_13867102261166347011.dir
[4] = C:\Progetti\SVN_Repos\SCAME_GD_RED\SCAME_CONTROL_UNIT\trunk\EWARM\FULL_DEBUG_HW_MP28947_GD32F4xx\Obj\EWARM_18443280873093131863.dir
[5] = C:\Progetti\SVN_Repos\SCAME_GD_RED\SCAME_CONTROL_UNIT\trunk\EWARM\FULL_DEBUG_HW_MP28947_GD32F4xx\Obj\FreeRTOS_4809373609813369194.dir
[6] = C:\Progetti\SVN_Repos\SCAME_GD_RED\SCAME_CONTROL_UNIT\trunk\EWARM\FULL_DEBUG_HW_MP28947_GD32F4xx\Obj\LIB_EM_9926388960908420262.dir
[7] = C:\Progetti\SVN_Repos\SCAME_GD_RED\SCAME_CONTROL_UNIT\trunk\EWARM\FULL_DEBUG_HW_MP28947_GD32F4xx\Obj\LIB_FTP_8178903156242173378.dir
[8] = C:\Progetti\SVN_Repos\SCAME_GD_RED\SCAME_CONTROL_UNIT\trunk\EWARM\FULL_DEBUG_HW_MP28947_GD32F4xx\Obj\LIB_UART_DBG_4451214714449946012.dir
[9] = C:\Progetti\SVN_Repos\SCAME_GD_RED\SCAME_CONTROL_UNIT\trunk\EWARM\FULL_DEBUG_HW_MP28947_GD32F4xx\Obj\LwIP_6171225858623166285.dir
[10] = C:\Progetti\SVN_Repos\SCAME_GD_RED\SCAME_CONTROL_UNIT\trunk\EWARM\FULL_DEBUG_HW_MP28947_GD32F4xx\Obj\Protocol_16990505445836233132.dir
[11] = C:\Progetti\SVN_Repos\SCAME_GD_RED\SCAME_CONTROL_UNIT\trunk\EWARM\FULL_DEBUG_HW_MP28947_GD32F4xx\Obj\STM32F4xx_HAL_Driver_1244631019742807970.dir
[12] = C:\Progetti\SVN_Repos\SCAME_GD_RED\SCAME_CONTROL_UNIT\trunk\EWARM\FULL_DEBUG_HW_MP28947_GD32F4xx\Obj\User_8454777428142420917.dir
[13] = C:\Progetti\SVN_Repos\SCAME_GD_RED\SCAME_CONTROL_UNIT\trunk\EWARM\FULL_DEBUG_HW_MP28947_GD32F4xx\Obj\Utilities_17002154029713865955.dir
[14] = C:\Progetti\SVN_Repos\SCAME_GD_RED\SCAME_CONTROL_UNIT\trunk\EWARM\FULL_DEBUG_HW_MP28947_GD32F4xx\Obj\app_8634845462321782417.dir
[15] = C:\Progetti\SVN_Repos\SCAME_GD_RED\SCAME_CONTROL_UNIT\trunk\EWARM\FULL_DEBUG_HW_MP28947_GD32F4xx\Obj\coreApp_9882234266214708374.dir
[16] = C:\Progetti\SVN_Repos\SCAME_GD_RED\SCAME_CONTROL_UNIT\trunk\EWARM\FULL_DEBUG_HW_MP28947_GD32F4xx\Obj\drivers_16975236927657979372.dir
[17] = C:\Progetti\SVN_Repos\SCAME_GD_RED\SCAME_CONTROL_UNIT\trunk\EWARM\FULL_DEBUG_HW_MP28947_GD32F4xx\Obj\handlers_8890594791293015610.dir
[18] = C:\Progetti\SVN_Repos\SCAME_GD_RED\SCAME_CONTROL_UNIT\trunk\EWARM\FULL_DEBUG_HW_MP28947_GD32F4xx\Obj\modbus_13286613698497292636.dir
[19] = C:\Progetti\SVN_Repos\SCAME_GD_RED\SCAME_CONTROL_UNIT\trunk\EWARM\FULL_DEBUG_HW_MP28947_GD32F4xx\Obj\stationMng_507230474648503890.dir
[20] = C:\Progetti\SVN_Repos\SCAME_GD_RED\SCAME_CONTROL_UNIT\trunk\EWARM\FULL_DEBUG_HW_MP28947_GD32F4xx\Obj\tasks_1956869968293006108.dir
[21] = C:\Progetti\SVN_Repos\SCAME_GD_RED\SCAME_CONTROL_UNIT\trunk\EWARM\FULL_DEBUG_HW_MP28947_GD32F4xx\Obj\webServer_11162101747046879916.dir
[22] = C:\Progetti\SVN_Repos\SCAME_GD_RED\SCAME_CONTROL_UNIT\trunk\EWARM\FULL_DEBUG_HW_MP28947_GD32F4xx\Obj\wifi_3262316034850308010.dir
[23] = dl7M_tlf.a
[24] = libSTM32Cryptographic_CM4.a
[25] = m7M_tls.a
[26] = rt7M_tl.a
[27] = shb_l.a

  383'549 bytes of readonly  code memory
  169'046 bytes of readonly  data memory (+ 64  absolute)
  424'674 bytes of readwrite data memory (+ 512 absolute)

Errors: none
Warnings: none
