###############################################################################
#
# IAR ELF Linker V9.70.2.500/W64 for ARM                  13/Nov/2025  09:28:09
# Copyright 2007-2025 IAR Systems AB.
#
#    Output file  =
#        C:\Progetti\SVN_Repos\Develop\SCAME_CONTROL_UNIT\trunk\EWARM\FULL_DEBUG_GD32F4xx\Exe\SCU.out
#    Map file     =
#        C:\Progetti\SVN_Repos\Develop\SCAME_CONTROL_UNIT\trunk\EWARM\FULL_DEBUG_GD32F4xx\List\SCU.map
#    Command line =
#        -f
#        C:\Progetti\SVN_Repos\Develop\SCAME_CONTROL_UNIT\trunk\EWARM\FULL_DEBUG_GD32F4xx\Exe\SCU.out.rsp
#        (C:\Progetti\SVN_Repos\Develop\SCAME_CONTROL_UNIT\trunk\EWARM\FULL_DEBUG_GD32F4xx\Obj\coreApp_9882234266214708374.dir\adcTask.o
#        C:\Progetti\SVN_Repos\Develop\SCAME_CONTROL_UNIT\trunk\EWARM\FULL_DEBUG_GD32F4xx\Obj\LwIP_6171225858623166285.dir\altcp.o
#        C:\Progetti\SVN_Repos\Develop\SCAME_CONTROL_UNIT\trunk\EWARM\FULL_DEBUG_GD32F4xx\Obj\LwIP_6171225858623166285.dir\altcp_alloc.o
#        C:\Progetti\SVN_Repos\Develop\SCAME_CONTROL_UNIT\trunk\EWARM\FULL_DEBUG_GD32F4xx\Obj\LwIP_6171225858623166285.dir\altcp_tcp.o
#        C:\Progetti\SVN_Repos\Develop\SCAME_CONTROL_UNIT\trunk\EWARM\FULL_DEBUG_GD32F4xx\Obj\LwIP_6171225858623166285.dir\api_lib.o
#        C:\Progetti\SVN_Repos\Develop\SCAME_CONTROL_UNIT\trunk\EWARM\FULL_DEBUG_GD32F4xx\Obj\LwIP_6171225858623166285.dir\api_msg.o
#        C:\Progetti\SVN_Repos\Develop\SCAME_CONTROL_UNIT\trunk\EWARM\FULL_DEBUG_GD32F4xx\Obj\app_8634845462321782417.dir\app_emob.o
#        C:\Progetti\SVN_Repos\Develop\SCAME_CONTROL_UNIT\trunk\EWARM\FULL_DEBUG_GD32F4xx\Obj\LwIP_6171225858623166285.dir\auth.o
#        C:\Progetti\SVN_Repos\Develop\SCAME_CONTROL_UNIT\trunk\EWARM\FULL_DEBUG_GD32F4xx\Obj\LwIP_6171225858623166285.dir\autoip.o
#        C:\Progetti\SVN_Repos\Develop\SCAME_CONTROL_UNIT\trunk\EWARM\FULL_DEBUG_GD32F4xx\Obj\stationMng_507230474648503890.dir\AutotestMng.o
#        C:\Progetti\SVN_Repos\Develop\SCAME_CONTROL_UNIT\trunk\EWARM\FULL_DEBUG_GD32F4xx\Obj\stationMng_507230474648503890.dir\BlockMng.o
#        C:\Progetti\SVN_Repos\Develop\SCAME_CONTROL_UNIT\trunk\EWARM\FULL_DEBUG_GD32F4xx\Obj\LwIP_6171225858623166285.dir\bridgeif.o
#        C:\Progetti\SVN_Repos\Develop\SCAME_CONTROL_UNIT\trunk\EWARM\FULL_DEBUG_GD32F4xx\Obj\LwIP_6171225858623166285.dir\bridgeif_fdb.o
#        C:\Progetti\SVN_Repos\Develop\SCAME_CONTROL_UNIT\trunk\EWARM\FULL_DEBUG_GD32F4xx\Obj\LwIP_6171225858623166285.dir\ccp.o
#        C:\Progetti\SVN_Repos\Develop\SCAME_CONTROL_UNIT\trunk\EWARM\FULL_DEBUG_GD32F4xx\Obj\LwIP_6171225858623166285.dir\chap-md5.o
#        C:\Progetti\SVN_Repos\Develop\SCAME_CONTROL_UNIT\trunk\EWARM\FULL_DEBUG_GD32F4xx\Obj\LwIP_6171225858623166285.dir\chap-new.o
#        C:\Progetti\SVN_Repos\Develop\SCAME_CONTROL_UNIT\trunk\EWARM\FULL_DEBUG_GD32F4xx\Obj\LwIP_6171225858623166285.dir\chap_ms.o
#        C:\Progetti\SVN_Repos\Develop\SCAME_CONTROL_UNIT\trunk\EWARM\FULL_DEBUG_GD32F4xx\Obj\User_8454777428142420917.dir\cmox_low_level.o
#        C:\Progetti\SVN_Repos\Develop\SCAME_CONTROL_UNIT\trunk\EWARM\FULL_DEBUG_GD32F4xx\Obj\FreeRTOS_4809373609813369194.dir\cmsis_os2.o
#        C:\Progetti\SVN_Repos\Develop\SCAME_CONTROL_UNIT\trunk\EWARM\FULL_DEBUG_GD32F4xx\Obj\webServer_11162101747046879916.dir\configurator.o
#        C:\Progetti\SVN_Repos\Develop\SCAME_CONTROL_UNIT\trunk\EWARM\FULL_DEBUG_GD32F4xx\Obj\stationMng_507230474648503890.dir\ContactMng.o
#        C:\Progetti\SVN_Repos\Develop\SCAME_CONTROL_UNIT\trunk\EWARM\FULL_DEBUG_GD32F4xx\Obj\User_8454777428142420917.dir\crc.o
#        C:\Progetti\SVN_Repos\Develop\SCAME_CONTROL_UNIT\trunk\EWARM\FULL_DEBUG_GD32F4xx\Obj\FreeRTOS_4809373609813369194.dir\croutine.o
#        C:\Progetti\SVN_Repos\Develop\SCAME_CONTROL_UNIT\trunk\EWARM\FULL_DEBUG_GD32F4xx\Obj\LIB_UART_DBG_4451214714449946012.dir\DataLink_dbg.o
#        C:\Progetti\SVN_Repos\Develop\SCAME_CONTROL_UNIT\trunk\EWARM\FULL_DEBUG_GD32F4xx\Obj\LIB_UART_DBG_4451214714449946012.dir\dbg_Task.o
#        C:\Progetti\SVN_Repos\Develop\SCAME_CONTROL_UNIT\trunk\EWARM\FULL_DEBUG_GD32F4xx\Obj\LwIP_6171225858623166285.dir\def.o
#        C:\Progetti\SVN_Repos\Develop\SCAME_CONTROL_UNIT\trunk\EWARM\FULL_DEBUG_GD32F4xx\Obj\LwIP_6171225858623166285.dir\demand.o
#        C:\Progetti\SVN_Repos\Develop\SCAME_CONTROL_UNIT\trunk\EWARM\FULL_DEBUG_GD32F4xx\Obj\LwIP_6171225858623166285.dir\dhcp.o
#        C:\Progetti\SVN_Repos\Develop\SCAME_CONTROL_UNIT\trunk\EWARM\FULL_DEBUG_GD32F4xx\Obj\LwIP_6171225858623166285.dir\dhcp6.o
#        C:\Progetti\SVN_Repos\Develop\SCAME_CONTROL_UNIT\trunk\EWARM\FULL_DEBUG_GD32F4xx\Obj\stationMng_507230474648503890.dir\diffRiarm.o
#        C:\Progetti\SVN_Repos\Develop\SCAME_CONTROL_UNIT\trunk\EWARM\FULL_DEBUG_GD32F4xx\Obj\LwIP_6171225858623166285.dir\dns.o
#        C:\Progetti\SVN_Repos\Develop\SCAME_CONTROL_UNIT\trunk\EWARM\FULL_DEBUG_GD32F4xx\Obj\LwIP_6171225858623166285.dir\eap.o
#        C:\Progetti\SVN_Repos\Develop\SCAME_CONTROL_UNIT\trunk\EWARM\FULL_DEBUG_GD32F4xx\Obj\LwIP_6171225858623166285.dir\ecp.o
#        C:\Progetti\SVN_Repos\Develop\SCAME_CONTROL_UNIT\trunk\EWARM\FULL_DEBUG_GD32F4xx\Obj\BSP_3794911361316221405.dir\eeprom.o
#        C:\Progetti\SVN_Repos\Develop\SCAME_CONTROL_UNIT\trunk\EWARM\FULL_DEBUG_GD32F4xx\Obj\LIB_EM_9926388960908420262.dir\Em_Task.o
#        C:\Progetti\SVN_Repos\Develop\SCAME_CONTROL_UNIT\trunk\EWARM\FULL_DEBUG_GD32F4xx\Obj\LIB_EM_9926388960908420262.dir\Em_Uart.o
#        C:\Progetti\SVN_Repos\Develop\SCAME_CONTROL_UNIT\trunk\EWARM\FULL_DEBUG_GD32F4xx\Obj\stationMng_507230474648503890.dir\EnergyMng.o
#        C:\Progetti\SVN_Repos\Develop\SCAME_CONTROL_UNIT\trunk\EWARM\FULL_DEBUG_GD32F4xx\Obj\LwIP_6171225858623166285.dir\err.o
#        C:\Progetti\SVN_Repos\Develop\SCAME_CONTROL_UNIT\trunk\EWARM\FULL_DEBUG_GD32F4xx\Obj\wifi_3262316034850308010.dir\esp32.o
#        C:\Progetti\SVN_Repos\Develop\SCAME_CONTROL_UNIT\trunk\EWARM\FULL_DEBUG_GD32F4xx\Obj\LwIP_6171225858623166285.dir\etharp.o
#        C:\Progetti\SVN_Repos\Develop\SCAME_CONTROL_UNIT\trunk\EWARM\FULL_DEBUG_GD32F4xx\Obj\LwIP_6171225858623166285.dir\ethernet.o
#        C:\Progetti\SVN_Repos\Develop\SCAME_CONTROL_UNIT\trunk\EWARM\FULL_DEBUG_GD32F4xx\Obj\User_8454777428142420917.dir\ethernetif_stm32f4.o
#        C:\Progetti\SVN_Repos\Develop\SCAME_CONTROL_UNIT\trunk\EWARM\FULL_DEBUG_GD32F4xx\Obj\coreApp_9882234266214708374.dir\ethInitTask.o
#        C:\Progetti\SVN_Repos\Develop\SCAME_CONTROL_UNIT\trunk\EWARM\FULL_DEBUG_GD32F4xx\Obj\LwIP_6171225858623166285.dir\ethip6.o
#        C:\Progetti\SVN_Repos\Develop\SCAME_CONTROL_UNIT\trunk\EWARM\FULL_DEBUG_GD32F4xx\Obj\LwIP_6171225858623166285.dir\eui64.o
#        C:\Progetti\SVN_Repos\Develop\SCAME_CONTROL_UNIT\trunk\EWARM\FULL_DEBUG_GD32F4xx\Obj\FreeRTOS_4809373609813369194.dir\event_groups.o
#        C:\Progetti\SVN_Repos\Develop\SCAME_CONTROL_UNIT\trunk\EWARM\FULL_DEBUG_GD32F4xx\Obj\stationMng_507230474648503890.dir\Event_log.o
#        C:\Progetti\SVN_Repos\Develop\SCAME_CONTROL_UNIT\trunk\EWARM\FULL_DEBUG_GD32F4xx\Obj\stationMng_507230474648503890.dir\EvsMng.o
#        C:\Progetti\SVN_Repos\Develop\SCAME_CONTROL_UNIT\trunk\EWARM\FULL_DEBUG_GD32F4xx\Obj\stationMng_507230474648503890.dir\EvsTimeMng.o
#        C:\Progetti\SVN_Repos\Develop\SCAME_CONTROL_UNIT\trunk\EWARM\FULL_DEBUG_GD32F4xx\Obj\Device_13867102261166347011.dir\ExtFlash_stm32f4.o
#        C:\Progetti\SVN_Repos\Develop\SCAME_CONTROL_UNIT\trunk\EWARM\FULL_DEBUG_GD32F4xx\Obj\stationMng_507230474648503890.dir\ExtInpMng.o
#        C:\Progetti\SVN_Repos\Develop\SCAME_CONTROL_UNIT\trunk\EWARM\FULL_DEBUG_GD32F4xx\Obj\User_8454777428142420917.dir\flash_if.o
#        C:\Progetti\SVN_Repos\Develop\SCAME_CONTROL_UNIT\trunk\EWARM\FULL_DEBUG_GD32F4xx\Obj\User_8454777428142420917.dir\freertos.o
#        C:\Progetti\SVN_Repos\Develop\SCAME_CONTROL_UNIT\trunk\EWARM\FULL_DEBUG_GD32F4xx\Obj\webServer_11162101747046879916.dir\fs.o
#        C:\Progetti\SVN_Repos\Develop\SCAME_CONTROL_UNIT\trunk\EWARM\FULL_DEBUG_GD32F4xx\Obj\LwIP_6171225858623166285.dir\fsm.o
#        C:\Progetti\SVN_Repos\Develop\SCAME_CONTROL_UNIT\trunk\EWARM\FULL_DEBUG_GD32F4xx\Obj\LIB_FTP_8178903156242173378.dir\ftps.o
#        C:\Progetti\SVN_Repos\Develop\SCAME_CONTROL_UNIT\trunk\EWARM\FULL_DEBUG_GD32F4xx\Obj\LIB_FTP_8178903156242173378.dir\ftpserver.o
#        C:\Progetti\SVN_Repos\Develop\SCAME_CONTROL_UNIT\trunk\EWARM\FULL_DEBUG_GD32F4xx\Obj\Utilities_17002154029713865955.dir\fwChecksum.o
#        C:\Progetti\SVN_Repos\Develop\SCAME_CONTROL_UNIT\trunk\EWARM\FULL_DEBUG_GD32F4xx\Obj\FreeRTOS_4809373609813369194.dir\heap_4.o
#        C:\Progetti\SVN_Repos\Develop\SCAME_CONTROL_UNIT\trunk\EWARM\FULL_DEBUG_GD32F4xx\Obj\src_1972907591871352883.dir\homeplugdev.o
#        C:\Progetti\SVN_Repos\Develop\SCAME_CONTROL_UNIT\trunk\EWARM\FULL_DEBUG_GD32F4xx\Obj\src_1972907591871352883.dir\homeplugdev_spi.o
#        C:\Progetti\SVN_Repos\Develop\SCAME_CONTROL_UNIT\trunk\EWARM\FULL_DEBUG_GD32F4xx\Obj\BSP_3794911361316221405.dir\hts.o
#        C:\Progetti\SVN_Repos\Develop\SCAME_CONTROL_UNIT\trunk\EWARM\FULL_DEBUG_GD32F4xx\Obj\webServer_11162101747046879916.dir\httpserver-socket.o
#        C:\Progetti\SVN_Repos\Develop\SCAME_CONTROL_UNIT\trunk\EWARM\FULL_DEBUG_GD32F4xx\Obj\Device_13867102261166347011.dir\i2c.o
#        C:\Progetti\SVN_Repos\Develop\SCAME_CONTROL_UNIT\trunk\EWARM\FULL_DEBUG_GD32F4xx\Obj\LwIP_6171225858623166285.dir\icmp.o
#        C:\Progetti\SVN_Repos\Develop\SCAME_CONTROL_UNIT\trunk\EWARM\FULL_DEBUG_GD32F4xx\Obj\LwIP_6171225858623166285.dir\icmp6.o
#        C:\Progetti\SVN_Repos\Develop\SCAME_CONTROL_UNIT\trunk\EWARM\FULL_DEBUG_GD32F4xx\Obj\LwIP_6171225858623166285.dir\if_api.o
#        C:\Progetti\SVN_Repos\Develop\SCAME_CONTROL_UNIT\trunk\EWARM\FULL_DEBUG_GD32F4xx\Obj\LwIP_6171225858623166285.dir\igmp.o
#        C:\Progetti\SVN_Repos\Develop\SCAME_CONTROL_UNIT\trunk\EWARM\FULL_DEBUG_GD32F4xx\Obj\LwIP_6171225858623166285.dir\inet6.o
#        C:\Progetti\SVN_Repos\Develop\SCAME_CONTROL_UNIT\trunk\EWARM\FULL_DEBUG_GD32F4xx\Obj\LwIP_6171225858623166285.dir\inet_chksum.o
#        C:\Progetti\SVN_Repos\Develop\SCAME_CONTROL_UNIT\trunk\EWARM\FULL_DEBUG_GD32F4xx\Obj\LwIP_6171225858623166285.dir\init.o
#        C:\Progetti\SVN_Repos\Develop\SCAME_CONTROL_UNIT\trunk\EWARM\FULL_DEBUG_GD32F4xx\Obj\coreApp_9882234266214708374.dir\inputsMng.o
#        C:\Progetti\SVN_Repos\Develop\SCAME_CONTROL_UNIT\trunk\EWARM\FULL_DEBUG_GD32F4xx\Obj\coreApp_9882234266214708374.dir\ioExp.o
#        C:\Progetti\SVN_Repos\Develop\SCAME_CONTROL_UNIT\trunk\EWARM\FULL_DEBUG_GD32F4xx\Obj\LwIP_6171225858623166285.dir\ip.o
#        C:\Progetti\SVN_Repos\Develop\SCAME_CONTROL_UNIT\trunk\EWARM\FULL_DEBUG_GD32F4xx\Obj\LwIP_6171225858623166285.dir\ip4.o
#        C:\Progetti\SVN_Repos\Develop\SCAME_CONTROL_UNIT\trunk\EWARM\FULL_DEBUG_GD32F4xx\Obj\LwIP_6171225858623166285.dir\ip4_addr.o
#        C:\Progetti\SVN_Repos\Develop\SCAME_CONTROL_UNIT\trunk\EWARM\FULL_DEBUG_GD32F4xx\Obj\LwIP_6171225858623166285.dir\ip4_frag.o
#        C:\Progetti\SVN_Repos\Develop\SCAME_CONTROL_UNIT\trunk\EWARM\FULL_DEBUG_GD32F4xx\Obj\LwIP_6171225858623166285.dir\ip6.o
#        C:\Progetti\SVN_Repos\Develop\SCAME_CONTROL_UNIT\trunk\EWARM\FULL_DEBUG_GD32F4xx\Obj\LwIP_6171225858623166285.dir\ip6_addr.o
#        C:\Progetti\SVN_Repos\Develop\SCAME_CONTROL_UNIT\trunk\EWARM\FULL_DEBUG_GD32F4xx\Obj\LwIP_6171225858623166285.dir\ip6_frag.o
#        C:\Progetti\SVN_Repos\Develop\SCAME_CONTROL_UNIT\trunk\EWARM\FULL_DEBUG_GD32F4xx\Obj\LwIP_6171225858623166285.dir\ipcp.o
#        C:\Progetti\SVN_Repos\Develop\SCAME_CONTROL_UNIT\trunk\EWARM\FULL_DEBUG_GD32F4xx\Obj\LwIP_6171225858623166285.dir\ipv6cp.o
#        C:\Progetti\SVN_Repos\Develop\SCAME_CONTROL_UNIT\trunk\EWARM\FULL_DEBUG_GD32F4xx\Obj\BSP_3794911361316221405.dir\lcd.o
#        C:\Progetti\SVN_Repos\Develop\SCAME_CONTROL_UNIT\trunk\EWARM\FULL_DEBUG_GD32F4xx\Obj\stationMng_507230474648503890.dir\LcdMng.o
#        C:\Progetti\SVN_Repos\Develop\SCAME_CONTROL_UNIT\trunk\EWARM\FULL_DEBUG_GD32F4xx\Obj\LwIP_6171225858623166285.dir\lcp.o
#        C:\Progetti\SVN_Repos\Develop\SCAME_CONTROL_UNIT\trunk\EWARM\FULL_DEBUG_GD32F4xx\Obj\coreApp_9882234266214708374.dir\ledMng.o
#        C:\Progetti\SVN_Repos\Develop\SCAME_CONTROL_UNIT\trunk\Middlewares\ST\STM32_Cryptographic\lib\libSTM32Cryptographic_CM4.a
#        C:\Progetti\SVN_Repos\Develop\SCAME_CONTROL_UNIT\trunk\EWARM\FULL_DEBUG_GD32F4xx\Obj\FreeRTOS_4809373609813369194.dir\list.o
#        C:\Progetti\SVN_Repos\Develop\SCAME_CONTROL_UNIT\trunk\EWARM\FULL_DEBUG_GD32F4xx\Obj\LwIP_6171225858623166285.dir\lowpan6.o
#        C:\Progetti\SVN_Repos\Develop\SCAME_CONTROL_UNIT\trunk\EWARM\FULL_DEBUG_GD32F4xx\Obj\LwIP_6171225858623166285.dir\lowpan6_ble.o
#        C:\Progetti\SVN_Repos\Develop\SCAME_CONTROL_UNIT\trunk\EWARM\FULL_DEBUG_GD32F4xx\Obj\LwIP_6171225858623166285.dir\lowpan6_common.o
#        C:\Progetti\SVN_Repos\Develop\SCAME_CONTROL_UNIT\trunk\EWARM\FULL_DEBUG_GD32F4xx\Obj\LIB_FTP_8178903156242173378.dir\lwftp.o
#        C:\Progetti\SVN_Repos\Develop\SCAME_CONTROL_UNIT\trunk\EWARM\FULL_DEBUG_GD32F4xx\Obj\User_8454777428142420917.dir\lwip.o
#        C:\Progetti\SVN_Repos\Develop\SCAME_CONTROL_UNIT\trunk\EWARM\FULL_DEBUG_GD32F4xx\Obj\LwIP_6171225858623166285.dir\magic.o
#        C:\Progetti\SVN_Repos\Develop\SCAME_CONTROL_UNIT\trunk\EWARM\FULL_DEBUG_GD32F4xx\Obj\User_8454777428142420917.dir\main.o
#        C:\Progetti\SVN_Repos\Develop\SCAME_CONTROL_UNIT\trunk\EWARM\FULL_DEBUG_GD32F4xx\Obj\LwIP_6171225858623166285.dir\mem.o
#        C:\Progetti\SVN_Repos\Develop\SCAME_CONTROL_UNIT\trunk\EWARM\FULL_DEBUG_GD32F4xx\Obj\LwIP_6171225858623166285.dir\memp.o
#        C:\Progetti\SVN_Repos\Develop\SCAME_CONTROL_UNIT\trunk\EWARM\FULL_DEBUG_GD32F4xx\Obj\LwIP_6171225858623166285.dir\mld6.o
#        C:\Progetti\SVN_Repos\Develop\SCAME_CONTROL_UNIT\trunk\EWARM\FULL_DEBUG_GD32F4xx\Obj\modbus_13286613698497292636.dir\modbus.o
#        C:\Progetti\SVN_Repos\Develop\SCAME_CONTROL_UNIT\trunk\EWARM\FULL_DEBUG_GD32F4xx\Obj\modbus_13286613698497292636.dir\modbus_tcp.o
#        C:\Progetti\SVN_Repos\Develop\SCAME_CONTROL_UNIT\trunk\EWARM\FULL_DEBUG_GD32F4xx\Obj\coreApp_9882234266214708374.dir\monitorMng.o
#        C:\Progetti\SVN_Repos\Develop\SCAME_CONTROL_UNIT\trunk\EWARM\FULL_DEBUG_GD32F4xx\Obj\LwIP_6171225858623166285.dir\mppe.o
#        C:\Progetti\SVN_Repos\Develop\SCAME_CONTROL_UNIT\trunk\EWARM\FULL_DEBUG_GD32F4xx\Obj\LwIP_6171225858623166285.dir\mqtt.o
#        C:\Progetti\SVN_Repos\Develop\SCAME_CONTROL_UNIT\trunk\EWARM\FULL_DEBUG_GD32F4xx\Obj\LwIP_6171225858623166285.dir\multilink.o
#        C:\Progetti\SVN_Repos\Develop\SCAME_CONTROL_UNIT\trunk\EWARM\FULL_DEBUG_GD32F4xx\Obj\LwIP_6171225858623166285.dir\nd6.o
#        C:\Progetti\SVN_Repos\Develop\SCAME_CONTROL_UNIT\trunk\EWARM\FULL_DEBUG_GD32F4xx\Obj\LwIP_6171225858623166285.dir\netbuf.o
#        C:\Progetti\SVN_Repos\Develop\SCAME_CONTROL_UNIT\trunk\EWARM\FULL_DEBUG_GD32F4xx\Obj\LwIP_6171225858623166285.dir\netdb.o
#        C:\Progetti\SVN_Repos\Develop\SCAME_CONTROL_UNIT\trunk\EWARM\FULL_DEBUG_GD32F4xx\Obj\LwIP_6171225858623166285.dir\netif.o
#        C:\Progetti\SVN_Repos\Develop\SCAME_CONTROL_UNIT\trunk\EWARM\FULL_DEBUG_GD32F4xx\Obj\LwIP_6171225858623166285.dir\netifapi.o
#        C:\Progetti\SVN_Repos\Develop\SCAME_CONTROL_UNIT\trunk\EWARM\FULL_DEBUG_GD32F4xx\Obj\LwIP_6171225858623166285.dir\pbuf.o
#        C:\Progetti\SVN_Repos\Develop\SCAME_CONTROL_UNIT\trunk\EWARM\FULL_DEBUG_GD32F4xx\Obj\stationMng_507230474648503890.dir\PersMng.o
#        C:\Progetti\SVN_Repos\Develop\SCAME_CONTROL_UNIT\trunk\EWARM\FULL_DEBUG_GD32F4xx\Obj\stationMng_507230474648503890.dir\PilotMng.o
#        C:\Progetti\SVN_Repos\Develop\SCAME_CONTROL_UNIT\trunk\EWARM\FULL_DEBUG_GD32F4xx\Obj\FreeRTOS_4809373609813369194.dir\port.o
#        C:\Progetti\SVN_Repos\Develop\SCAME_CONTROL_UNIT\trunk\EWARM\FULL_DEBUG_GD32F4xx\Obj\FreeRTOS_4809373609813369194.dir\portasm.o
#        C:\Progetti\SVN_Repos\Develop\SCAME_CONTROL_UNIT\trunk\EWARM\FULL_DEBUG_GD32F4xx\Obj\LwIP_6171225858623166285.dir\ppp.o
#        C:\Progetti\SVN_Repos\Develop\SCAME_CONTROL_UNIT\trunk\EWARM\FULL_DEBUG_GD32F4xx\Obj\LwIP_6171225858623166285.dir\pppapi.o
#        C:\Progetti\SVN_Repos\Develop\SCAME_CONTROL_UNIT\trunk\EWARM\FULL_DEBUG_GD32F4xx\Obj\LwIP_6171225858623166285.dir\pppcrypt.o
#        C:\Progetti\SVN_Repos\Develop\SCAME_CONTROL_UNIT\trunk\EWARM\FULL_DEBUG_GD32F4xx\Obj\LwIP_6171225858623166285.dir\pppoe.o
#        C:\Progetti\SVN_Repos\Develop\SCAME_CONTROL_UNIT\trunk\EWARM\FULL_DEBUG_GD32F4xx\Obj\LwIP_6171225858623166285.dir\pppol2tp.o
#        C:\Progetti\SVN_Repos\Develop\SCAME_CONTROL_UNIT\trunk\EWARM\FULL_DEBUG_GD32F4xx\Obj\LwIP_6171225858623166285.dir\pppos.o
#        C:\Progetti\SVN_Repos\Develop\SCAME_CONTROL_UNIT\trunk\EWARM\FULL_DEBUG_GD32F4xx\Obj\Protocol_16990505445836233132.dir\prot_OnUsart.o
#        C:\Progetti\SVN_Repos\Develop\SCAME_CONTROL_UNIT\trunk\EWARM\FULL_DEBUG_GD32F4xx\Obj\stationMng_507230474648503890.dir\PwmMng.o
#        C:\Progetti\SVN_Repos\Develop\SCAME_CONTROL_UNIT\trunk\EWARM\FULL_DEBUG_GD32F4xx\Obj\FreeRTOS_4809373609813369194.dir\queue.o
#        C:\Progetti\SVN_Repos\Develop\SCAME_CONTROL_UNIT\trunk\EWARM\FULL_DEBUG_GD32F4xx\Obj\LwIP_6171225858623166285.dir\raw.o
#        C:\Progetti\SVN_Repos\Develop\SCAME_CONTROL_UNIT\trunk\EWARM\FULL_DEBUG_GD32F4xx\Obj\stationMng_507230474648503890.dir\RfidMng.o
#        C:\Progetti\SVN_Repos\Develop\SCAME_CONTROL_UNIT\trunk\EWARM\FULL_DEBUG_GD32F4xx\Obj\BSP_3794911361316221405.dir\rtcApi.o
#        C:\Progetti\SVN_Repos\Develop\SCAME_CONTROL_UNIT\trunk\EWARM\FULL_DEBUG_GD32F4xx\Obj\Protocol_16990505445836233132.dir\sbcGsy.o
#        C:\Progetti\SVN_Repos\Develop\SCAME_CONTROL_UNIT\trunk\EWARM\FULL_DEBUG_GD32F4xx\Obj\Protocol_16990505445836233132.dir\sbcSem.o
#        C:\Progetti\SVN_Repos\Develop\SCAME_CONTROL_UNIT\trunk\EWARM\FULL_DEBUG_GD32F4xx\Obj\Protocol_16990505445836233132.dir\sbcUart.o
#        C:\Progetti\SVN_Repos\Develop\SCAME_CONTROL_UNIT\trunk\EWARM\FULL_DEBUG_GD32F4xx\Obj\Protocol_16990505445836233132.dir\scheduleMng.o
#        C:\Progetti\SVN_Repos\Develop\SCAME_CONTROL_UNIT\trunk\EWARM\FULL_DEBUG_GD32F4xx\Obj\Protocol_16990505445836233132.dir\scuMdb.o
#        C:\Progetti\SVN_Repos\Develop\SCAME_CONTROL_UNIT\trunk\EWARM\FULL_DEBUG_GD32F4xx\Obj\BSP_3794911361316221405.dir\secure_area.o
#        C:\Progetti\SVN_Repos\Develop\SCAME_CONTROL_UNIT\trunk\EWARM\FULL_DEBUG_GD32F4xx\Obj\LwIP_6171225858623166285.dir\slipif.o
#        C:\Progetti\SVN_Repos\Develop\SCAME_CONTROL_UNIT\trunk\EWARM\FULL_DEBUG_GD32F4xx\Obj\coreApp_9882234266214708374.dir\snapsi.o
#        C:\Progetti\SVN_Repos\Develop\SCAME_CONTROL_UNIT\trunk\EWARM\FULL_DEBUG_GD32F4xx\Obj\LwIP_6171225858623166285.dir\sockets.o
#        C:\Progetti\SVN_Repos\Develop\SCAME_CONTROL_UNIT\trunk\EWARM\FULL_DEBUG_GD32F4xx\Obj\src_1972907591871352883.dir\spi_drv.o
#        C:\Progetti\SVN_Repos\Develop\SCAME_CONTROL_UNIT\trunk\EWARM\FULL_DEBUG_GD32F4xx\Obj\EWARM_18443280873093131863.dir\startup_stm32f427xx.o
#        C:\Progetti\SVN_Repos\Develop\SCAME_CONTROL_UNIT\trunk\EWARM\FULL_DEBUG_GD32F4xx\Obj\LwIP_6171225858623166285.dir\stats.o
#        C:\Progetti\SVN_Repos\Develop\SCAME_CONTROL_UNIT\trunk\EWARM\FULL_DEBUG_GD32F4xx\Obj\STM32F4xx_HAL_Driver_1244631019742807970.dir\stm32f4xx_hal.o
#        C:\Progetti\SVN_Repos\Develop\SCAME_CONTROL_UNIT\trunk\EWARM\FULL_DEBUG_GD32F4xx\Obj\STM32F4xx_HAL_Driver_1244631019742807970.dir\stm32f4xx_hal_adc.o
#        C:\Progetti\SVN_Repos\Develop\SCAME_CONTROL_UNIT\trunk\EWARM\FULL_DEBUG_GD32F4xx\Obj\STM32F4xx_HAL_Driver_1244631019742807970.dir\stm32f4xx_hal_adc_ex.o
#        C:\Progetti\SVN_Repos\Develop\SCAME_CONTROL_UNIT\trunk\EWARM\FULL_DEBUG_GD32F4xx\Obj\STM32F4xx_HAL_Driver_1244631019742807970.dir\stm32f4xx_hal_cortex.o
#        C:\Progetti\SVN_Repos\Develop\SCAME_CONTROL_UNIT\trunk\EWARM\FULL_DEBUG_GD32F4xx\Obj\STM32F4xx_HAL_Driver_1244631019742807970.dir\stm32f4xx_hal_crc.o
#        C:\Progetti\SVN_Repos\Develop\SCAME_CONTROL_UNIT\trunk\EWARM\FULL_DEBUG_GD32F4xx\Obj\STM32F4xx_HAL_Driver_1244631019742807970.dir\stm32f4xx_hal_dac.o
#        C:\Progetti\SVN_Repos\Develop\SCAME_CONTROL_UNIT\trunk\EWARM\FULL_DEBUG_GD32F4xx\Obj\STM32F4xx_HAL_Driver_1244631019742807970.dir\stm32f4xx_hal_dac_ex.o
#        C:\Progetti\SVN_Repos\Develop\SCAME_CONTROL_UNIT\trunk\EWARM\FULL_DEBUG_GD32F4xx\Obj\STM32F4xx_HAL_Driver_1244631019742807970.dir\stm32f4xx_hal_dma.o
#        C:\Progetti\SVN_Repos\Develop\SCAME_CONTROL_UNIT\trunk\EWARM\FULL_DEBUG_GD32F4xx\Obj\STM32F4xx_HAL_Driver_1244631019742807970.dir\stm32f4xx_hal_dma_ex.o
#        C:\Progetti\SVN_Repos\Develop\SCAME_CONTROL_UNIT\trunk\EWARM\FULL_DEBUG_GD32F4xx\Obj\STM32F4xx_HAL_Driver_1244631019742807970.dir\stm32f4xx_hal_eth.o
#        C:\Progetti\SVN_Repos\Develop\SCAME_CONTROL_UNIT\trunk\EWARM\FULL_DEBUG_GD32F4xx\Obj\STM32F4xx_HAL_Driver_1244631019742807970.dir\stm32f4xx_hal_exti.o
#        C:\Progetti\SVN_Repos\Develop\SCAME_CONTROL_UNIT\trunk\EWARM\FULL_DEBUG_GD32F4xx\Obj\STM32F4xx_HAL_Driver_1244631019742807970.dir\stm32f4xx_hal_flash.o
#        C:\Progetti\SVN_Repos\Develop\SCAME_CONTROL_UNIT\trunk\EWARM\FULL_DEBUG_GD32F4xx\Obj\STM32F4xx_HAL_Driver_1244631019742807970.dir\stm32f4xx_hal_flash_ex.o
#        C:\Progetti\SVN_Repos\Develop\SCAME_CONTROL_UNIT\trunk\EWARM\FULL_DEBUG_GD32F4xx\Obj\STM32F4xx_HAL_Driver_1244631019742807970.dir\stm32f4xx_hal_gpio.o
#        C:\Progetti\SVN_Repos\Develop\SCAME_CONTROL_UNIT\trunk\EWARM\FULL_DEBUG_GD32F4xx\Obj\STM32F4xx_HAL_Driver_1244631019742807970.dir\stm32f4xx_hal_i2c.o
#        C:\Progetti\SVN_Repos\Develop\SCAME_CONTROL_UNIT\trunk\EWARM\FULL_DEBUG_GD32F4xx\Obj\STM32F4xx_HAL_Driver_1244631019742807970.dir\stm32f4xx_hal_i2c_ex.o
#        C:\Progetti\SVN_Repos\Develop\SCAME_CONTROL_UNIT\trunk\EWARM\FULL_DEBUG_GD32F4xx\Obj\STM32F4xx_HAL_Driver_1244631019742807970.dir\stm32f4xx_hal_iwdg.o
#        C:\Progetti\SVN_Repos\Develop\SCAME_CONTROL_UNIT\trunk\EWARM\FULL_DEBUG_GD32F4xx\Obj\User_8454777428142420917.dir\stm32f4xx_hal_msp.o
#        C:\Progetti\SVN_Repos\Develop\SCAME_CONTROL_UNIT\trunk\EWARM\FULL_DEBUG_GD32F4xx\Obj\STM32F4xx_HAL_Driver_1244631019742807970.dir\stm32f4xx_hal_pwr.o
#        C:\Progetti\SVN_Repos\Develop\SCAME_CONTROL_UNIT\trunk\EWARM\FULL_DEBUG_GD32F4xx\Obj\STM32F4xx_HAL_Driver_1244631019742807970.dir\stm32f4xx_hal_pwr_ex.o
#        C:\Progetti\SVN_Repos\Develop\SCAME_CONTROL_UNIT\trunk\EWARM\FULL_DEBUG_GD32F4xx\Obj\STM32F4xx_HAL_Driver_1244631019742807970.dir\stm32f4xx_hal_qspi.o
#        C:\Progetti\SVN_Repos\Develop\SCAME_CONTROL_UNIT\trunk\EWARM\FULL_DEBUG_GD32F4xx\Obj\STM32F4xx_HAL_Driver_1244631019742807970.dir\stm32f4xx_hal_rcc.o
#        C:\Progetti\SVN_Repos\Develop\SCAME_CONTROL_UNIT\trunk\EWARM\FULL_DEBUG_GD32F4xx\Obj\STM32F4xx_HAL_Driver_1244631019742807970.dir\stm32f4xx_hal_rcc_ex.o
#        C:\Progetti\SVN_Repos\Develop\SCAME_CONTROL_UNIT\trunk\EWARM\FULL_DEBUG_GD32F4xx\Obj\STM32F4xx_HAL_Driver_1244631019742807970.dir\stm32f4xx_hal_rtc.o
#        C:\Progetti\SVN_Repos\Develop\SCAME_CONTROL_UNIT\trunk\EWARM\FULL_DEBUG_GD32F4xx\Obj\STM32F4xx_HAL_Driver_1244631019742807970.dir\stm32f4xx_hal_rtc_ex.o
#        C:\Progetti\SVN_Repos\Develop\SCAME_CONTROL_UNIT\trunk\EWARM\FULL_DEBUG_GD32F4xx\Obj\STM32F4xx_HAL_Driver_1244631019742807970.dir\stm32f4xx_hal_spi.o
#        C:\Progetti\SVN_Repos\Develop\SCAME_CONTROL_UNIT\trunk\EWARM\FULL_DEBUG_GD32F4xx\Obj\STM32F4xx_HAL_Driver_1244631019742807970.dir\stm32f4xx_hal_tim.o
#        C:\Progetti\SVN_Repos\Develop\SCAME_CONTROL_UNIT\trunk\EWARM\FULL_DEBUG_GD32F4xx\Obj\STM32F4xx_HAL_Driver_1244631019742807970.dir\stm32f4xx_hal_tim_ex.o
#        C:\Progetti\SVN_Repos\Develop\SCAME_CONTROL_UNIT\trunk\EWARM\FULL_DEBUG_GD32F4xx\Obj\STM32F4xx_HAL_Driver_1244631019742807970.dir\stm32f4xx_hal_uart.o
#        C:\Progetti\SVN_Repos\Develop\SCAME_CONTROL_UNIT\trunk\EWARM\FULL_DEBUG_GD32F4xx\Obj\STM32F4xx_HAL_Driver_1244631019742807970.dir\stm32f4xx_hal_usart.o
#        C:\Progetti\SVN_Repos\Develop\SCAME_CONTROL_UNIT\trunk\EWARM\FULL_DEBUG_GD32F4xx\Obj\User_8454777428142420917.dir\stm32f4xx_it.o
#        C:\Progetti\SVN_Repos\Develop\SCAME_CONTROL_UNIT\trunk\EWARM\FULL_DEBUG_GD32F4xx\Obj\User_8454777428142420917.dir\stm32f4xx_periph_init.o
#        C:\Progetti\SVN_Repos\Develop\SCAME_CONTROL_UNIT\trunk\EWARM\FULL_DEBUG_GD32F4xx\Obj\wifi_3262316034850308010.dir\stream.o
#        C:\Progetti\SVN_Repos\Develop\SCAME_CONTROL_UNIT\trunk\EWARM\FULL_DEBUG_GD32F4xx\Obj\FreeRTOS_4809373609813369194.dir\stream_buffer.o
#        C:\Progetti\SVN_Repos\Develop\SCAME_CONTROL_UNIT\trunk\EWARM\FULL_DEBUG_GD32F4xx\Obj\LwIP_6171225858623166285.dir\sys.o
#        C:\Progetti\SVN_Repos\Develop\SCAME_CONTROL_UNIT\trunk\EWARM\FULL_DEBUG_GD32F4xx\Obj\LwIP_6171225858623166285.dir\sys_arch.o
#        C:\Progetti\SVN_Repos\Develop\SCAME_CONTROL_UNIT\trunk\EWARM\FULL_DEBUG_GD32F4xx\Obj\CMSIS_6603591812247902717.dir\system_stm32f4xx.o
#        C:\Progetti\SVN_Repos\Develop\SCAME_CONTROL_UNIT\trunk\EWARM\FULL_DEBUG_GD32F4xx\Obj\FreeRTOS_4809373609813369194.dir\tasks.o
#        C:\Progetti\SVN_Repos\Develop\SCAME_CONTROL_UNIT\trunk\EWARM\FULL_DEBUG_GD32F4xx\Obj\LwIP_6171225858623166285.dir\tcp.o
#        C:\Progetti\SVN_Repos\Develop\SCAME_CONTROL_UNIT\trunk\EWARM\FULL_DEBUG_GD32F4xx\Obj\LwIP_6171225858623166285.dir\tcp_in.o
#        C:\Progetti\SVN_Repos\Develop\SCAME_CONTROL_UNIT\trunk\EWARM\FULL_DEBUG_GD32F4xx\Obj\LwIP_6171225858623166285.dir\tcp_out.o
#        C:\Progetti\SVN_Repos\Develop\SCAME_CONTROL_UNIT\trunk\EWARM\FULL_DEBUG_GD32F4xx\Obj\webServer_11162101747046879916.dir\TCP_socket.o
#        C:\Progetti\SVN_Repos\Develop\SCAME_CONTROL_UNIT\trunk\EWARM\FULL_DEBUG_GD32F4xx\Obj\LwIP_6171225858623166285.dir\tcpip.o
#        C:\Progetti\SVN_Repos\Develop\SCAME_CONTROL_UNIT\trunk\EWARM\FULL_DEBUG_GD32F4xx\Obj\Protocol_16990505445836233132.dir\telnet.o
#        C:\Progetti\SVN_Repos\Develop\SCAME_CONTROL_UNIT\trunk\EWARM\FULL_DEBUG_GD32F4xx\Obj\LwIP_6171225858623166285.dir\timeouts.o
#        C:\Progetti\SVN_Repos\Develop\SCAME_CONTROL_UNIT\trunk\EWARM\FULL_DEBUG_GD32F4xx\Obj\FreeRTOS_4809373609813369194.dir\timers.o
#        C:\Progetti\SVN_Repos\Develop\SCAME_CONTROL_UNIT\trunk\EWARM\FULL_DEBUG_GD32F4xx\Obj\app_8634845462321782417.dir\transaction_register.o
#        C:\Progetti\SVN_Repos\Develop\SCAME_CONTROL_UNIT\trunk\EWARM\FULL_DEBUG_GD32F4xx\Obj\LIB_UART_DBG_4451214714449946012.dir\uartDbg.o
#        C:\Progetti\SVN_Repos\Develop\SCAME_CONTROL_UNIT\trunk\EWARM\FULL_DEBUG_GD32F4xx\Obj\LwIP_6171225858623166285.dir\udp.o
#        C:\Progetti\SVN_Repos\Develop\SCAME_CONTROL_UNIT\trunk\EWARM\FULL_DEBUG_GD32F4xx\Obj\LwIP_6171225858623166285.dir\upap.o
#        C:\Progetti\SVN_Repos\Develop\SCAME_CONTROL_UNIT\trunk\EWARM\FULL_DEBUG_GD32F4xx\Obj\wifi_3262316034850308010.dir\usart_esp32.o
#        C:\Progetti\SVN_Repos\Develop\SCAME_CONTROL_UNIT\trunk\EWARM\FULL_DEBUG_GD32F4xx\Obj\LwIP_6171225858623166285.dir\utils.o
#        C:\Progetti\SVN_Repos\Develop\SCAME_CONTROL_UNIT\trunk\EWARM\FULL_DEBUG_GD32F4xx\Obj\LwIP_6171225858623166285.dir\vj.o
#        C:\Progetti\SVN_Repos\Develop\SCAME_CONTROL_UNIT\trunk\EWARM\FULL_DEBUG_GD32F4xx\Obj\wifi_3262316034850308010.dir\wifi.o
#        C:\Progetti\SVN_Repos\Develop\SCAME_CONTROL_UNIT\trunk\EWARM\FULL_DEBUG_GD32F4xx\Obj\wifi_3262316034850308010.dir\wifi_esp32.o
#        C:\Progetti\SVN_Repos\Develop\SCAME_CONTROL_UNIT\trunk\EWARM\FULL_DEBUG_GD32F4xx\Obj\BSP_3794911361316221405.dir\wrapper.o
#        C:\Progetti\SVN_Repos\Develop\SCAME_CONTROL_UNIT\trunk\EWARM\FULL_DEBUG_GD32F4xx\Obj\LwIP_6171225858623166285.dir\zepif.o
#        --redirect _Printf=_PrintfSmall --redirect _Scanf=_ScanfSmall
#        --no_out_extension -o
#        C:\Progetti\SVN_Repos\Develop\SCAME_CONTROL_UNIT\trunk\EWARM\FULL_DEBUG_GD32F4xx\Exe\SCU.out
#        --map
#        C:\Progetti\SVN_Repos\Develop\SCAME_CONTROL_UNIT\trunk\EWARM\FULL_DEBUG_GD32F4xx\List\SCU.map
#        --config
#        C:\Progetti\SVN_Repos\Develop\SCAME_CONTROL_UNIT\trunk\EWARM\SCU_GD32F470xG_boot.icf
#        --semihosting --entry __iar_program_start --vfe --enable_stack_usage
#        --text_out locale --advanced_heap --cpu=Cortex-M4 --fpu=VFPv4_sp)
#        --diagnostics_format=sarif_stdout --dependencies=n
#        C:\Progetti\SVN_Repos\Develop\SCAME_CONTROL_UNIT\trunk\EWARM\FULL_DEBUG_GD32F4xx\Exe\SCU.out.iar_deps
#        --dynamic_output
#        C:\Progetti\SVN_Repos\Develop\SCAME_CONTROL_UNIT\trunk\EWARM\FULL_DEBUG_GD32F4xx\Exe\SCU.out.iar_dynout
#
###############################################################################

*******************************************************************************
*** MESSAGES
***

Warning[Ls029]: This application contains recursive functions (please see the
          map file for a comprehensive list of the involved functions). The
          computed stack usage is not reliable.
Warning[Ls014]: [stack usage analysis] at least one function does not have
          stack usage information. Example: "cmox_asm_montymul_fast256__sqr". A
          complete list of such functions is in the map file.
Warning[Ls016]: [stack usage analysis] the program contains at least one
          indirect call. Example: from "AdvertisingTask" in app_emob.o [14]. A
          complete list of such functions is in the map file.
Warning[Ls017]: [stack usage analysis] the program contains at least one
          instance of recursion for which stack usage analysis has not been
          able to calculate a maximum stack depth. One function involved is
          "WriteOnEeprom". A complete list of all recursion nests is in the map
          file.


*******************************************************************************
*** RUNTIME MODEL ATTRIBUTES
***

CppFlavor       = *
__CPP_Runtime   = 1
__Heap_Handler  = DLMalloc
__SystemLibrary = DLib
__dlib_version  = 6


*******************************************************************************
*** HEAP SELECTION
***

The advanced heap was selected because of --advanced_heap.


*******************************************************************************
*** PLACEMENT SUMMARY
***

"A0":  place at address 0x800'c000 {  ro section .intvec };
"P1":  place in [from 0x800'c000 to 0x80f'ffff] {  ro };
define block CSTACK with size = 4K, alignment = 8 { };
define block HEAP with size = 80K, alignment = 8 { };
"P2":  place in [from 0x2000'0000 to 0x2006'ffff] {
           rw,  block CSTACK,  block HEAP };
"P5":  place in [from 0x4002'4000 to 0x4002'4fff] {  rw section .bkpsram };
"P6":  place in [from 0x800'8000 to 0x800'bfff] {  section .secure_area };
initialize by copy {  rw };

No sections matched the following patterns:

  section .ccmram  in "P3-P4"
  section .sram    in "P3-P4"


  Section                 Kind         Address  Alignment      Size  Object
  -------                 ----         -------  ---------      ----  ------
"P6":                                                         0xee0
  .secure_area            zero      0x800'8000                0xee0  secure_area.o [1]
                                  - 0x800'8ee0                0xee0

"A0":                                                         0x1ac
  .intvec                 ro code   0x800'c000          4     0x1ac  startup_stm32f427xx.o [4]
                                  - 0x800'c1ac                0x1ac

"P1", part 1 of 2:                                            0x56f
  .text                   ro code   0x800'c1ac          2       0xa  xsprout.o [21]
  Initializer bytes       const     0x800'c1b6                0x565  <for P2-1>
                                  - 0x800'c71b                0x56f

Absolute sections, part 1 of 2:                                0x40
  .rodata                 const     0x800'd000                 0x40  fwChecksum.o [13]
                                  - 0x800'd040                 0x40

"P1", part 2 of 2:                                         0x8'621c
  .text                   ro code   0x800'd040          4    0x8dbc  httpserver-socket.o [19]
  .text                   ro code   0x801'5dfc          2      0x2a  strncmp.o [21]
  .text                   ro code   0x801'5e26          2      0x7e  lz77_init_single.o [24]
  .text                   ro code   0x801'5ea4          4     0x712  mem.o [9]
  .rodata                 const     0x801'65b6                 0x42  snapsi.o [15]
  .text                   ro code   0x801'65f8          4    0x1506  tcp.o [9]
  .text                   ro code   0x801'7afe          2      0x26  xencoding_8859_1.o [21]
  .text                   ro code   0x801'7b24          4    0x196c  tcp_out.o [9]
  .text                   ro code   0x801'9490          4    0x33a8  wrapper.o [1]
  .text                   ro code   0x801'c838          2      0x1e  strcat.o [21]
  .text                   ro code   0x801'c856          2      0x1e  xsscin.o [21]
  .text                   ro code   0x801'c874          4     0x90a  configurator.o [19]
  .text                   ro code   0x801'd17e          2      0x1a  cmox_md.c.o [22]
  .text                   ro code   0x801'd198          4    0x4b92  telnet.o [10]
  .text                   ro code   0x802'1d2a          2      0x1a  xsnprout.o [21]
  .text                   ro code   0x802'1d44          4     0xd0c  cmsis_os2.o [5]
  .text                   ro code   0x802'2a50          4      0x4c  fs.o [19]
  .text                   ro code   0x802'2a9c          4     0x84e  rtcApi.o [1]
  .text                   ro code   0x802'32ea          2      0x16  cmox_math.c.o [22]
  .text                   ro code   0x802'3300          4      0x18  strcpy.o [24]
  .text                   ro code   0x802'3318          4    0x15f4  dlmalloc.o [21]
  .text                   ro code   0x802'490c          4      0x36  strlen.o [24]
  .text                   ro code   0x802'4944          4     0x7bc  secure_area.o [1]
  .text                   ro code   0x802'5100          4      0xa6  ABImemcpy.o [24]
  .text                   ro code   0x802'51a6          2      0x2c  strstr.o [21]
  .rodata                 const     0x802'51d2                  0x6  ethernet.o [9]
  .text                   ro code   0x802'51d8          4    0x12aa  eeprom.o [1]
  .rodata                 const     0x802'6482                  0x6  ethernet.o [9]
  .text                   ro code   0x802'6488          4      0x66  ABImemset.o [24]
  .rodata                 const     0x802'64ee          2       0x2  LcdMng.o [18]
  .text                   ro code   0x802'64f0          4    0x29c4  LcdMng.o [18]
  .text                   ro code   0x802'8eb4          4    0x2824  Em_Task.o [6]
  .text                   ro code   0x802'b6d8          4    0x41dc  EvsMng.o [18]
  .text                   ro code   0x802'f8b4          4    0x41f0  scuMdb.o [10]
  .text                   ro code   0x803'3aa4          4     0x138  ethInitTask.o [15]
  .text                   ro code   0x803'3bdc          4     0x9d4  pbuf.o [9]
  .text                   ro code   0x803'45b0          2       0xa  isdigit.o [21]
  .rodata                 const     0x803'45ba          2       0x2  LcdMng.o [18]
  .text                   ro code   0x803'45bc          4     0x142  iar_Stoulx.o [21]
  .rodata                 const     0x803'46fe          2       0x2  LcdMng.o [18]
  .text                   ro code   0x803'4700          4    0x42e8  sbcSem.o [10]
  .text                   ro code   0x803'89e8          4    0x1970  main.o [12]
  .text                   ro code   0x803'a358          4      0x40  sprintf.o [21]
  .text                   ro code   0x803'a398          4      0x70  strncpy.o [24]
  .text                   ro code   0x803'a408          4    0x21e8  app_emob.o [14]
  .text                   ro code   0x803'c5f0          4     0x2ec  snapsi.o [15]
  .text                   ro code   0x803'c8dc          4     0xa78  RfidMng.o [18]
  .text                   ro code   0x803'd354          4      0xa6  iar_Stollx.o [21]
  .rodata                 const     0x803'd3fa          2       0x2  LcdMng.o [18]
  .text                   ro code   0x803'd3fc          4     0x7b8  ledMng.o [15]
  .text                   ro code   0x803'dbb4          4     0x3ba  stm32f4xx_hal_rtc_ex.o [11]
  .rodata                 const     0x803'df6e          2       0x2  LcdMng.o [18]
  .text                   ro code   0x803'df70          4     0x48c  ContactMng.o [18]
  .text                   ro code   0x803'e3fc          4     0xd34  adcTask.o [15]
  .text                   ro code   0x803'f130          4     0xad4  ioExp.o [15]
  .text                   ro code   0x803'fc04          4    0x17e0  sbcGsy.o [10]
  .text                   ro code   0x804'13e4          4     0x28c  monitorMng.o [15]
  .text                   ro code   0x804'1670          4    0x1258  lcd.o [1]
  .text                   ro code   0x804'28c8          4     0x938  ExtFlash_stm32f4.o [3]
  .text                   ro code   0x804'3200          4      0x28  cmox_sha256.c.o [22]
  .text                   ro code   0x804'3228          4      0x20  cmox_hash.c.o [22]
  .text                   ro code   0x804'3248          4      0x24  cmox_hash.c.o [22]
  .text                   ro code   0x804'326c          4      0x24  cmox_hash.c.o [22]
  .text                   ro code   0x804'3290          4      0x2c  cmox_ecc.c.o [22]
  .text                   ro code   0x804'32bc          4     0x2e8  cmox_ecdsa.c.o [22]
  .text                   ro code   0x804'35a4          2      0x18  cmox_ecc.c.o [22]
  .text                   ro code   0x804'35bc          4      0x20  cmox_hash.c.o [22]
  .text                   ro code   0x804'35dc          2       0x4  cmox_init.c.o [22]
  .text                   ro code   0x804'35e0          4     0x4cc  stm32f4xx_it.o [12]
  .text                   ro code   0x804'3aac          4     0x254  stm32f4xx_hal_cortex.o [11]
  .text                   ro code   0x804'3d00          4     0x1b0  flash_if.o [12]
  .text                   ro code   0x804'3eb0          4      0x68  memcmp.o [24]
  .text                   ro code   0x804'3f18          4     0xdb8  queue.o [5]
  .text                   ro code   0x804'4cd0          4    0x12fc  tasks.o [5]
  .text                   ro code   0x804'5fcc          4     0x62c  timers.o [5]
  .text                   ro code   0x804'65f8          4     0x3b6  i2c.o [3]
  .rodata                 const     0x804'69ae          2       0x2  LcdMng.o [18]
  .text                   ro code   0x804'69b0          4     0xa52  prot_OnUsart.o [10]
  .rodata                 const     0x804'7402          2       0x2  LcdMng.o [18]
  .text                   ro code   0x804'7404          4     0x150  strerror.o [21]
  .text                   ro code   0x804'7554          2      0x1e  isxdigit.o [21]
  .rodata                 const     0x804'7572          2       0x2  LcdMng.o [18]
  .text                   ro code   0x804'7574          4     0x144  sys_arch.o [9]
  .text                   ro code   0x804'76b8          4      0x98  rand.o [21]
  .text                   ro code   0x804'7750          4     0x144  memp.o [9]
  .text                   ro code   0x804'7894          4    0x1bd4  tcp_in.o [9]
  .text                   ro code   0x804'9468          4     0x218  timeouts.o [9]
  .text                   ro code   0x804'9680          4     0x420  netif.o [9]
  .text                   ro code   0x804'9aa0          4     0x404  ip4.o [9]
  .text                   ro code   0x804'9ea4          2      0x2c  def.o [9]
  .text                   ro code   0x804'9ed0          4     0xd70  inputsMng.o [15]
  .text                   ro code   0x804'ac40          4     0x4ac  stm32f4xx_hal_gpio.o [11]
  .text                   ro code   0x804'b0ec          4     0xd1e  stm32f4xx_hal_tim.o [11]
  .rodata                 const     0x804'be0a          2       0x2  LcdMng.o [18]
  .text                   ro code   0x804'be0c          4      0xf4  usart_esp32.o [20]
  .text                   ro code   0x804'bf00          4     0x2f8  transaction_register.o [14]
  .text                   ro code   0x804'c1f8          4     0x5b4  scheduleMng.o [10]
  .text                   ro code   0x804'c7ac          4     0x29c  Event_log.o [18]
  .text                   ro code   0x804'ca48          4      0x28  stm32f4xx_hal.o [11]
  .text                   ro code   0x804'ca70          4      0xe0  mktime64.o [21]
  .text                   ro code   0x804'cb50          4     0x428  stm32f4xx_hal_flash_ex.o [11]
  .text                   ro code   0x804'cf78          4     0x280  stm32f4xx_hal_flash.o [11]
  .text                   ro code   0x804'd1f8          2      0x90  iar_Stolx.o [21]
  .text                   ro code   0x804'd288          4      0x16  strchr.o [24]
  .rodata                 const     0x804'd29e          2       0x2  scuMdb.o [10]
  .text                   ro code   0x804'd2a0          4      0x12  strcmp.o [24]
  .rodata                 const     0x804'd2b2          2       0x2  xlocale_c.o [21]
  .text                   ro code   0x804'd2b4          4     0x7cc  hts.o [1]
  .text                   ro code   0x804'da80          4    0x17bc  PersMng.o [18]
  .text                   ro code   0x804'f23c          4      0x28  sscanf.o [21]
  .text                   ro code   0x804'f264          2      0x14  toupper.o [21]
  .text                   ro code   0x804'f278          4      0x34  vsprintf.o [21]
  .text                   ro code   0x804'f2ac          4     0x110  dbg_Task.o [8]
  .text                   ro code   0x804'f3bc          4     0x394  event_groups.o [5]
  .text                   ro code   0x804'f750          2      0x20  localtim64.o [21]
  .text                   ro code   0x804'f770          4     0x420  stm32f4xx_hal_rtc.o [11]
  .text                   ro code   0x804'fb90          4       0xe  math_wrappers64.o [23]
  .rodata                 const     0x804'fb9e                  0x1  app_emob.o [14]
  .rodata                 const     0x804'fb9f                  0x1  app_emob.o [14]
  .text                   ro code   0x804'fba0          4      0x22  DblToU32.o [23]
  .rodata                 const     0x804'fbc2                  0x1  LcdMng.o [18]
  .rodata                 const     0x804'fbc3                  0x1  xlocale_c.o [21]
  .text                   ro code   0x804'fbc4          4      0x28  asctime.o [21]
  .text                   ro code   0x804'fbec          2       0x6  abort.o [21]
  .rodata                 const     0x804'fbf2                  0x1  xlocale_c.o [21]
  .text                   ro code   0x804'fbf4          4      0x2c  xgetmemchunk.o [21]
  .text                   ro code   0x804'fc20          4       0x6  ABImemclr.o [24]
  .text                   ro code   0x804'fc28          4       0x6  ABImemclr4.o [24]
  .text                   ro code   0x804'fc30          4      0x80  cmox_init.c.o [22]
  .text                   ro code   0x804'fcb0          4      0x34  cmox_hash.c.o [22]
  .text                   ro code   0x804'fce4          4     0xd30  EnergyMng.o [18]
  .text                   ro code   0x805'0a14          4    0x10fc  ExtInpMng.o [18]
  .text                   ro code   0x805'1b10          4    0x179c  PwmMng.o [18]
  .text                   ro code   0x805'32ac          4     0x4e8  EvsTimeMng.o [18]
  .text                   ro code   0x805'3794          2      0x28  strncat.o [21]
  .text                   ro code   0x805'37bc          4     0x274  I64DivMod.o [24]
  .text                   ro code   0x805'3a30          4     0x1ae  Em_Uart.o [6]
  .text                   ro code   0x805'3be0          4     0x5d0  stm32f4xx_hal_dma.o [11]
  .text                   ro code   0x805'41b0          4     0xd04  PilotMng.o [18]
  .text                   ro code   0x805'4eb4          4     0x882  BlockMng.o [18]
  .text                   ro code   0x805'5738          4     0x218  diffRiarm.o [18]
  .text                   ro code   0x805'5950          4     0x514  homeplugdev.o [17]
  .text                   ro code   0x805'5e64          4      0x54  stm32f4xx_hal.o [11]
  .text                   ro code   0x805'5eb8          4     0x38a  sbcUart.o [10]
  .text                   ro code   0x805'6244          4       0xc  stm32f4xx_hal.o [11]
  .text                   ro code   0x805'6250          4     0xde4  stm32f4xx_hal_uart.o [11]
  .text                   ro code   0x805'7034          4      0x1c  U32ToDbl.o [23]
  .text                   ro code   0x805'7050          4     0x1aa  DblMul.o [23]
  .text                   ro code   0x805'71fc          4      0x36  DblToS32.o [23]
  .text                   ro code   0x805'7234          4     0x260  lwip.o [12]
  .text                   ro code   0x805'7494          4     0x268  tcpip.o [9]
  .text                   ro code   0x805'76fc          2      0x14  isspace.o [21]
  .text                   ro code   0x805'7710          2      0x14  tolower.o [21]
  .text                   ro code   0x805'7724          4      0x58  memchr.o [24]
  .text                   ro code   0x805'777c          4      0x44  errno.o [21]
  .text                   ro code   0x805'77c0          4     0x7f8  stm32f4xx_periph_init.o [12]
  .text                   ro code   0x805'7fb8          4     0x1a0  AutotestMng.o [18]
  .text                   ro code   0x805'8158          4      0x48  crc.o [12]
  .text                   ro code   0x805'81a0          4      0x9c  stm32f4xx_hal_rcc.o [11]
  .text                   ro code   0x805'823c          4      0x40  stm32f4xx_hal_pwr.o [11]
  .text                   ro code   0x805'827c          4     0x3f0  stm32f4xx_hal_rcc.o [11]
  .text                   ro code   0x805'866c          4      0xb8  stm32f4xx_hal_pwr_ex.o [11]
  .text                   ro code   0x805'8724          4      0x10  stm32f4xx_hal.o [11]
  .text                   ro code   0x805'8734          4      0x10  stm32f4xx_hal.o [11]
  .text                   ro code   0x805'8744          4     0xd56  stm32f4xx_hal_i2c.o [11]
  .text                   ro code   0x805'949c          4      0x18  stm32f4xx_hal.o [11]
  .text                   ro code   0x805'94b4          2      0x6a  stm32f4xx_hal_iwdg.o [11]
  .text                   ro code   0x805'9520          4     0x4fd  xprintfsmall.o [21]
  .text                   ro code   0x805'9a20          4      0x32  wifi.o [20]
  .text                   ro code   0x805'9a54          4     0x1ac  iar_Stoullx.o [21]
  .text                   ro code   0x805'9c00          2       0x2  stm32f4xx_hal_rtc_ex.o [11]
  .text                   ro code   0x805'9c02          2       0x2  stm32f4xx_hal_rtc_ex.o [11]
  .text                   ro code   0x805'9c04          4     0xa6e  stm32f4xx_hal_adc.o [11]
  .text                   ro code   0x805'a674          4     0x10c  stm32f4xx_hal_tim_ex.o [11]
  .text                   ro code   0x805'a780          4      0x48  U64ToFlt.o [23]
  .text                   ro code   0x805'a7c8          4      0x1e  sqrtf.o [23]
  .text                   ro code   0x805'a7e8          4      0x22  S32ToDbl.o [23]
  .text                   ro code   0x805'a80c          4     0x25e  DblAddSub.o [23]
  .text                   ro code   0x805'aa6c          4     0x246  DblDiv.o [23]
  .text                   ro code   0x805'acb4          4     0x210  port.o [5]
  .text                   ro code   0x805'aec4          4     0x126  stm32f4xx_hal_dac.o [11]
  .text                   ro code   0x805'afec          4    0x1310  stm32f4xx_hal_spi.o [11]
  .text                   ro code   0x805'c2fc          2       0x8  cmox_md.c.o [22]
  .text                   ro code   0x805'c304          2      0x16  cmox_membuf.c.o [22]
  .text                   ro code   0x805'c31a          2      0x32  cmox_bn.c.o [22]
  .text                   ro code   0x805'c34c          2      0x1c  cmox_ecc.c.o [22]
  .text                   ro code   0x805'c368          2      0x16  cmox_bn.c.o [22]
  .text                   ro code   0x805'c37e          2      0x86  cmox_bn.c.o [22]
  .text                   ro code   0x805'c404          2      0x2c  cmox_bn.c.o [22]
  .text                   ro code   0x805'c430          2      0x82  cmox_bn.c.o [22]
  .text                   ro code   0x805'c4b2          2      0x10  cmox_ecc.c.o [22]
  .text                   ro code   0x805'c4c2          2      0x10  cmox_math.c.o [22]
  .text                   ro code   0x805'c4d2          2      0x5c  cmox_ecc.c.o [22]
  .text                   ro code   0x805'c52e          2       0x6  cmox_ecc.c.o [22]
  .text                   ro code   0x805'c534          2      0x16  cmox_bn.c.o [22]
  .text                   ro code   0x805'c54a          2      0x56  cmox_math.c.o [22]
  .text                   ro code   0x805'c5a0          2      0xfe  cmox_math.c.o [22]
  .text                   ro code   0x805'c69e          2      0x46  cmox_math.c.o [22]
  .text                   ro code   0x805'c6e4          2      0x10  cmox_ecc.c.o [22]
  .text                   ro code   0x805'c6f4          2      0xb8  cmox_ecc.c.o [22]
  .text                   ro code   0x805'c7ac          2      0x1e  cmox_bn.c.o [22]
  .text                   ro code   0x805'c7ca          2       0xa  cmox_mathutils.c.o [22]
  .text                   ro code   0x805'c7d4          4     0xbb8  cmox_ecc.c.o [22]
  .text                   ro code   0x805'd38c          4      0xf0  cmox_utils_compare.c.o [22]
  .text                   ro code   0x805'd47c          2      0x60  cmox_ecc.c.o [22]
  .text                   ro code   0x805'd4dc          2      0x1a  cmox_membuf.c.o [22]
  .text                   ro code   0x805'd4f8          4      0x3a  cmox_low_level.o [12]
  .text                   ro code   0x805'd534          4     0xaf0  stm32f4xx_hal_eth.o [11]
  .text                   ro code   0x805'e024          4     0x416  uartDbg.o [8]
  .text                   ro code   0x805'e43a          2      0x9a  list.o [5]
  .text                   ro code   0x805'e4d4          4     0x28c  heap_4.o [5]
  .text                   ro code   0x805'e760          2       0x4  tp_nothreads.o [21]
  .text                   ro code   0x805'e764          2      0x9c  fputs.o [21]
  .text                   ro code   0x805'e800          4      0x50  ip4_addr.o [9]
  .text                   ro code   0x805'e850          4     0x554  ethernetif_stm32f4.o [12]
  .text                   ro code   0x805'eda4          4     0x2e4  udp.o [9]
  .text                   ro code   0x805'f088          4     0xb60  etharp.o [9]
  .text                   ro code   0x805'fbe8          4     0xa70  ip4_frag.o [9]
  .text                   ro code   0x806'0658          4     0x2c0  icmp.o [9]
  .text                   ro code   0x806'0918          4     0xf04  stm32f4xx_hal_msp.o [12]
  .text                   ro code   0x806'181c          2       0x2  stm32f4xx_hal_tim.o [11]
  .text                   ro code   0x806'181e          2       0x2  stm32f4xx_hal_tim.o [11]
  .text                   ro code   0x806'1820          2       0x2  stm32f4xx_hal_tim_ex.o [11]
  .text                   ro code   0x806'1822          2       0x2  stm32f4xx_hal_tim.o [11]
  .text                   ro code   0x806'1824          2       0x2  stm32f4xx_hal_tim_ex.o [11]
  .text                   ro code   0x806'1828          4    0x1db8  wifi_esp32.o [20]
  .text                   ro code   0x806'35e0          4      0x96  ABImemmove.o [24]
  .text                   ro code   0x806'3678          4      0x3c  vsnprint.o [21]
  .text                   ro code   0x806'36b4          4      0xcc  xDaysTo64.o [21]
  .text                   ro code   0x806'3780          4     0x15c  xttotm64.o [21]
  .text                   ro code   0x806'38dc          2       0x4  xTzoff_nop.o [21]
  .text                   ro code   0x806'38e0          4     0x6b0  xscanfsmall.o [21]
  .text                   ro code   0x806'3f90          4     0x108  xlocale_c.o [21]
  .text                   ro code   0x806'4098          4     0x140  DataLink_dbg.o [8]
  .text                   ro code   0x806'41d8          2      0x28  difftime64.o [23]
  .text                   ro code   0x806'4200          2     0x112  xstrftim.o [21]
  .text                   ro code   0x806'4314          4      0x14  exit.o [25]
  .text                   ro code   0x806'4328          4      0x32  ABImemset48.o [24]
  .text                   ro code   0x806'435c          4       0x2  I64DivZer.o [24]
  .text                   ro code   0x806'4360          4      0x44  snprintf.o [21]
  .text                   ro code   0x806'43a4          4     0x51c  spi_drv.o [17]
  .text                   ro code   0x806'48c0          4     0x264  homeplugdev_spi.o [17]
  .text                   ro code   0x806'4b24          4      0x4c  stm32f4xx_hal.o [11]
  .text                   ro code   0x806'4b70          2       0x2  stm32f4xx_hal_uart.o [11]
  .text                   ro code   0x806'4b72          2       0x2  stm32f4xx_hal_uart.o [11]
  .text                   ro code   0x806'4b74          4      0x40  stm32f4xx_hal_rcc.o [11]
  .text                   ro code   0x806'4bb4          4      0x20  TCP_socket.o [19]
  .text                   ro code   0x806'4bd4          4      0x48  init.o [9]
  .text                   ro code   0x806'4c1c          2      0x24  stm32f4xx_hal_crc.o [11]
  .text                   ro code   0x806'4c40          4      0x40  xfail_s.o [21]
  .text                   ro code   0x806'4c80          2       0x2  stm32f4xx_hal_adc_ex.o [11]
  .text                   ro code   0x806'4c82          2       0x2  stm32f4xx_hal_adc.o [11]
  .text                   ro code   0x806'4c84          2       0x2  stm32f4xx_hal_adc.o [11]
  .text                   ro code   0x806'4c88          4      0x34  port.o [5]
  CODE                    ro code   0x806'4cbc          4      0xb4  portasm.o [5]
  .text                   ro code   0x806'4d70          2       0x2  stm32f4xx_hal_spi.o [11]
  .text                   ro code   0x806'4d72          2       0x2  stm32f4xx_hal_spi.o [11]
  .text                   ro code   0x806'4d74          2       0xa  cmox_mathutils.c.o [22]
  .text                   ro code   0x806'4d7e          2      0x24  cmox_mathutils.c.o [22]
  .text                   ro code   0x806'4da2          2      0x3e  cmox_membuf.c.o [22]
  .text                   ro code   0x806'4de0          2       0x6  cmox_mathutils.c.o [22]
  .text                   ro code   0x806'4de6          2      0x32  cmox_math.c.o [22]
  .text                   ro code   0x806'4e18          2      0x3e  cmox_math.c.o [22]
  .text                   ro code   0x806'4e56          2      0x18  cmox_math.c.o [22]
  .text                   ro code   0x806'4e6e          2      0x2a  cmox_membuf.c.o [22]
  .text                   ro code   0x806'4e98          2      0x70  cmox_bn.c.o [22]
  .text                   ro code   0x806'4f08          2      0x5c  cmox_math.c.o [22]
  .text                   ro code   0x806'4f64          2      0x44  cmox_math.c.o [22]
  .text                   ro code   0x806'4fa8          2      0x42  cmox_math.c.o [22]
  .text                   ro code   0x806'4fea          2     0x122  cmox_math.c.o [22]
  .text                   ro code   0x806'510c          2       0xa  cmox_bn.c.o [22]
  .text                   ro code   0x806'5116          2      0xbe  cmox_math.c.o [22]
  .text                   ro code   0x806'51d4          2      0xa4  cmox_math.c.o [22]
  .text                   ro code   0x806'5278          2       0x2  stm32f4xx_hal_eth.o [11]
  .text                   ro code   0x806'527a          2       0x2  stm32f4xx_hal_eth.o [11]
  .text                   ro code   0x806'527c          2      0x1c  strrchr.o [21]
  .text                   ro code   0x806'5298          2      0xb4  xfwprep.o [21]
  .text                   ro code   0x806'534c          4      0xac  fflush.o [21]
  .text                   ro code   0x806'53f8          4     0x158  ethernet.o [9]
  .text                   ro code   0x806'5550          4     0x2a0  stm32f4xx_hal_rcc_ex.o [11]
  .text                   ro code   0x806'57f0          4    0x16a4  esp32.o [20]
  .text                   ro code   0x806'6e94          2     0x2c4  stream.o [20]
  .text                   ro code   0x806'7158          2       0x6  xisdst_nop64.o [21]
  .text                   ro code   0x806'715e          2      0x30  wctob.o [21]
  .text                   ro code   0x806'7190          4      0x46  U64ToDbl.o [23]
  .text                   ro code   0x806'71d8          4     0x836  xgentime.o [21]
  .text                   ro code   0x806'7a10          4      0x7c  iarttio.o [25]
  .text                   ro code   0x806'7a8c          2      0x38  cmox_math.c.o [22]
  .text                   ro code   0x806'7ac4          2      0x24  fseek.o [21]
  .text                   ro code   0x806'7ae8          2      0x10  write.o [25]
  .text                   ro code   0x806'7af8          2      0x40  xgettime.o [21]
  .text                   ro code   0x806'7b38          2       0x4  getzone_nop.o [21]
  .text                   ro code   0x806'7b3c          4       0x8  XShttio.o [21]
  .text                   ro code   0x806'7b44          2      0xd0  xfspos.o [21]
  .text                   ro code   0x806'7c14          2      0x1e  dwrite.o [25]
  .text                   ro code   0x806'7c32          2       0xc  xfgpos.o [21]
  .text                   ro code   0x806'7c3e          2      0x4e  lseek.o [25]
  .text                   ro code   0x806'7c8c          2      0x20  iarwstd.o [25]
  .text                   ro code   0x806'7cac          2      0x22  iarwrite.o [25]
  .text                   ro code   0x806'7cd0          4      0xc8  XShHandles.o [21]
  .rodata                 const     0x806'7d98          4    0x737c  fs.o [19]
  .rodata                 const     0x806'f114          4    0x60b0  fs.o [19]
  .rodata                 const     0x807'51c4          4    0x3b30  fs.o [19]
  .rodata                 const     0x807'8cf4          4    0x26ac  fs.o [19]
  .rodata                 const     0x807'b3a0          4    0x20f0  fs.o [19]
  .rodata                 const     0x807'd490          4    0x16d0  fs.o [19]
  .rodata                 const     0x807'eb60          4     0xa68  LcdMng.o [18]
  .rodata                 const     0x807'f5c8          4     0x7f8  Em_Task.o [6]
  .rodata                 const     0x807'fdc0          4     0x760  fs.o [19]
  .text                   ro code   0x808'0520          2     0x70a  cmox_math_armv7em_ewarm_mm-fios256.s.o [22]
  .text                   ro code   0x808'0c2c          4     0x67c  cmox_scalarmul.c.o [22]
  .text                   ro code   0x808'12a8          2      0x48  cmox_bn.c.o [22]
  .text                   ro code   0x808'12f0          2       0xe  cmox_mathutils.c.o [22]
  .rodata                 const     0x808'1300          4     0x574  fs.o [19]
  .rodata                 const     0x808'1874          4     0x4fc  fs.o [19]
  .rodata                 const     0x808'1d70          4     0x4c8  fs.o [19]
  .text                   ro code   0x808'2238          2     0x3f8  cmox_scalarmul.c.o [22]
  .text                   ro code   0x808'2630          2      0x10  cmox_mathutils.c.o [22]
  .text                   ro code   0x808'2640          2      0x96  cmox_bn.c.o [22]
  .rodata                 const     0x808'26d8          4     0x3c8  scuMdb.o [10]
  .text                   ro code   0x808'2aa0          2     0x3ac  cmox_scalarmul.c.o [22]
  .text                   ro code   0x808'2e4c          4     0x39c  modbus_tcp.o [16]
  .text                   ro code   0x808'31e8          2      0x10  modbus.o [16]
  .rodata                 const     0x808'31f8          4     0x374  fs.o [19]
  .rodata                 const     0x808'356c          4     0x300  lcd.o [1]
  .rodata                 const     0x808'386c          4     0x300  lcd.o [1]
  .rodata                 const     0x808'3b6c          4     0x300  lcd.o [1]
  .rodata                 const     0x808'3e6c          4     0x300  lcd.o [1]
  .rodata                 const     0x808'416c          4     0x300  lcd.o [1]
  .rodata                 const     0x808'446c          4     0x300  lcd.o [1]
  .rodata                 const     0x808'476c          4     0x300  lcd.o [1]
  CMOX_CTA_PROTECTED_DATA
                          const     0x808'4a6c          4     0x264  cmox_ecc_curve_p256.c.o [22]
  .text                   ro code   0x808'4cd0          4     0x22c  cmox_modexp.c.o [22]
  .rodata                 const     0x808'4efc          4     0x224  cmox_ecc_curve_p256.c.o [22]
  .rodata                 const     0x808'5120          4     0x220  fs.o [19]
  .rodata                 const     0x808'5340          4     0x21c  Em_Task.o [6]
  .text                   ro code   0x808'555c          4     0x1ec  cmox_sha256_common.c.o [22]
  .text                   ro code   0x808'5748          4     0x1a0  cmox_md.c.o [22]
  .rodata                 const     0x808'58e8          4     0x100  app_emob.o [14]
  .rodata                 const     0x808'59e8          4     0x100  Em_Task.o [6]
  .rodata                 const     0x808'5ae8          4     0x100  Em_Task.o [6]
  .rodata                 const     0x808'5be8          4     0x100  cmox_sha256_common.c.o [22]
  .rodata                 const     0x808'5ce8          4      0xec  httpserver-socket.o [19]
  .rodata                 const     0x808'5dd4          4      0xe8  app_emob.o [14]
  .rodata                 const     0x808'5ebc          4      0xd0  telnet.o [10]
  .rodata                 const     0x808'5f8c          4      0xc8  app_emob.o [14]
  .text                   ro code   0x808'6054          4      0xa8  cmox_md.c.o [22]
  .text                   ro code   0x808'60fc          2      0x96  cmox_utils_compare.c.o [22]
  .text                   ro code   0x808'6192          2      0x8c  cmox_utils_compare.c.o [22]
  .text                   ro code   0x808'6220          4      0x8c  xfofind.o [21]
  .rodata                 const     0x808'62ac          4      0x88  xlocale_c.o [21]
  .rodata                 const     0x808'6334          4      0x84  telnet.o [10]
  .rodata                 const     0x808'63b8          4      0x80  lcd.o [1]
  .rodata                 const     0x808'6438          4      0x80  lcd.o [1]
  .rodata                 const     0x808'64b8          4      0x80  lcd.o [1]
  .rodata                 const     0x808'6538          4      0x80  lcd.o [1]
  .rodata                 const     0x808'65b8          4      0x80  lcd.o [1]
  .text                   ro code   0x808'6638          2      0x7a  fclose.o [21]
  .text                   ro code   0x808'66b2          2      0x18  close.o [25]
  .text                   ro code   0x808'66ca          2      0x14  remove.o [25]
  .rodata                 const     0x808'66e0          4      0x78  telnet.o [10]
  .rodata                 const     0x808'6758          4      0x74  telnet.o [10]
  .rodata                 const     0x808'67cc          4      0x74  telnet.o [10]
  .rodata                 const     0x808'6840          4      0x70  ip4_frag.o [9]
  .rodata                 const     0x808'68b0          4      0x70  telnet.o [10]
  .text                   ro code   0x808'6920          4      0x70  cmox_sha256.c.o [22]
  .text                   ro code   0x808'6990          2      0x5c  cmox_hash.c.o [22]
  .rodata                 const     0x808'69ec          4      0x6c  app_emob.o [14]
  .rodata                 const     0x808'6a58          4      0x6c  Em_Task.o [6]
  .rodata                 const     0x808'6ac4          4      0x6c  etharp.o [9]
  .rodata                 const     0x808'6b30          4      0x6c  ethernet.o [9]
  .rodata                 const     0x808'6b9c          4      0x6c  icmp.o [9]
  .rodata                 const     0x808'6c08          4      0x6c  telnet.o [10]
  .rodata                 const     0x808'6c74          4      0x68  ip4.o [9]
  .rodata                 const     0x808'6cdc          4      0x68  netif.o [9]
  .rodata                 const     0x808'6d44          4      0x68  tcp_in.o [9]
  .rodata                 const     0x808'6dac          4      0x68  tcp_out.o [9]
  .rodata                 const     0x808'6e14          4      0x68  telnet.o [10]
  .rodata                 const     0x808'6e7c          4      0x68  telnet.o [10]
  .rodata                 const     0x808'6ee4          4      0x68  timeouts.o [9]
  .rodata                 const     0x808'6f4c          4      0x64  init.o [9]
  .rodata                 const     0x808'6fb0          4      0x64  mem.o [9]
  .rodata                 const     0x808'7014          4      0x64  memp.o [9]
  .rodata                 const     0x808'7078          4      0x64  pbuf.o [9]
  .rodata                 const     0x808'70dc          4      0x64  tcp.o [9]
  .rodata                 const     0x808'7140          4      0x64  tcpip.o [9]
  .rodata                 const     0x808'71a4          4      0x64  telnet.o [10]
  .rodata                 const     0x808'7208          4      0x64  telnet.o [10]
  .rodata                 const     0x808'726c          4      0x64  telnet.o [10]
  .rodata                 const     0x808'72d0          4      0x64  udp.o [9]
  .rodata                 const     0x808'7334          4      0x60  EvsMng.o [18]
  .rodata                 const     0x808'7394          4      0x60  telnet.o [10]
  .rodata                 const     0x808'73f4          4      0x5c  Em_Task.o [6]
  .rodata                 const     0x808'7450          4      0x5c  telnet.o [10]
  .rodata                 const     0x808'74ac          4      0x58  Event_log.o [18]
  .rodata                 const     0x808'7504          4      0x58  Event_log.o [18]
  .rodata                 const     0x808'755c          4      0x58  Event_log.o [18]
  .rodata                 const     0x808'75b4          4      0x58  tcp_out.o [9]
  .rodata                 const     0x808'760c          4      0x58  xlocale_c.o [21]
  .rodata                 const     0x808'7664          4      0x54  configurator.o [19]
  .rodata                 const     0x808'76b8          4      0x54  Event_log.o [18]
  .rodata                 const     0x808'770c          4      0x54  prot_OnUsart.o [10]
  .rodata                 const     0x808'7760                 0x54  sbcSem.o [10]
  .rodata                 const     0x808'77b4          4      0x54  stm32f4xx_periph_init.o [12]
  .rodata                 const     0x808'7808          4      0x54  telnet.o [10]
  .rodata                 const     0x808'785c          4      0x54  telnet.o [10]
  .rodata                 const     0x808'78b0          4      0x54  telnet.o [10]
  .rodata                 const     0x808'7904          4      0x54  uartDbg.o [8]
  .text                   ro code   0x808'7958          2      0x54  fputc.o [21]
  .rodata                 const     0x808'79ac          4      0x50  ethernetif_stm32f4.o [12]
  .rodata                 const     0x808'79fc          4      0x50  sbcUart.o [10]
  .rodata                 const     0x808'7a4c          4      0x50  scuMdb.o [10]
  .rodata                 const     0x808'7a9c          4      0x50  telnet.o [10]
  .rodata                 const     0x808'7aec          4      0x50  telnet.o [10]
  .rodata                 const     0x808'7b3c          4      0x50  iar_Stoulx.o [21]
  .rodata                 const     0x808'7b8c          4      0x50  iar_Stoullx.o [21]
  .rodata                 const     0x808'7bdc          4      0x4c  app_emob.o [14]
  .rodata                 const     0x808'7c28          4      0x4c  Em_Uart.o [6]
  .rodata                 const     0x808'7c74          4      0x4c  telnet.o [10]
  .rodata                 const     0x808'7cc0          4      0x4c  telnet.o [10]
  .rodata                 const     0x808'7d0c          4      0x4c  telnet.o [10]
  .rodata                 const     0x808'7d58          4      0x4c  telnet.o [10]
  .rodata                 const     0x808'7da4          4      0x4c  telnet.o [10]
  .rodata                 const     0x808'7df0          4      0x4c  telnet.o [10]
  .rodata                 const     0x808'7e3c          4      0x4c  telnet.o [10]
  .rodata                 const     0x808'7e88          4      0x4c  xlocale_c.o [21]
  .rodata                 const     0x808'7ed4          4      0x48  i2c.o [3]
  .rodata                 const     0x808'7f1c          4      0x48  telnet.o [10]
  .rodata                 const     0x808'7f64          4      0x48  telnet.o [10]
  .rodata                 const     0x808'7fac          4      0x48  telnet.o [10]
  .rodata                 const     0x808'7ff4          4      0x48  telnet.o [10]
  .rodata                 const     0x808'803c          4      0x48  telnet.o [10]
  .rodata                 const     0x808'8084          4      0x44  app_emob.o [14]
  .rodata                 const     0x808'80c8          4      0x44  app_emob.o [14]
  .rodata                 const     0x808'810c          4      0x44  eeprom.o [1]
  .rodata                 const     0x808'8150          4      0x44  eeprom.o [1]
  .rodata                 const     0x808'8194          4      0x44  etharp.o [9]
  .rodata                 const     0x808'81d8          4      0x44  Event_log.o [18]
  .rodata                 const     0x808'821c          4      0x44  init.o [9]
  .rodata                 const     0x808'8260          4      0x44  telnet.o [10]
  .rodata                 const     0x808'82a4          4      0x44  telnet.o [10]
  .text                   ro code   0x808'82e8          2      0x44  cmox_md.c.o [22]
  .rodata                 const     0x808'832c          4      0x40  app_emob.o [14]
  .rodata                 const     0x808'836c          4      0x40  app_emob.o [14]
  .rodata                 const     0x808'83ac          4      0x40  etharp.o [9]
  .rodata                 const     0x808'83ec          4      0x40  httpserver-socket.o [19]
  .rodata                 const     0x808'842c          4      0x40  sbcSem.o [10]
  .rodata                 const     0x808'846c          4      0x40  tcp_out.o [9]
  .rodata                 const     0x808'84ac          4      0x40  telnet.o [10]
  .rodata                 const     0x808'84ec          4      0x40  telnet.o [10]
  .rodata                 const     0x808'852c          4      0x40  telnet.o [10]
  .rodata                 const     0x808'856c          4      0x40  timeouts.o [9]
  .text                   ro code   0x808'85ac          4      0x40  cmox_sha256.c.o [22]
  .text                   ro code   0x808'85ec          2      0x1e  cmox_md.c.o [22]
  .text                   ro code   0x808'860a          2      0x3e  cmox_ecc.c.o [22]
  .rodata                 const     0x808'8648          4      0x3c  app_emob.o [14]
  .rodata                 const     0x808'8684          4      0x3c  app_emob.o [14]
  .rodata                 const     0x808'86c0          4      0x3c  Event_log.o [18]
  .rodata                 const     0x808'86fc          4      0x3c  tcp_in.o [9]
  .rodata                 const     0x808'8738          4      0x3c  tcp_out.o [9]
  .rodata                 const     0x808'8774          4      0x3c  tcp_out.o [9]
  .rodata                 const     0x808'87b0          4      0x3c  telnet.o [10]
  .rodata                 const     0x808'87ec          4      0x3c  telnet.o [10]
  .rodata                 const     0x808'8828          4      0x3c  telnet.o [10]
  .rodata                 const     0x808'8864          4      0x3c  telnet.o [10]
  .rodata                 const     0x808'88a0          4      0x3c  telnet.o [10]
  .text                   ro code   0x808'88dc          4      0x3c  xcloseall.o [21]
  .rodata                 const     0x808'8918          4      0x38  app_emob.o [14]
  .rodata                 const     0x808'8950          4      0x38  eeprom.o [1]
  .rodata                 const     0x808'8988          4      0x38  eeprom.o [1]
  .rodata                 const     0x808'89c0          4      0x38  httpserver-socket.o [19]
  .rodata                 const     0x808'89f8          4      0x38  icmp.o [9]
  .rodata                 const     0x808'8a30          4      0x38  ioExp.o [15]
  .rodata                 const     0x808'8a68          4      0x38  ip4_frag.o [9]
  .rodata                 const     0x808'8aa0          4      0x38  pbuf.o [9]
  .rodata                 const     0x808'8ad8          4      0x38  sbcSem.o [10]
  .rodata                 const     0x808'8b10          4      0x38  tcp.o [9]
  .rodata                 const     0x808'8b48          4      0x38  tcp.o [9]
  .rodata                 const     0x808'8b80          4      0x38  tcp_in.o [9]
  .rodata                 const     0x808'8bb8          4      0x38  tcp_out.o [9]
  .rodata                 const     0x808'8bf0          4      0x38  tcp_out.o [9]
  .rodata                 const     0x808'8c28          4      0x38  telnet.o [10]
  .rodata                 const     0x808'8c60          4      0x38  telnet.o [10]
  .rodata                 const     0x808'8c98          4      0x38  telnet.o [10]
  .rodata                 const     0x808'8cd0          4      0x38  telnet.o [10]
  .rodata                 const     0x808'8d08          4      0x38  telnet.o [10]
  .rodata                 const     0x808'8d40          4      0x38  timeouts.o [9]
  .text                   ro code   0x808'8d78          2      0x38  zero_init3.o [24]
  .rodata                 const     0x808'8db0          4      0x34  app_emob.o [14]
  .rodata                 const     0x808'8de4          4      0x34  app_emob.o [14]
  .rodata                 const     0x808'8e18          4      0x34  app_emob.o [14]
  .rodata                 const     0x808'8e4c          4      0x34  app_emob.o [14]
  .rodata                 const     0x808'8e80          4      0x34  app_emob.o [14]
  .rodata                 const     0x808'8eb4          4      0x34  app_emob.o [14]
  .rodata                 const     0x808'8ee8          4      0x34  app_emob.o [14]
  .rodata                 const     0x808'8f1c          4      0x34  app_emob.o [14]
  .rodata                 const     0x808'8f50          4      0x34  eeprom.o [1]
  .rodata                 const     0x808'8f84          4      0x34  etharp.o [9]
  .rodata                 const     0x808'8fb8          4      0x34  ethernet.o [9]
  .rodata                 const     0x808'8fec          4      0x34  icmp.o [9]
  .rodata                 const     0x808'9020          4      0x34  mem.o [9]
  .rodata                 const     0x808'9054          4      0x34  memp.o [9]
  .rodata                 const     0x808'9088          4      0x34  pbuf.o [9]
  .rodata                 const     0x808'90bc          4      0x34  sbcSem.o [10]
  .rodata                 const     0x808'90f0          4      0x34  sbcSem.o [10]
  .rodata                 const     0x808'9124          4      0x34  sbcSem.o [10]
  .rodata                 const     0x808'9158          4      0x34  scheduleMng.o [10]
  .rodata                 const     0x808'918c          4      0x34  tcp.o [9]
  .rodata                 const     0x808'91c0          4      0x34  tcp.o [9]
  .rodata                 const     0x808'91f4          4      0x34  tcp.o [9]
  .rodata                 const     0x808'9228          4      0x34  tcp_out.o [9]
  .rodata                 const     0x808'925c          4      0x34  telnet.o [10]
  .rodata                 const     0x808'9290          4      0x34  telnet.o [10]
  .rodata                 const     0x808'92c4          4      0x34  telnet.o [10]
  .rodata                 const     0x808'92f8          4      0x34  telnet.o [10]
  .rodata                 const     0x808'932c          4      0x34  telnet.o [10]
  .rodata                 const     0x808'9360          4      0x34  telnet.o [10]
  .rodata                 const     0x808'9394          4      0x34  telnet.o [10]
  .rodata                 const     0x808'93c8          4      0x34  telnet.o [10]
  .rodata                 const     0x808'93fc          4      0x34  telnet.o [10]
  .rodata                 const     0x808'9430          4      0x34  telnet.o [10]
  .rodata                 const     0x808'9464          4      0x34  telnet.o [10]
  .rodata                 const     0x808'9498          4      0x34  telnet.o [10]
  .rodata                 const     0x808'94cc          4      0x34  telnet.o [10]
  .rodata                 const     0x808'9500          4      0x34  telnet.o [10]
  .rodata                 const     0x808'9534          4      0x34  telnet.o [10]
  .rodata                 const     0x808'9568          4      0x34  telnet.o [10]
  .rodata                 const     0x808'959c          4      0x30  app_emob.o [14]
  .rodata                 const     0x808'95cc          4      0x30  app_emob.o [14]
  .rodata                 const     0x808'95fc          4      0x30  app_emob.o [14]
  .rodata                 const     0x808'962c          4      0x30  app_emob.o [14]
  .rodata                 const     0x808'965c          4      0x30  app_emob.o [14]
  .rodata                 const     0x808'968c          4      0x30  eeprom.o [1]
  .rodata                 const     0x808'96bc          4      0x30  eeprom.o [1]
  .rodata                 const     0x808'96ec          4      0x30  esp32.o [20]
  .rodata                 const     0x808'971c          4      0x30  etharp.o [9]
  .rodata                 const     0x808'974c          4      0x30  httpserver-socket.o [19]
  .rodata                 const     0x808'977c          4      0x30  httpserver-socket.o [19]
  .rodata                 const     0x808'97ac          4      0x30  inputsMng.o [15]
  .rodata                 const     0x808'97dc          4      0x30  inputsMng.o [15]
  .rodata                 const     0x808'980c          4      0x30  inputsMng.o [15]
  .rodata                 const     0x808'983c          4      0x30  ip4.o [9]
  .rodata                 const     0x808'986c          4      0x30  mem.o [9]
  .rodata                 const     0x808'989c          4      0x30  mem.o [9]
  .rodata                 const     0x808'98cc          4      0x30  netif.o [9]
  .rodata                 const     0x808'98fc          4      0x30  pbuf.o [9]
  .rodata                 const     0x808'992c          4      0x30  pbuf.o [9]
  .rodata                 const     0x808'995c          4      0x30  pbuf.o [9]
  .rodata                 const     0x808'998c          4      0x30  sbcSem.o [10]
  .rodata                 const     0x808'99bc          4      0x30  sbcSem.o [10]
  .rodata                 const     0x808'99ec          4      0x30  tcp.o [9]
  .rodata                 const     0x808'9a1c          4      0x30  tcp.o [9]
  .rodata                 const     0x808'9a4c          4      0x30  tcp.o [9]
  .rodata                 const     0x808'9a7c          4      0x30  tcp_in.o [9]
  .rodata                 const     0x808'9aac          4      0x30  tcp_out.o [9]
  .rodata                 const     0x808'9adc          4      0x30  tcp_out.o [9]
  .rodata                 const     0x808'9b0c          4      0x30  telnet.o [10]
  .rodata                 const     0x808'9b3c          4      0x30  telnet.o [10]
  .rodata                 const     0x808'9b6c          4      0x30  telnet.o [10]
  .rodata                 const     0x808'9b9c          4      0x30  telnet.o [10]
  .rodata                 const     0x808'9bcc          4      0x30  telnet.o [10]
  .rodata                 const     0x808'9bfc          4      0x30  telnet.o [10]
  .rodata                 const     0x808'9c2c          4      0x30  telnet.o [10]
[...]
triggerVINConfig         0x803'ebab      0x10  Code  Gb  adcTask.o [15]
txByteCount             0x2005'0ef4       0x4  Data  Lc  telnet.o [10]
txDir                   0x2005'1120       0x1  Data  Lc  stm32f4xx_it.o [12]
txOnRs485Bus             0x803'1fd5      0x6c  Code  Gb  scuMdb.o [10]
txPossible              0x2005'1127       0x1  Data  Lc  telnet.o [10]
txRS485Available         0x803'6091      0x12  Code  Gb  sbcSem.o [10]
uSecWwaitTime            0x804'2417      0x6c  Code  Gb  lcd.o [1]
uart1ReinitCounter      0x2005'1110       0x1  Data  Lc  scuMdb.o [10]
uartDbgError_Handler     0x805'e439       0x2  Code  Lc  uartDbg.o [8]
uartEmError_Handler      0x805'3bdd       0x2  Code  Lc  Em_Uart.o [6]
uartEmError_Handler      0x805'6241       0x2  Code  Lc  sbcUart.o [10]
uartInitSemaphoreHandle
                        0x2005'0df8       0x4  Data  Gb  sbcGsy.o [10]
uartProtError_Handler    0x804'7401       0x2  Code  Lc  prot_OnUsart.o [10]
uartReintialization      0x803'36b3      0x3a  Code  Gb  scuMdb.o [10]
uartScuError_Handler     0x803'36ed       0x2  Code  Lc  scuMdb.o [10]
uartScuInitSemaphoreHandle
                        0x2005'0e58       0x4  Data  Gb  scuMdb.o [10]
uartScuSinapsiTxSemaphoreHandle
                        0x2005'0e5c       0x4  Data  Gb  scuMdb.o [10]
ucHeap                  0x2000'09e8  0x1'c000  Data  Lc  heap_4.o [5]
ucMaxSysCallPriority    0x2005'10e0       0x1  Data  Lc  port.o [5]
udp_init                 0x805'eda5      0x16  Code  Gb  udp.o [9]
udp_input                0x805'ee5d     0x1ce  Code  Gb  udp.o [9]
udp_input_local_match    0x805'edbb      0xa2  Code  Lc  udp.o [9]
udp_netif_ip_addr_changed
                         0x805'f02b      0x34  Code  Gb  udp.o [9]
udp_pcbs                0x2005'0f28       0x4  Data  Gb  udp.o [9]
udp_port                0x2000'09de       0x2  Data  Lc  udp.o [9]
uhADCxConvertedValue    0x2005'0918       0xc  Data  Gb  adcTask.o [15]
uid_map_array           0x2005'096c       0xc  Data  Lc  PersMng.o [18]
uid_map_bit             0x2005'10c4       0x1  Data  Lc  PersMng.o [18]
uid_map_byte            0x2005'10c3       0x1  Data  Lc  PersMng.o [18]
uid_map_num             0x2005'10c2       0x1  Data  Lc  PersMng.o [18]
uint16_swapWord          0x803'a427      0x10  Code  Gb  app_emob.o [14]
ulMaxPRIGROUPValue      0x2005'0d7c       0x4  Data  Lc  port.o [5]
updateClearAllLineString
                         0x802'8dc5      0x46  Code  Lc  LcdMng.o [18]
updateEthLinkStatus      0x805'7323      0xe4  Code  Gb  lwip.o [12]
updateModbusErrorRegisters
                         0x802'b9ed     0x128  Code  Gb  EvsMng.o [18]
updateScuModbusAddrr     0x803'37c7       0xe  Code  Gb  scuMdb.o [10]
upgradeFwSlaveBroadcast
                         0x803'7235      0x68  Code  Gb  sbcSem.o [10]
upgradeGeneralParameter
                         0x801'55a9     0x726  Code  Gb  httpserver-socket.o [19]
upgradeLcd              0x2005'109e       0x1  Data  Lc  lcd.o [1]
upgradeModbusHwConfig    0x803'664d      0x6c  Code  Gb  sbcSem.o [10]
upgradeModbusReg         0x803'66b9      0x6c  Code  Gb  sbcSem.o [10]
url_decode               0x801'5d1d      0xb8  Code  Lc  httpserver-socket.o [19]
usart3                  0x2000'07f4      0x10  Data  Gb  usart_esp32.o [20]
usartEsp32Control       0x2004'4d74    0x1208  Data  Lc  usart_esp32.o [20]
usartStruct             0x2004'e330      0xc0  Data  Lc  prot_OnUsart.o [10]
usartStructInitBuff      0x804'6a9b     0x154  Code  Lc  prot_OnUsart.o [10]
userNameOk              0x2005'1128       0x1  Data  Lc  telnet.o [10]
userType                0x2005'109a       0x1  Data  Lc  httpserver-socket.o [19]
user_card_auth_get       0x804'dcab       0x8  Code  Gb  PersMng.o [18]
user_card_auth_read      0x804'e22f     0x1a8  Code  Lc  PersMng.o [18]
user_card_credit        0x2005'0fa6       0x2  Data  Lc  PersMng.o [18]
user_card_credit_decrease
                         0x804'dcd9      0x34  Code  Lc  PersMng.o [18]
user_card_credit_get     0x804'dca1       0xa  Code  Gb  PersMng.o [18]
user_card_date          0x2005'0840      0x10  Data  Lc  PersMng.o [18]
user_card_date_get       0x804'dc7f      0x22  Code  Gb  PersMng.o [18]
user_card_energy        0x2005'0d74       0x4  Data  Lc  PersMng.o [18]
user_card_energy_get     0x804'dcd1       0x8  Code  Gb  PersMng.o [18]
user_card_mode          0x2005'10c5       0x1  Data  Lc  PersMng.o [18]
user_card_time          0x2005'0d70       0x4  Data  Lc  PersMng.o [18]
user_card_time_decrease
                         0x804'dcb3      0x1e  Code  Gb  PersMng.o [18]
username                 0x809'24f0       0xc  Data  Lc  telnet.o [10]
uwTick                  0x2005'0e68       0x4  Data  Gb  stm32f4xx_hal.o [11]
uwTickFreq              0x2000'09e3       0x1  Data  Gb  stm32f4xx_hal.o [11]
uwTickPrio              0x2000'07e8       0x4  Data  Gb  stm32f4xx_hal.o [11]
uxCriticalNesting       0x2000'0788       0x4  Data  Lc  port.o [5]
uxCurrentNumberOfTasks  0x2005'0e84       0x4  Data  Lc  tasks.o [5]
uxDeletedTasksWaitingCleanUp
                        0x2005'0e80       0x4  Data  Lc  tasks.o [5]
uxListRemove             0x805'e4ad      0x28  Code  Gb  list.o [5]
uxPendedTicks           0x2005'0e94       0x4  Data  Lc  tasks.o [5]
uxQueueMessagesWaiting   0x804'4a15      0x2a  Code  Gb  queue.o [5]
uxSchedulerSuspended    0x2005'0eac       0x4  Data  Lc  tasks.o [5]
uxTaskNumber            0x2005'0ea0       0x4  Data  Lc  tasks.o [5]
uxTaskResetEventItemValue
                         0x804'5bc9      0x16  Code  Gb  tasks.o [5]
uxTopReadyPriority      0x2005'0e8c       0x4  Data  Lc  tasks.o [5]
vApplicationGetIdleTaskMemory
                         0x802'2a1b       0xe  Code  Gb  cmsis_os2.o [5]
vApplicationGetTimerTaskMemory
                         0x802'2a29      0x10  Code  Gb  cmsis_os2.o [5]
vApplicationIdleHook     0x803'99ed     0x4e0  Code  Gb  main.o [12]
vEventGroupClearBitsCallback
                         0x804'f6fd      0x10  Code  Gb  event_groups.o [5]
vEventGroupSetBitsCallback
                         0x804'f6eb      0x10  Code  Gb  event_groups.o [5]
vListInitialise          0x805'e43b      0x1e  Code  Gb  list.o [5]
vListInitialiseItem      0x805'e459       0x6  Code  Gb  list.o [5]
vListInsert              0x805'e477      0x36  Code  Gb  list.o [5]
vListInsertEnd           0x805'e45f      0x18  Code  Gb  list.o [5]
vPortEnableVFP           0x806'4d55            Code  Gb  portasm.o [5]
vPortEnterCritical       0x805'adaf      0x3c  Code  Gb  port.o [5]
vPortExitCritical        0x805'adeb      0x30  Code  Gb  port.o [5]
vPortFree                0x805'e601      0x7c  Code  Gb  heap_4.o [5]
vPortSetupTimerInterrupt
                         0x806'4c89      0x34  Code  Wk  port.o [5]
vPortStartFirstTask      0x806'4d35            Code  Gb  portasm.o [5]
vPortValidateInterruptPriority
                         0x805'ae49      0x56  Code  Gb  port.o [5]
vQueueAddToRegistry      0x804'4c2f      0x26  Code  Gb  queue.o [5]
vQueueDelete             0x804'4a3f      0x34  Code  Gb  queue.o [5]
vQueueUnregisterQueue    0x804'4c55      0x28  Code  Gb  queue.o [5]
vQueueWaitForMessageRestricted
                         0x804'4c85      0x4c  Code  Gb  queue.o [5]
vTaskDelay               0x804'501d      0x52  Code  Gb  tasks.o [5]
vTaskDelete              0x804'4f6f      0xae  Code  Gb  tasks.o [5]
vTaskInternalSetTimeOutState
                         0x804'57c1      0x12  Code  Gb  tasks.o [5]
vTaskMissedYield         0x804'586d       0xa  Code  Gb  tasks.o [5]
vTaskPlaceOnEventList    0x804'55ab      0x36  Code  Gb  tasks.o [5]
vTaskPlaceOnEventListRestricted
                         0x804'565d      0x44  Code  Gb  tasks.o [5]
vTaskPlaceOnUnorderedEventList
                         0x804'55ed      0x5e  Code  Gb  tasks.o [5]
vTaskPriorityDisinheritAfterTimeout
                         0x804'5b11      0xb8  Code  Gb  tasks.o [5]
vTaskRemoveFromUnorderedEventList
                         0x804'5731      0x8a  Code  Gb  tasks.o [5]
vTaskResume              0x804'51f9      0x84  Code  Gb  tasks.o [5]
vTaskStartScheduler      0x804'527d      0xa2  Code  Gb  tasks.o [5]
vTaskSuspend             0x804'50ff      0xb8  Code  Gb  tasks.o [5]
vTaskSuspendAll          0x804'531f       0xc  Code  Gb  tasks.o [5]
vTaskSwitchContext       0x804'5537      0x74  Code  Gb  tasks.o [5]
vbus_anom1_save         0x2005'1058       0x1  Data  Lc  EvsMng.o [18]
vinPwrValue              0x803'efdd      0xa8  Code  Gb  adcTask.o [15]
vsnprintf                0x806'3679      0x3c  Code  Gb  vsnprint.o [21]
vsprintf                 0x804'f279      0x34  Code  Gb  vsprintf.o [21]
wctob                    0x806'715f      0x30  Code  Gb  wctob.o [21]
weekDays                0x2000'07cc      0x1c  Data  Lc  scheduleMng.o [10]
welcomeLogin             0x808'9534      0x34  Data  Lc  telnet.o [10]
whitelist_check          0x804'e3f3      0xc8  Code  Lc  PersMng.o [18]
whitelist_reset          0x804'e5e3      0x3a  Code  Lc  PersMng.o [18]
whitelist_update         0x804'e4bb     0x128  Code  Lc  PersMng.o [18]
wifi                    0x2000'0804      0x68  Data  Gb  wifi_esp32.o [20]
wifiEsp32ctr            0x2005'01d4      0x24  Data  Lc  wifi_esp32.o [20]
wifiSbcTogether         0x2005'112d       0x1  Data  Gb  wrapper.o [1]
wifiTask_attributes      0x808'c684      0x24  Data  Gb  wifi_esp32.o [20]
wifiUartConfig           0x809'30ac       0x8  Data  Lc  wifi_esp32.o [20]
wifiUpgExpressifHandle  0x2005'0bb8       0x4  Data  Gb  httpserver-socket.o [19]
wifiUpgExpressifQueue   0x2005'0bc0       0x4  Data  Gb  httpserver-socket.o [19]
wifiUpgExpressifTask     0x801'4c5d      0x70  Code  Lc  httpserver-socket.o [19]
wifiUpgExpressifTask_attributes
                         0x808'b904      0x24  Data  Gb  httpserver-socket.o [19]
wifi_antenna_error      0x2005'1059       0x1  Data  Lc  EvsMng.o [18]
wkyr                     0x806'7275      0x1a  Code  Lc  xgentime.o [21]
wrapper_Handler          0x801'9dd7       0x2  Code  Lc  wrapper.o [1]
writeMasterModbusRegister
                         0x803'5ce9      0xa2  Code  Lc  sbcSem.o [10]
writePcb                 0x800'd1c9      0x2a  Code  Lc  httpserver-socket.o [19]
wrongPassword            0x808'b468      0x28  Data  Lc  telnet.o [10]
xActiveTimerList1       0x2005'074c      0x14  Data  Lc  timers.o [5]
xActiveTimerList2       0x2005'0760      0x14  Data  Lc  timers.o [5]
xBlockAllocatedBit      0x2005'0b94       0x4  Data  Lc  heap_4.o [5]
xBlockMngTimers         0x2005'04f4      0x18  Data  Lc  BlockMng.o [18]
xContactMngTimers       0x2005'09dc       0x8  Data  Lc  ContactMng.o [18]
xDelayedTaskList1       0x2005'06e8      0x14  Data  Lc  tasks.o [5]
xDelayedTaskList2       0x2005'06fc      0x14  Data  Lc  tasks.o [5]
xEnergyMngTimers        0x2005'0a04       0x8  Data  Lc  EnergyMng.o [18]
xEventGroupClearBits     0x804'f589      0x4e  Code  Gb  event_groups.o [5]
xEventGroupClearBitsFromISR
                         0x804'f5d7      0x16  Code  Gb  event_groups.o [5]
xEventGroupCreate        0x804'f40f      0x20  Code  Gb  event_groups.o [5]
xEventGroupCreateStatic
                         0x804'f3bd      0x52  Code  Gb  event_groups.o [5]
xEventGroupGetBitsFromISR
                         0x804'f5ed      0x22  Code  Gb  event_groups.o [5]
xEventGroupSetBits       0x804'f60f      0xdc  Code  Gb  event_groups.o [5]
xEventGroupSetBitsFromISR
                         0x804'f731      0x16  Code  Gb  event_groups.o [5]
xEventGroupWaitBits      0x804'f42f     0x15a  Code  Gb  event_groups.o [5]
xEvsMngTimers           0x2004'fe80      0x3c  Data  Lc  EvsMng.o [18]
xExtInpMngTimers        0x2005'093c       0xc  Data  Lc  ExtInpMng.o [18]
xFreeBytesRemaining     0x2005'0b8c       0x4  Data  Lc  heap_4.o [5]
xHTSMngTimers           0x2005'0ba4       0x4  Data  Lc  hts.o [1]
xHeapStructSize          0x809'310c       0x4  Data  Lc  heap_4.o [5]
xIdleTaskHandle         0x2005'0ea8       0x4  Data  Lc  tasks.o [5]
xLcdMngTimers           0x2005'0820      0x10  Data  Lc  LcdMng.o [18]
xLedTimers              0x2005'0954       0xc  Data  Lc  ledMng.o [15]
xMdbUartTimers          0x2005'0e40       0x4  Data  Gb  scuMdb.o [10]
xMinimumEverFreeBytesRemaining
                        0x2005'0b90       0x4  Data  Lc  heap_4.o [5]
xNextTaskUnblockTime    0x2005'0ea4       0x4  Data  Lc  tasks.o [5]
xNumOfOverflows         0x2005'0e9c       0x4  Data  Lc  tasks.o [5]
xPendingReadyList       0x2005'0710      0x14  Data  Lc  tasks.o [5]
xPersMngTimers          0x2005'048c      0x1c  Data  Lc  PersMng.o [18]
xPortStartScheduler      0x805'ad0f      0xa0  Code  Gb  port.o [5]
xPortSysTickHandler      0x805'ae1b      0x2c  Code  Gb  port.o [5]
xPwmMngTimers           0x2005'08e0      0x10  Data  Lc  PwmMng.o [18]
xQueueCreateCountingSemaphore
                         0x804'4269      0x48  Code  Gb  queue.o [5]
xQueueCreateCountingSemaphoreStatic
                         0x804'4219      0x50  Code  Gb  queue.o [5]
xQueueCreateMutex        0x804'413b      0x20  Code  Gb  queue.o [5]
xQueueCreateMutexStatic
                         0x804'415b      0x2e  Code  Gb  queue.o [5]
xQueueGenericCreate      0x804'4083      0x60  Code  Gb  queue.o [5]
xQueueGenericCreateStatic
                         0x804'3fad      0xd6  Code  Gb  queue.o [5]
xQueueGenericReset       0x804'3f19      0x94  Code  Gb  queue.o [5]
xQueueGenericSend        0x804'42b1     0x1b6  Code  Gb  queue.o [5]
xQueueGenericSendFromISR
                         0x804'4467      0xf0  Code  Gb  queue.o [5]
xQueueGiveFromISR        0x804'4557      0xd4  Code  Gb  queue.o [5]
xQueueGiveMutexRecursive
                         0x804'4189      0x48  Code  Gb  queue.o [5]
xQueueIsQueueFullFromISR
                         0x804'4c03      0x2c  Code  Gb  queue.o [5]
xQueueReceive            0x804'462b     0x176  Code  Gb  queue.o [5]
xQueueReceiveFromISR     0x804'4959      0xbc  Code  Gb  queue.o [5]
xQueueRegistry          0x2004'fdc0      0x40  Data  Gb  queue.o [5]
xQueueSemaphoreTake      0x804'47a1     0x1b2  Code  Gb  queue.o [5]
xQueueTakeMutexRecursive
                         0x804'41d1      0x48  Code  Gb  queue.o [5]
xSbcScuTimers           0x2005'0e44       0x4  Data  Gb  scuMdb.o [10]
xSbcSemTimers           0x2005'06d4      0x14  Data  Lc  sbcSem.o [10]
xSchedulerRunning       0x2005'0e90       0x4  Data  Lc  tasks.o [5]
xSinapsiTimers          0x2005'0990       0xc  Data  Lc  snapsi.o [15]
xSlaveScuTimers         0x2005'0e48       0x4  Data  Gb  scuMdb.o [10]
xStart                  0x2005'0a0c       0x8  Data  Lc  heap_4.o [5]
xSuspendedTaskList      0x2005'0738      0x14  Data  Lc  tasks.o [5]
xTaskCheckForTimeOut     0x804'57d9      0x94  Code  Gb  tasks.o [5]
xTaskCreate              0x804'4d77      0x72  Code  Gb  tasks.o [5]
xTaskCreateStatic        0x804'4cd1      0xa6  Code  Gb  tasks.o [5]
xTaskGenericNotify       0x804'5c9d     0x124  Code  Gb  tasks.o [5]
xTaskGenericNotifyFromISR
                         0x804'5dc5     0x14e  Code  Gb  tasks.o [5]
xTaskGetCurrentTaskHandle
                         0x804'59b3       0x8  Code  Gb  tasks.o [5]
xTaskGetSchedulerState   0x804'59bb      0x20  Code  Gb  tasks.o [5]
xTaskGetTickCount        0x804'5413       0x8  Code  Gb  tasks.o [5]
xTaskGetTickCountFromISR
                         0x804'541b      0x10  Code  Gb  tasks.o [5]
xTaskIncrementTick       0x804'542b     0x10c  Code  Gb  tasks.o [5]
xTaskNotifyWait          0x804'5bf9      0x9a  Code  Gb  tasks.o [5]
xTaskPriorityDisinherit
                         0x804'5a79      0x94  Code  Gb  tasks.o [5]
xTaskPriorityInherit     0x804'59db      0x92  Code  Gb  tasks.o [5]
xTaskRemoveFromEventList
                         0x804'56a9      0x84  Code  Gb  tasks.o [5]
xTaskResumeAll           0x804'532b      0xe8  Code  Gb  tasks.o [5]
xTasksWaitingTermination
                        0x2005'0724      0x14  Data  Lc  tasks.o [5]
xTickCount              0x2005'0e88       0x4  Data  Lc  tasks.o [5]
xTimerCreate             0x804'603d      0x36  Code  Gb  timers.o [5]
xTimerCreateTimerTask    0x804'5fcd      0x70  Code  Gb  timers.o [5]
xTimerGenericCommand     0x804'60cb      0x86  Code  Gb  timers.o [5]
xTimerGetExpiryTime      0x804'6151      0x20  Code  Gb  timers.o [5]
xTimerIsTimerActive      0x804'653b      0x38  Code  Gb  timers.o [5]
xTimerPendFunctionCallFromISR
                         0x804'659f      0x2a  Code  Gb  timers.o [5]
xTimerQueue             0x2005'0f18       0x4  Data  Lc  timers.o [5]
xTimerTaskHandle        0x2005'0f1c       0x4  Data  Lc  timers.o [5]
xYieldPending           0x2005'0e98       0x4  Data  Lc  tasks.o [5]
xp_presence_enable_set   0x805'43bb       0x8  Code  Gb  PilotMng.o [18]
xp_presence_freeze      0x2005'10cc       0x1  Data  Lc  PilotMng.o [18]
xp_presence_freeze_set   0x805'441f       0x8  Code  Gb  PilotMng.o [18]
xp_presence_manager      0x805'4427     0x24e  Code  Lc  PilotMng.o [18]
xp_short_enable_set      0x805'439b      0x20  Code  Gb  PilotMng.o [18]
xp_short_manager         0x805'43c3      0x5c  Code  Lc  PilotMng.o [18]
xppresence_enable       0x2005'10cb       0x1  Data  Lc  PilotMng.o [18]
xpshort_enable          0x2005'10ca       0x1  Data  Lc  PilotMng.o [18]


[1] = C:\Progetti\SVN_Repos\Develop\SCAME_CONTROL_UNIT\trunk\EWARM\FULL_DEBUG_GD32F4xx\Obj\BSP_3794911361316221405.dir
[2] = C:\Progetti\SVN_Repos\Develop\SCAME_CONTROL_UNIT\trunk\EWARM\FULL_DEBUG_GD32F4xx\Obj\CMSIS_6603591812247902717.dir
[3] = C:\Progetti\SVN_Repos\Develop\SCAME_CONTROL_UNIT\trunk\EWARM\FULL_DEBUG_GD32F4xx\Obj\Device_13867102261166347011.dir
[4] = C:\Progetti\SVN_Repos\Develop\SCAME_CONTROL_UNIT\trunk\EWARM\FULL_DEBUG_GD32F4xx\Obj\EWARM_18443280873093131863.dir
[5] = C:\Progetti\SVN_Repos\Develop\SCAME_CONTROL_UNIT\trunk\EWARM\FULL_DEBUG_GD32F4xx\Obj\FreeRTOS_4809373609813369194.dir
[6] = C:\Progetti\SVN_Repos\Develop\SCAME_CONTROL_UNIT\trunk\EWARM\FULL_DEBUG_GD32F4xx\Obj\LIB_EM_9926388960908420262.dir
[7] = C:\Progetti\SVN_Repos\Develop\SCAME_CONTROL_UNIT\trunk\EWARM\FULL_DEBUG_GD32F4xx\Obj\LIB_FTP_8178903156242173378.dir
[8] = C:\Progetti\SVN_Repos\Develop\SCAME_CONTROL_UNIT\trunk\EWARM\FULL_DEBUG_GD32F4xx\Obj\LIB_UART_DBG_4451214714449946012.dir
[9] = C:\Progetti\SVN_Repos\Develop\SCAME_CONTROL_UNIT\trunk\EWARM\FULL_DEBUG_GD32F4xx\Obj\LwIP_6171225858623166285.dir
[10] = C:\Progetti\SVN_Repos\Develop\SCAME_CONTROL_UNIT\trunk\EWARM\FULL_DEBUG_GD32F4xx\Obj\Protocol_16990505445836233132.dir
[11] = C:\Progetti\SVN_Repos\Develop\SCAME_CONTROL_UNIT\trunk\EWARM\FULL_DEBUG_GD32F4xx\Obj\STM32F4xx_HAL_Driver_1244631019742807970.dir
[12] = C:\Progetti\SVN_Repos\Develop\SCAME_CONTROL_UNIT\trunk\EWARM\FULL_DEBUG_GD32F4xx\Obj\User_8454777428142420917.dir
[13] = C:\Progetti\SVN_Repos\Develop\SCAME_CONTROL_UNIT\trunk\EWARM\FULL_DEBUG_GD32F4xx\Obj\Utilities_17002154029713865955.dir
[14] = C:\Progetti\SVN_Repos\Develop\SCAME_CONTROL_UNIT\trunk\EWARM\FULL_DEBUG_GD32F4xx\Obj\app_8634845462321782417.dir
[15] = C:\Progetti\SVN_Repos\Develop\SCAME_CONTROL_UNIT\trunk\EWARM\FULL_DEBUG_GD32F4xx\Obj\coreApp_9882234266214708374.dir
[16] = C:\Progetti\SVN_Repos\Develop\SCAME_CONTROL_UNIT\trunk\EWARM\FULL_DEBUG_GD32F4xx\Obj\modbus_13286613698497292636.dir
[17] = C:\Progetti\SVN_Repos\Develop\SCAME_CONTROL_UNIT\trunk\EWARM\FULL_DEBUG_GD32F4xx\Obj\src_1972907591871352883.dir
[18] = C:\Progetti\SVN_Repos\Develop\SCAME_CONTROL_UNIT\trunk\EWARM\FULL_DEBUG_GD32F4xx\Obj\stationMng_507230474648503890.dir
[19] = C:\Progetti\SVN_Repos\Develop\SCAME_CONTROL_UNIT\trunk\EWARM\FULL_DEBUG_GD32F4xx\Obj\webServer_11162101747046879916.dir
[20] = C:\Progetti\SVN_Repos\Develop\SCAME_CONTROL_UNIT\trunk\EWARM\FULL_DEBUG_GD32F4xx\Obj\wifi_3262316034850308010.dir
[21] = dl7M_tlf.a
[22] = libSTM32Cryptographic_CM4.a
[23] = m7M_tls.a
[24] = rt7M_tl.a
[25] = shb_l.a

  382'547 bytes of readonly  code memory
  168'676 bytes of readonly  data memory (+ 64  absolute)
  421'920 bytes of readwrite data memory (+ 512 absolute)

Errors: none
Warnings: 4
