###############################################################################
#
# IAR ELF Linker V9.60.3.422/W64 for ARM                  14/Oct/2025  09:40:49
# Copyright 2007-2024 IAR Systems AB.
#
#    Output file  =
#        C:\Progetti\SVN_Repos\SCAME_GD_RED\SCAME_CONTROL_UNIT\trunk\EWARM\TARGET_DBG_HW_MP28947\Exe\SCU_GDF4xx_HW_MP28947.out
#    Map file     =
#        C:\Progetti\SVN_Repos\SCAME_GD_RED\SCAME_CONTROL_UNIT\trunk\EWARM\TARGET_DBG_HW_MP28947\List\SCU_GDF4xx_HW_MP28947.map
#    Command line =
#        -f
#        C:\Progetti\SVN_Repos\SCAME_GD_RED\SCAME_CONTROL_UNIT\trunk\EWARM\TARGET_DBG_HW_MP28947\Exe\SCU_GDF4xx_HW_MP28947.out.rsp
#        (C:\Progetti\SVN_Repos\SCAME_GD_RED\SCAME_CONTROL_UNIT\trunk\EWARM\TARGET_DBG_HW_MP28947\Obj\coreApp_9882234266214708374.dir\adcTask.o
#        C:\Progetti\SVN_Repos\SCAME_GD_RED\SCAME_CONTROL_UNIT\trunk\EWARM\TARGET_DBG_HW_MP28947\Obj\LwIP_6171225858623166285.dir\altcp.o
#        C:\Progetti\SVN_Repos\SCAME_GD_RED\SCAME_CONTROL_UNIT\trunk\EWARM\TARGET_DBG_HW_MP28947\Obj\LwIP_6171225858623166285.dir\altcp_alloc.o
#        C:\Progetti\SVN_Repos\SCAME_GD_RED\SCAME_CONTROL_UNIT\trunk\EWARM\TARGET_DBG_HW_MP28947\Obj\LwIP_6171225858623166285.dir\altcp_tcp.o
#        C:\Progetti\SVN_Repos\SCAME_GD_RED\SCAME_CONTROL_UNIT\trunk\EWARM\TARGET_DBG_HW_MP28947\Obj\LwIP_6171225858623166285.dir\api_lib.o
#        C:\Progetti\SVN_Repos\SCAME_GD_RED\SCAME_CONTROL_UNIT\trunk\EWARM\TARGET_DBG_HW_MP28947\Obj\LwIP_6171225858623166285.dir\api_msg.o
#        C:\Progetti\SVN_Repos\SCAME_GD_RED\SCAME_CONTROL_UNIT\trunk\EWARM\TARGET_DBG_HW_MP28947\Obj\app_8634845462321782417.dir\app_emob.o
#        C:\Progetti\SVN_Repos\SCAME_GD_RED\SCAME_CONTROL_UNIT\trunk\EWARM\TARGET_DBG_HW_MP28947\Obj\LwIP_6171225858623166285.dir\auth.o
#        C:\Progetti\SVN_Repos\SCAME_GD_RED\SCAME_CONTROL_UNIT\trunk\EWARM\TARGET_DBG_HW_MP28947\Obj\LwIP_6171225858623166285.dir\autoip.o
#        C:\Progetti\SVN_Repos\SCAME_GD_RED\SCAME_CONTROL_UNIT\trunk\EWARM\TARGET_DBG_HW_MP28947\Obj\stationMng_507230474648503890.dir\AutotestMng.o
#        C:\Progetti\SVN_Repos\SCAME_GD_RED\SCAME_CONTROL_UNIT\trunk\EWARM\TARGET_DBG_HW_MP28947\Obj\stationMng_507230474648503890.dir\BlockMng.o
#        C:\Progetti\SVN_Repos\SCAME_GD_RED\SCAME_CONTROL_UNIT\trunk\EWARM\TARGET_DBG_HW_MP28947\Obj\LwIP_6171225858623166285.dir\bridgeif.o
#        C:\Progetti\SVN_Repos\SCAME_GD_RED\SCAME_CONTROL_UNIT\trunk\EWARM\TARGET_DBG_HW_MP28947\Obj\LwIP_6171225858623166285.dir\bridgeif_fdb.o
#        C:\Progetti\SVN_Repos\SCAME_GD_RED\SCAME_CONTROL_UNIT\trunk\EWARM\TARGET_DBG_HW_MP28947\Obj\LwIP_6171225858623166285.dir\ccp.o
#        C:\Progetti\SVN_Repos\SCAME_GD_RED\SCAME_CONTROL_UNIT\trunk\EWARM\TARGET_DBG_HW_MP28947\Obj\LwIP_6171225858623166285.dir\chap-md5.o
#        C:\Progetti\SVN_Repos\SCAME_GD_RED\SCAME_CONTROL_UNIT\trunk\EWARM\TARGET_DBG_HW_MP28947\Obj\LwIP_6171225858623166285.dir\chap-new.o
#        C:\Progetti\SVN_Repos\SCAME_GD_RED\SCAME_CONTROL_UNIT\trunk\EWARM\TARGET_DBG_HW_MP28947\Obj\LwIP_6171225858623166285.dir\chap_ms.o
#        C:\Progetti\SVN_Repos\SCAME_GD_RED\SCAME_CONTROL_UNIT\trunk\EWARM\TARGET_DBG_HW_MP28947\Obj\User_8454777428142420917.dir\cmox_low_level.o
#        C:\Progetti\SVN_Repos\SCAME_GD_RED\SCAME_CONTROL_UNIT\trunk\EWARM\TARGET_DBG_HW_MP28947\Obj\FreeRTOS_4809373609813369194.dir\cmsis_os2.o
#        C:\Progetti\SVN_Repos\SCAME_GD_RED\SCAME_CONTROL_UNIT\trunk\EWARM\TARGET_DBG_HW_MP28947\Obj\webServer_11162101747046879916.dir\configurator.o
#        C:\Progetti\SVN_Repos\SCAME_GD_RED\SCAME_CONTROL_UNIT\trunk\EWARM\TARGET_DBG_HW_MP28947\Obj\stationMng_507230474648503890.dir\ContactMng.o
#        C:\Progetti\SVN_Repos\SCAME_GD_RED\SCAME_CONTROL_UNIT\trunk\EWARM\TARGET_DBG_HW_MP28947\Obj\User_8454777428142420917.dir\crc.o
#        C:\Progetti\SVN_Repos\SCAME_GD_RED\SCAME_CONTROL_UNIT\trunk\EWARM\TARGET_DBG_HW_MP28947\Obj\FreeRTOS_4809373609813369194.dir\croutine.o
#        C:\Progetti\SVN_Repos\SCAME_GD_RED\SCAME_CONTROL_UNIT\trunk\EWARM\TARGET_DBG_HW_MP28947\Obj\LIB_UART_DBG_4451214714449946012.dir\DataLink_dbg.o
#        C:\Progetti\SVN_Repos\SCAME_GD_RED\SCAME_CONTROL_UNIT\trunk\EWARM\TARGET_DBG_HW_MP28947\Obj\LIB_UART_DBG_4451214714449946012.dir\dbg_Task.o
#        C:\Progetti\SVN_Repos\SCAME_GD_RED\SCAME_CONTROL_UNIT\trunk\EWARM\TARGET_DBG_HW_MP28947\Obj\LwIP_6171225858623166285.dir\def.o
#        C:\Progetti\SVN_Repos\SCAME_GD_RED\SCAME_CONTROL_UNIT\trunk\EWARM\TARGET_DBG_HW_MP28947\Obj\LwIP_6171225858623166285.dir\demand.o
#        C:\Progetti\SVN_Repos\SCAME_GD_RED\SCAME_CONTROL_UNIT\trunk\EWARM\TARGET_DBG_HW_MP28947\Obj\LwIP_6171225858623166285.dir\dhcp.o
#        C:\Progetti\SVN_Repos\SCAME_GD_RED\SCAME_CONTROL_UNIT\trunk\EWARM\TARGET_DBG_HW_MP28947\Obj\LwIP_6171225858623166285.dir\dhcp6.o
#        C:\Progetti\SVN_Repos\SCAME_GD_RED\SCAME_CONTROL_UNIT\trunk\EWARM\TARGET_DBG_HW_MP28947\Obj\stationMng_507230474648503890.dir\diffRiarm.o
#        C:\Progetti\SVN_Repos\SCAME_GD_RED\SCAME_CONTROL_UNIT\trunk\EWARM\TARGET_DBG_HW_MP28947\Obj\LwIP_6171225858623166285.dir\dns.o
#        C:\Progetti\SVN_Repos\SCAME_GD_RED\SCAME_CONTROL_UNIT\trunk\EWARM\TARGET_DBG_HW_MP28947\Obj\LwIP_6171225858623166285.dir\eap.o
#        C:\Progetti\SVN_Repos\SCAME_GD_RED\SCAME_CONTROL_UNIT\trunk\EWARM\TARGET_DBG_HW_MP28947\Obj\LwIP_6171225858623166285.dir\ecp.o
#        C:\Progetti\SVN_Repos\SCAME_GD_RED\SCAME_CONTROL_UNIT\trunk\EWARM\TARGET_DBG_HW_MP28947\Obj\BSP_3794911361316221405.dir\eeprom.o
#        C:\Progetti\SVN_Repos\SCAME_GD_RED\SCAME_CONTROL_UNIT\trunk\EWARM\TARGET_DBG_HW_MP28947\Obj\LIB_EM_9926388960908420262.dir\Em_Task.o
#        C:\Progetti\SVN_Repos\SCAME_GD_RED\SCAME_CONTROL_UNIT\trunk\EWARM\TARGET_DBG_HW_MP28947\Obj\LIB_EM_9926388960908420262.dir\Em_Uart.o
#        C:\Progetti\SVN_Repos\SCAME_GD_RED\SCAME_CONTROL_UNIT\trunk\EWARM\TARGET_DBG_HW_MP28947\Obj\stationMng_507230474648503890.dir\EnergyMng.o
#        C:\Progetti\SVN_Repos\SCAME_GD_RED\SCAME_CONTROL_UNIT\trunk\EWARM\TARGET_DBG_HW_MP28947\Obj\LwIP_6171225858623166285.dir\err.o
#        C:\Progetti\SVN_Repos\SCAME_GD_RED\SCAME_CONTROL_UNIT\trunk\EWARM\TARGET_DBG_HW_MP28947\Obj\wifi_3262316034850308010.dir\esp32.o
#        C:\Progetti\SVN_Repos\SCAME_GD_RED\SCAME_CONTROL_UNIT\trunk\EWARM\TARGET_DBG_HW_MP28947\Obj\LwIP_6171225858623166285.dir\etharp.o
#        C:\Progetti\SVN_Repos\SCAME_GD_RED\SCAME_CONTROL_UNIT\trunk\EWARM\TARGET_DBG_HW_MP28947\Obj\LwIP_6171225858623166285.dir\ethernet.o
#        C:\Progetti\SVN_Repos\SCAME_GD_RED\SCAME_CONTROL_UNIT\trunk\EWARM\TARGET_DBG_HW_MP28947\Obj\User_8454777428142420917.dir\ethernetif_stm32f4.o
#        C:\Progetti\SVN_Repos\SCAME_GD_RED\SCAME_CONTROL_UNIT\trunk\EWARM\TARGET_DBG_HW_MP28947\Obj\coreApp_9882234266214708374.dir\ethInitTask.o
#        C:\Progetti\SVN_Repos\SCAME_GD_RED\SCAME_CONTROL_UNIT\trunk\EWARM\TARGET_DBG_HW_MP28947\Obj\LwIP_6171225858623166285.dir\ethip6.o
#        C:\Progetti\SVN_Repos\SCAME_GD_RED\SCAME_CONTROL_UNIT\trunk\EWARM\TARGET_DBG_HW_MP28947\Obj\LwIP_6171225858623166285.dir\eui64.o
#        C:\Progetti\SVN_Repos\SCAME_GD_RED\SCAME_CONTROL_UNIT\trunk\EWARM\TARGET_DBG_HW_MP28947\Obj\FreeRTOS_4809373609813369194.dir\event_groups.o
#        C:\Progetti\SVN_Repos\SCAME_GD_RED\SCAME_CONTROL_UNIT\trunk\EWARM\TARGET_DBG_HW_MP28947\Obj\stationMng_507230474648503890.dir\Event_log.o
#        C:\Progetti\SVN_Repos\SCAME_GD_RED\SCAME_CONTROL_UNIT\trunk\EWARM\TARGET_DBG_HW_MP28947\Obj\stationMng_507230474648503890.dir\EvsMng.o
#        C:\Progetti\SVN_Repos\SCAME_GD_RED\SCAME_CONTROL_UNIT\trunk\EWARM\TARGET_DBG_HW_MP28947\Obj\stationMng_507230474648503890.dir\EvsTimeMng.o
#        C:\Progetti\SVN_Repos\SCAME_GD_RED\SCAME_CONTROL_UNIT\trunk\EWARM\TARGET_DBG_HW_MP28947\Obj\Device_13867102261166347011.dir\ExtFlash_stm32f4.o
#        C:\Progetti\SVN_Repos\SCAME_GD_RED\SCAME_CONTROL_UNIT\trunk\EWARM\TARGET_DBG_HW_MP28947\Obj\stationMng_507230474648503890.dir\ExtInpMng.o
#        C:\Progetti\SVN_Repos\SCAME_GD_RED\SCAME_CONTROL_UNIT\trunk\EWARM\TARGET_DBG_HW_MP28947\Obj\User_8454777428142420917.dir\flash_if.o
#        C:\Progetti\SVN_Repos\SCAME_GD_RED\SCAME_CONTROL_UNIT\trunk\EWARM\TARGET_DBG_HW_MP28947\Obj\User_8454777428142420917.dir\freertos.o
#        C:\Progetti\SVN_Repos\SCAME_GD_RED\SCAME_CONTROL_UNIT\trunk\EWARM\TARGET_DBG_HW_MP28947\Obj\webServer_11162101747046879916.dir\fs.o
#        C:\Progetti\SVN_Repos\SCAME_GD_RED\SCAME_CONTROL_UNIT\trunk\EWARM\TARGET_DBG_HW_MP28947\Obj\LwIP_6171225858623166285.dir\fsm.o
#        C:\Progetti\SVN_Repos\SCAME_GD_RED\SCAME_CONTROL_UNIT\trunk\EWARM\TARGET_DBG_HW_MP28947\Obj\Utilities_17002154029713865955.dir\fwChecksum.o
#        C:\Progetti\SVN_Repos\SCAME_GD_RED\SCAME_CONTROL_UNIT\trunk\EWARM\TARGET_DBG_HW_MP28947\Obj\handlers_8890594791293015610.dir\handler_metrology.o
#        C:\Progetti\SVN_Repos\SCAME_GD_RED\SCAME_CONTROL_UNIT\trunk\EWARM\TARGET_DBG_HW_MP28947\Obj\handlers_8890594791293015610.dir\handler_nvram.o
#        C:\Progetti\SVN_Repos\SCAME_GD_RED\SCAME_CONTROL_UNIT\trunk\EWARM\TARGET_DBG_HW_MP28947\Obj\FreeRTOS_4809373609813369194.dir\heap_4.o
#        C:\Progetti\SVN_Repos\SCAME_GD_RED\SCAME_CONTROL_UNIT\trunk\EWARM\TARGET_DBG_HW_MP28947\Obj\BSP_3794911361316221405.dir\hts.o
#        C:\Progetti\SVN_Repos\SCAME_GD_RED\SCAME_CONTROL_UNIT\trunk\EWARM\TARGET_DBG_HW_MP28947\Obj\webServer_11162101747046879916.dir\httpserver-socket.o
#        C:\Progetti\SVN_Repos\SCAME_GD_RED\SCAME_CONTROL_UNIT\trunk\EWARM\TARGET_DBG_HW_MP28947\Obj\Device_13867102261166347011.dir\i2c.o
#        C:\Progetti\SVN_Repos\SCAME_GD_RED\SCAME_CONTROL_UNIT\trunk\EWARM\TARGET_DBG_HW_MP28947\Obj\LwIP_6171225858623166285.dir\icmp.o
#        C:\Progetti\SVN_Repos\SCAME_GD_RED\SCAME_CONTROL_UNIT\trunk\EWARM\TARGET_DBG_HW_MP28947\Obj\LwIP_6171225858623166285.dir\icmp6.o
#        C:\Progetti\SVN_Repos\SCAME_GD_RED\SCAME_CONTROL_UNIT\trunk\EWARM\TARGET_DBG_HW_MP28947\Obj\LwIP_6171225858623166285.dir\if_api.o
#        C:\Progetti\SVN_Repos\SCAME_GD_RED\SCAME_CONTROL_UNIT\trunk\EWARM\TARGET_DBG_HW_MP28947\Obj\LwIP_6171225858623166285.dir\igmp.o
#        C:\Progetti\SVN_Repos\SCAME_GD_RED\SCAME_CONTROL_UNIT\trunk\EWARM\TARGET_DBG_HW_MP28947\Obj\LwIP_6171225858623166285.dir\inet6.o
#        C:\Progetti\SVN_Repos\SCAME_GD_RED\SCAME_CONTROL_UNIT\trunk\EWARM\TARGET_DBG_HW_MP28947\Obj\LwIP_6171225858623166285.dir\inet_chksum.o
#        C:\Progetti\SVN_Repos\SCAME_GD_RED\SCAME_CONTROL_UNIT\trunk\EWARM\TARGET_DBG_HW_MP28947\Obj\LwIP_6171225858623166285.dir\init.o
#        C:\Progetti\SVN_Repos\SCAME_GD_RED\SCAME_CONTROL_UNIT\trunk\EWARM\TARGET_DBG_HW_MP28947\Obj\coreApp_9882234266214708374.dir\inputsMng.o
#        C:\Progetti\SVN_Repos\SCAME_GD_RED\SCAME_CONTROL_UNIT\trunk\EWARM\TARGET_DBG_HW_MP28947\Obj\coreApp_9882234266214708374.dir\ioExp.o
#        C:\Progetti\SVN_Repos\SCAME_GD_RED\SCAME_CONTROL_UNIT\trunk\EWARM\TARGET_DBG_HW_MP28947\Obj\LwIP_6171225858623166285.dir\ip.o
#        C:\Progetti\SVN_Repos\SCAME_GD_RED\SCAME_CONTROL_UNIT\trunk\EWARM\TARGET_DBG_HW_MP28947\Obj\LwIP_6171225858623166285.dir\ip4.o
#        C:\Progetti\SVN_Repos\SCAME_GD_RED\SCAME_CONTROL_UNIT\trunk\EWARM\TARGET_DBG_HW_MP28947\Obj\LwIP_6171225858623166285.dir\ip4_addr.o
#        C:\Progetti\SVN_Repos\SCAME_GD_RED\SCAME_CONTROL_UNIT\trunk\EWARM\TARGET_DBG_HW_MP28947\Obj\LwIP_6171225858623166285.dir\ip4_frag.o
#        C:\Progetti\SVN_Repos\SCAME_GD_RED\SCAME_CONTROL_UNIT\trunk\EWARM\TARGET_DBG_HW_MP28947\Obj\LwIP_6171225858623166285.dir\ip6.o
#        C:\Progetti\SVN_Repos\SCAME_GD_RED\SCAME_CONTROL_UNIT\trunk\EWARM\TARGET_DBG_HW_MP28947\Obj\LwIP_6171225858623166285.dir\ip6_addr.o
#        C:\Progetti\SVN_Repos\SCAME_GD_RED\SCAME_CONTROL_UNIT\trunk\EWARM\TARGET_DBG_HW_MP28947\Obj\LwIP_6171225858623166285.dir\ip6_frag.o
#        C:\Progetti\SVN_Repos\SCAME_GD_RED\SCAME_CONTROL_UNIT\trunk\EWARM\TARGET_DBG_HW_MP28947\Obj\LwIP_6171225858623166285.dir\ipcp.o
#        C:\Progetti\SVN_Repos\SCAME_GD_RED\SCAME_CONTROL_UNIT\trunk\EWARM\TARGET_DBG_HW_MP28947\Obj\LwIP_6171225858623166285.dir\ipv6cp.o
#        C:\Progetti\SVN_Repos\SCAME_GD_RED\SCAME_CONTROL_UNIT\trunk\EWARM\TARGET_DBG_HW_MP28947\Obj\BSP_3794911361316221405.dir\lcd.o
#        C:\Progetti\SVN_Repos\SCAME_GD_RED\SCAME_CONTROL_UNIT\trunk\EWARM\TARGET_DBG_HW_MP28947\Obj\stationMng_507230474648503890.dir\LcdMng.o
#        C:\Progetti\SVN_Repos\SCAME_GD_RED\SCAME_CONTROL_UNIT\trunk\EWARM\TARGET_DBG_HW_MP28947\Obj\LwIP_6171225858623166285.dir\lcp.o
#        C:\Progetti\SVN_Repos\SCAME_GD_RED\SCAME_CONTROL_UNIT\trunk\EWARM\TARGET_DBG_HW_MP28947\Obj\coreApp_9882234266214708374.dir\ledMng.o
#        C:\Progetti\SVN_Repos\SCAME_GD_RED\SCAME_CONTROL_UNIT\trunk\Middlewares\ST\STM32_Cryptographic\lib\libSTM32Cryptographic_CM4.a
#        C:\Progetti\SVN_Repos\SCAME_GD_RED\SCAME_CONTROL_UNIT\trunk\EWARM\TARGET_DBG_HW_MP28947\Obj\FreeRTOS_4809373609813369194.dir\list.o
#        C:\Progetti\SVN_Repos\SCAME_GD_RED\SCAME_CONTROL_UNIT\trunk\EWARM\TARGET_DBG_HW_MP28947\Obj\LwIP_6171225858623166285.dir\lowpan6.o
#        C:\Progetti\SVN_Repos\SCAME_GD_RED\SCAME_CONTROL_UNIT\trunk\EWARM\TARGET_DBG_HW_MP28947\Obj\LwIP_6171225858623166285.dir\lowpan6_ble.o
#        C:\Progetti\SVN_Repos\SCAME_GD_RED\SCAME_CONTROL_UNIT\trunk\EWARM\TARGET_DBG_HW_MP28947\Obj\LwIP_6171225858623166285.dir\lowpan6_common.o
#        C:\Progetti\SVN_Repos\SCAME_GD_RED\SCAME_CONTROL_UNIT\trunk\EWARM\TARGET_DBG_HW_MP28947\Obj\User_8454777428142420917.dir\lwip.o
#        C:\Progetti\SVN_Repos\SCAME_GD_RED\SCAME_CONTROL_UNIT\trunk\EWARM\TARGET_DBG_HW_MP28947\Obj\LwIP_6171225858623166285.dir\magic.o
#        C:\Progetti\SVN_Repos\SCAME_GD_RED\SCAME_CONTROL_UNIT\trunk\EWARM\TARGET_DBG_HW_MP28947\Obj\User_8454777428142420917.dir\main.o
#        C:\Progetti\SVN_Repos\SCAME_GD_RED\SCAME_CONTROL_UNIT\trunk\EWARM\TARGET_DBG_HW_MP28947\Obj\LwIP_6171225858623166285.dir\mem.o
#        C:\Progetti\SVN_Repos\SCAME_GD_RED\SCAME_CONTROL_UNIT\trunk\EWARM\TARGET_DBG_HW_MP28947\Obj\LwIP_6171225858623166285.dir\memp.o
#        C:\Progetti\SVN_Repos\SCAME_GD_RED\SCAME_CONTROL_UNIT\trunk\EWARM\TARGET_DBG_HW_MP28947\Obj\drivers_16975236927657979372.dir\metrology.o
#        C:\Progetti\SVN_Repos\SCAME_GD_RED\SCAME_CONTROL_UNIT\trunk\EWARM\TARGET_DBG_HW_MP28947\Obj\drivers_16975236927657979372.dir\metrology_hal.o
#        C:\Progetti\SVN_Repos\SCAME_GD_RED\SCAME_CONTROL_UNIT\trunk\EWARM\TARGET_DBG_HW_MP28947\Obj\drivers_16975236927657979372.dir\metrology_usart.o
#        C:\Progetti\SVN_Repos\SCAME_GD_RED\SCAME_CONTROL_UNIT\trunk\EWARM\TARGET_DBG_HW_MP28947\Obj\tasks_1956869968293006108.dir\metroTask.o
#        C:\Progetti\SVN_Repos\SCAME_GD_RED\SCAME_CONTROL_UNIT\trunk\EWARM\TARGET_DBG_HW_MP28947\Obj\LwIP_6171225858623166285.dir\mld6.o
#        C:\Progetti\SVN_Repos\SCAME_GD_RED\SCAME_CONTROL_UNIT\trunk\EWARM\TARGET_DBG_HW_MP28947\Obj\modbus_13286613698497292636.dir\modbus.o
#        C:\Progetti\SVN_Repos\SCAME_GD_RED\SCAME_CONTROL_UNIT\trunk\EWARM\TARGET_DBG_HW_MP28947\Obj\modbus_13286613698497292636.dir\modbus_tcp.o
#        C:\Progetti\SVN_Repos\SCAME_GD_RED\SCAME_CONTROL_UNIT\trunk\EWARM\TARGET_DBG_HW_MP28947\Obj\coreApp_9882234266214708374.dir\monitorMng.o
#        C:\Progetti\SVN_Repos\SCAME_GD_RED\SCAME_CONTROL_UNIT\trunk\EWARM\TARGET_DBG_HW_MP28947\Obj\LwIP_6171225858623166285.dir\mppe.o
#        C:\Progetti\SVN_Repos\SCAME_GD_RED\SCAME_CONTROL_UNIT\trunk\EWARM\TARGET_DBG_HW_MP28947\Obj\LwIP_6171225858623166285.dir\mqtt.o
#        C:\Progetti\SVN_Repos\SCAME_GD_RED\SCAME_CONTROL_UNIT\trunk\EWARM\TARGET_DBG_HW_MP28947\Obj\LwIP_6171225858623166285.dir\multilink.o
#        C:\Progetti\SVN_Repos\SCAME_GD_RED\SCAME_CONTROL_UNIT\trunk\EWARM\TARGET_DBG_HW_MP28947\Obj\LwIP_6171225858623166285.dir\nd6.o
#        C:\Progetti\SVN_Repos\SCAME_GD_RED\SCAME_CONTROL_UNIT\trunk\EWARM\TARGET_DBG_HW_MP28947\Obj\LwIP_6171225858623166285.dir\netbuf.o
#        C:\Progetti\SVN_Repos\SCAME_GD_RED\SCAME_CONTROL_UNIT\trunk\EWARM\TARGET_DBG_HW_MP28947\Obj\LwIP_6171225858623166285.dir\netdb.o
#        C:\Progetti\SVN_Repos\SCAME_GD_RED\SCAME_CONTROL_UNIT\trunk\EWARM\TARGET_DBG_HW_MP28947\Obj\LwIP_6171225858623166285.dir\netif.o
#        C:\Progetti\SVN_Repos\SCAME_GD_RED\SCAME_CONTROL_UNIT\trunk\EWARM\TARGET_DBG_HW_MP28947\Obj\LwIP_6171225858623166285.dir\netifapi.o
#        C:\Progetti\SVN_Repos\SCAME_GD_RED\SCAME_CONTROL_UNIT\trunk\EWARM\TARGET_DBG_HW_MP28947\Obj\LwIP_6171225858623166285.dir\pbuf.o
#        C:\Progetti\SVN_Repos\SCAME_GD_RED\SCAME_CONTROL_UNIT\trunk\EWARM\TARGET_DBG_HW_MP28947\Obj\stationMng_507230474648503890.dir\PersMng.o
#        C:\Progetti\SVN_Repos\SCAME_GD_RED\SCAME_CONTROL_UNIT\trunk\EWARM\TARGET_DBG_HW_MP28947\Obj\stationMng_507230474648503890.dir\PilotMng.o
#        C:\Progetti\SVN_Repos\SCAME_GD_RED\SCAME_CONTROL_UNIT\trunk\EWARM\TARGET_DBG_HW_MP28947\Obj\FreeRTOS_4809373609813369194.dir\port.o
#        C:\Progetti\SVN_Repos\SCAME_GD_RED\SCAME_CONTROL_UNIT\trunk\EWARM\TARGET_DBG_HW_MP28947\Obj\FreeRTOS_4809373609813369194.dir\portasm.o
#        C:\Progetti\SVN_Repos\SCAME_GD_RED\SCAME_CONTROL_UNIT\trunk\EWARM\TARGET_DBG_HW_MP28947\Obj\LwIP_6171225858623166285.dir\ppp.o
#        C:\Progetti\SVN_Repos\SCAME_GD_RED\SCAME_CONTROL_UNIT\trunk\EWARM\TARGET_DBG_HW_MP28947\Obj\LwIP_6171225858623166285.dir\pppapi.o
#        C:\Progetti\SVN_Repos\SCAME_GD_RED\SCAME_CONTROL_UNIT\trunk\EWARM\TARGET_DBG_HW_MP28947\Obj\LwIP_6171225858623166285.dir\pppcrypt.o
#        C:\Progetti\SVN_Repos\SCAME_GD_RED\SCAME_CONTROL_UNIT\trunk\EWARM\TARGET_DBG_HW_MP28947\Obj\LwIP_6171225858623166285.dir\pppoe.o
#        C:\Progetti\SVN_Repos\SCAME_GD_RED\SCAME_CONTROL_UNIT\trunk\EWARM\TARGET_DBG_HW_MP28947\Obj\LwIP_6171225858623166285.dir\pppol2tp.o
#        C:\Progetti\SVN_Repos\SCAME_GD_RED\SCAME_CONTROL_UNIT\trunk\EWARM\TARGET_DBG_HW_MP28947\Obj\LwIP_6171225858623166285.dir\pppos.o
#        C:\Progetti\SVN_Repos\SCAME_GD_RED\SCAME_CONTROL_UNIT\trunk\EWARM\TARGET_DBG_HW_MP28947\Obj\Protocol_16990505445836233132.dir\prot_OnUsart.o
#        C:\Progetti\SVN_Repos\SCAME_GD_RED\SCAME_CONTROL_UNIT\trunk\EWARM\TARGET_DBG_HW_MP28947\Obj\stationMng_507230474648503890.dir\PwmMng.o
#        C:\Progetti\SVN_Repos\SCAME_GD_RED\SCAME_CONTROL_UNIT\trunk\EWARM\TARGET_DBG_HW_MP28947\Obj\FreeRTOS_4809373609813369194.dir\queue.o
#        C:\Progetti\SVN_Repos\SCAME_GD_RED\SCAME_CONTROL_UNIT\trunk\EWARM\TARGET_DBG_HW_MP28947\Obj\LwIP_6171225858623166285.dir\raw.o
#        C:\Progetti\SVN_Repos\SCAME_GD_RED\SCAME_CONTROL_UNIT\trunk\EWARM\TARGET_DBG_HW_MP28947\Obj\stationMng_507230474648503890.dir\RfidMng.o
#        C:\Progetti\SVN_Repos\SCAME_GD_RED\SCAME_CONTROL_UNIT\trunk\EWARM\TARGET_DBG_HW_MP28947\Obj\BSP_3794911361316221405.dir\rtcApi.o
#        C:\Progetti\SVN_Repos\SCAME_GD_RED\SCAME_CONTROL_UNIT\trunk\EWARM\TARGET_DBG_HW_MP28947\Obj\Protocol_16990505445836233132.dir\sbcGsy.o
#        C:\Progetti\SVN_Repos\SCAME_GD_RED\SCAME_CONTROL_UNIT\trunk\EWARM\TARGET_DBG_HW_MP28947\Obj\Protocol_16990505445836233132.dir\sbcSem.o
#        C:\Progetti\SVN_Repos\SCAME_GD_RED\SCAME_CONTROL_UNIT\trunk\EWARM\TARGET_DBG_HW_MP28947\Obj\Protocol_16990505445836233132.dir\sbcUart.o
#        C:\Progetti\SVN_Repos\SCAME_GD_RED\SCAME_CONTROL_UNIT\trunk\EWARM\TARGET_DBG_HW_MP28947\Obj\Protocol_16990505445836233132.dir\scheduleMng.o
#        C:\Progetti\SVN_Repos\SCAME_GD_RED\SCAME_CONTROL_UNIT\trunk\EWARM\TARGET_DBG_HW_MP28947\Obj\Protocol_16990505445836233132.dir\scuMdb.o
#        C:\Progetti\SVN_Repos\SCAME_GD_RED\SCAME_CONTROL_UNIT\trunk\EWARM\TARGET_DBG_HW_MP28947\Obj\BSP_3794911361316221405.dir\secure_area.o
#        C:\Progetti\SVN_Repos\SCAME_GD_RED\SCAME_CONTROL_UNIT\trunk\EWARM\TARGET_DBG_HW_MP28947\Obj\LwIP_6171225858623166285.dir\slipif.o
#        C:\Progetti\SVN_Repos\SCAME_GD_RED\SCAME_CONTROL_UNIT\trunk\EWARM\TARGET_DBG_HW_MP28947\Obj\coreApp_9882234266214708374.dir\snapsi.o
#        C:\Progetti\SVN_Repos\SCAME_GD_RED\SCAME_CONTROL_UNIT\trunk\EWARM\TARGET_DBG_HW_MP28947\Obj\LwIP_6171225858623166285.dir\sockets.o
#        C:\Progetti\SVN_Repos\SCAME_GD_RED\SCAME_CONTROL_UNIT\trunk\EWARM\TARGET_DBG_HW_MP28947\Obj\EWARM_18443280873093131863.dir\startup_stm32f427xx.o
#        C:\Progetti\SVN_Repos\SCAME_GD_RED\SCAME_CONTROL_UNIT\trunk\EWARM\TARGET_DBG_HW_MP28947\Obj\LwIP_6171225858623166285.dir\stats.o
#        C:\Progetti\SVN_Repos\SCAME_GD_RED\SCAME_CONTROL_UNIT\trunk\EWARM\TARGET_DBG_HW_MP28947\Obj\STM32F4xx_HAL_Driver_1244631019742807970.dir\stm32f4xx_hal.o
#        C:\Progetti\SVN_Repos\SCAME_GD_RED\SCAME_CONTROL_UNIT\trunk\EWARM\TARGET_DBG_HW_MP28947\Obj\STM32F4xx_HAL_Driver_1244631019742807970.dir\stm32f4xx_hal_adc.o
#        C:\Progetti\SVN_Repos\SCAME_GD_RED\SCAME_CONTROL_UNIT\trunk\EWARM\TARGET_DBG_HW_MP28947\Obj\STM32F4xx_HAL_Driver_1244631019742807970.dir\stm32f4xx_hal_adc_ex.o
#        C:\Progetti\SVN_Repos\SCAME_GD_RED\SCAME_CONTROL_UNIT\trunk\EWARM\TARGET_DBG_HW_MP28947\Obj\STM32F4xx_HAL_Driver_1244631019742807970.dir\stm32f4xx_hal_cortex.o
#        C:\Progetti\SVN_Repos\SCAME_GD_RED\SCAME_CONTROL_UNIT\trunk\EWARM\TARGET_DBG_HW_MP28947\Obj\STM32F4xx_HAL_Driver_1244631019742807970.dir\stm32f4xx_hal_crc.o
#        C:\Progetti\SVN_Repos\SCAME_GD_RED\SCAME_CONTROL_UNIT\trunk\EWARM\TARGET_DBG_HW_MP28947\Obj\STM32F4xx_HAL_Driver_1244631019742807970.dir\stm32f4xx_hal_dac.o
#        C:\Progetti\SVN_Repos\SCAME_GD_RED\SCAME_CONTROL_UNIT\trunk\EWARM\TARGET_DBG_HW_MP28947\Obj\STM32F4xx_HAL_Driver_1244631019742807970.dir\stm32f4xx_hal_dac_ex.o
#        C:\Progetti\SVN_Repos\SCAME_GD_RED\SCAME_CONTROL_UNIT\trunk\EWARM\TARGET_DBG_HW_MP28947\Obj\STM32F4xx_HAL_Driver_1244631019742807970.dir\stm32f4xx_hal_dma.o
#        C:\Progetti\SVN_Repos\SCAME_GD_RED\SCAME_CONTROL_UNIT\trunk\EWARM\TARGET_DBG_HW_MP28947\Obj\STM32F4xx_HAL_Driver_1244631019742807970.dir\stm32f4xx_hal_dma_ex.o
#        C:\Progetti\SVN_Repos\SCAME_GD_RED\SCAME_CONTROL_UNIT\trunk\EWARM\TARGET_DBG_HW_MP28947\Obj\STM32F4xx_HAL_Driver_1244631019742807970.dir\stm32f4xx_hal_eth.o
#        C:\Progetti\SVN_Repos\SCAME_GD_RED\SCAME_CONTROL_UNIT\trunk\EWARM\TARGET_DBG_HW_MP28947\Obj\STM32F4xx_HAL_Driver_1244631019742807970.dir\stm32f4xx_hal_exti.o
#        C:\Progetti\SVN_Repos\SCAME_GD_RED\SCAME_CONTROL_UNIT\trunk\EWARM\TARGET_DBG_HW_MP28947\Obj\STM32F4xx_HAL_Driver_1244631019742807970.dir\stm32f4xx_hal_flash.o
#        C:\Progetti\SVN_Repos\SCAME_GD_RED\SCAME_CONTROL_UNIT\trunk\EWARM\TARGET_DBG_HW_MP28947\Obj\STM32F4xx_HAL_Driver_1244631019742807970.dir\stm32f4xx_hal_flash_ex.o
#        C:\Progetti\SVN_Repos\SCAME_GD_RED\SCAME_CONTROL_UNIT\trunk\EWARM\TARGET_DBG_HW_MP28947\Obj\STM32F4xx_HAL_Driver_1244631019742807970.dir\stm32f4xx_hal_gpio.o
#        C:\Progetti\SVN_Repos\SCAME_GD_RED\SCAME_CONTROL_UNIT\trunk\EWARM\TARGET_DBG_HW_MP28947\Obj\STM32F4xx_HAL_Driver_1244631019742807970.dir\stm32f4xx_hal_i2c.o
#        C:\Progetti\SVN_Repos\SCAME_GD_RED\SCAME_CONTROL_UNIT\trunk\EWARM\TARGET_DBG_HW_MP28947\Obj\STM32F4xx_HAL_Driver_1244631019742807970.dir\stm32f4xx_hal_i2c_ex.o
#        C:\Progetti\SVN_Repos\SCAME_GD_RED\SCAME_CONTROL_UNIT\trunk\EWARM\TARGET_DBG_HW_MP28947\Obj\STM32F4xx_HAL_Driver_1244631019742807970.dir\stm32f4xx_hal_iwdg.o
#        C:\Progetti\SVN_Repos\SCAME_GD_RED\SCAME_CONTROL_UNIT\trunk\EWARM\TARGET_DBG_HW_MP28947\Obj\User_8454777428142420917.dir\stm32f4xx_hal_msp_MP28947.o
#        C:\Progetti\SVN_Repos\SCAME_GD_RED\SCAME_CONTROL_UNIT\trunk\EWARM\TARGET_DBG_HW_MP28947\Obj\STM32F4xx_HAL_Driver_1244631019742807970.dir\stm32f4xx_hal_pwr.o
#        C:\Progetti\SVN_Repos\SCAME_GD_RED\SCAME_CONTROL_UNIT\trunk\EWARM\TARGET_DBG_HW_MP28947\Obj\STM32F4xx_HAL_Driver_1244631019742807970.dir\stm32f4xx_hal_pwr_ex.o
#        C:\Progetti\SVN_Repos\SCAME_GD_RED\SCAME_CONTROL_UNIT\trunk\EWARM\TARGET_DBG_HW_MP28947\Obj\STM32F4xx_HAL_Driver_1244631019742807970.dir\stm32f4xx_hal_qspi.o
#        C:\Progetti\SVN_Repos\SCAME_GD_RED\SCAME_CONTROL_UNIT\trunk\EWARM\TARGET_DBG_HW_MP28947\Obj\STM32F4xx_HAL_Driver_1244631019742807970.dir\stm32f4xx_hal_rcc.o
#        C:\Progetti\SVN_Repos\SCAME_GD_RED\SCAME_CONTROL_UNIT\trunk\EWARM\TARGET_DBG_HW_MP28947\Obj\STM32F4xx_HAL_Driver_1244631019742807970.dir\stm32f4xx_hal_rcc_ex.o
#        C:\Progetti\SVN_Repos\SCAME_GD_RED\SCAME_CONTROL_UNIT\trunk\EWARM\TARGET_DBG_HW_MP28947\Obj\STM32F4xx_HAL_Driver_1244631019742807970.dir\stm32f4xx_hal_rtc.o
#        C:\Progetti\SVN_Repos\SCAME_GD_RED\SCAME_CONTROL_UNIT\trunk\EWARM\TARGET_DBG_HW_MP28947\Obj\STM32F4xx_HAL_Driver_1244631019742807970.dir\stm32f4xx_hal_rtc_ex.o
#        C:\Progetti\SVN_Repos\SCAME_GD_RED\SCAME_CONTROL_UNIT\trunk\EWARM\TARGET_DBG_HW_MP28947\Obj\STM32F4xx_HAL_Driver_1244631019742807970.dir\stm32f4xx_hal_spi.o
#        C:\Progetti\SVN_Repos\SCAME_GD_RED\SCAME_CONTROL_UNIT\trunk\EWARM\TARGET_DBG_HW_MP28947\Obj\STM32F4xx_HAL_Driver_1244631019742807970.dir\stm32f4xx_hal_tim.o
#        C:\Progetti\SVN_Repos\SCAME_GD_RED\SCAME_CONTROL_UNIT\trunk\EWARM\TARGET_DBG_HW_MP28947\Obj\STM32F4xx_HAL_Driver_1244631019742807970.dir\stm32f4xx_hal_tim_ex.o
#        C:\Progetti\SVN_Repos\SCAME_GD_RED\SCAME_CONTROL_UNIT\trunk\EWARM\TARGET_DBG_HW_MP28947\Obj\STM32F4xx_HAL_Driver_1244631019742807970.dir\stm32f4xx_hal_uart.o
#        C:\Progetti\SVN_Repos\SCAME_GD_RED\SCAME_CONTROL_UNIT\trunk\EWARM\TARGET_DBG_HW_MP28947\Obj\STM32F4xx_HAL_Driver_1244631019742807970.dir\stm32f4xx_hal_usart.o
#        C:\Progetti\SVN_Repos\SCAME_GD_RED\SCAME_CONTROL_UNIT\trunk\EWARM\TARGET_DBG_HW_MP28947\Obj\User_8454777428142420917.dir\stm32f4xx_it.o
#        C:\Progetti\SVN_Repos\SCAME_GD_RED\SCAME_CONTROL_UNIT\trunk\EWARM\TARGET_DBG_HW_MP28947\Obj\User_8454777428142420917.dir\stm32f4xx_periph_init_MP28947.o
#        C:\Progetti\SVN_Repos\SCAME_GD_RED\SCAME_CONTROL_UNIT\trunk\EWARM\TARGET_DBG_HW_MP28947\Obj\wifi_3262316034850308010.dir\stream.o
#        C:\Progetti\SVN_Repos\SCAME_GD_RED\SCAME_CONTROL_UNIT\trunk\EWARM\TARGET_DBG_HW_MP28947\Obj\FreeRTOS_4809373609813369194.dir\stream_buffer.o
#        C:\Progetti\SVN_Repos\SCAME_GD_RED\SCAME_CONTROL_UNIT\trunk\EWARM\TARGET_DBG_HW_MP28947\Obj\LwIP_6171225858623166285.dir\sys.o
#        C:\Progetti\SVN_Repos\SCAME_GD_RED\SCAME_CONTROL_UNIT\trunk\EWARM\TARGET_DBG_HW_MP28947\Obj\LwIP_6171225858623166285.dir\sys_arch.o
#        C:\Progetti\SVN_Repos\SCAME_GD_RED\SCAME_CONTROL_UNIT\trunk\EWARM\TARGET_DBG_HW_MP28947\Obj\CMSIS_6603591812247902717.dir\system_stm32f4xx.o
#        C:\Progetti\SVN_Repos\SCAME_GD_RED\SCAME_CONTROL_UNIT\trunk\EWARM\TARGET_DBG_HW_MP28947\Obj\FreeRTOS_4809373609813369194.dir\tasks.o
#        C:\Progetti\SVN_Repos\SCAME_GD_RED\SCAME_CONTROL_UNIT\trunk\EWARM\TARGET_DBG_HW_MP28947\Obj\LwIP_6171225858623166285.dir\tcp.o
#        C:\Progetti\SVN_Repos\SCAME_GD_RED\SCAME_CONTROL_UNIT\trunk\EWARM\TARGET_DBG_HW_MP28947\Obj\LwIP_6171225858623166285.dir\tcp_in.o
#        C:\Progetti\SVN_Repos\SCAME_GD_RED\SCAME_CONTROL_UNIT\trunk\EWARM\TARGET_DBG_HW_MP28947\Obj\LwIP_6171225858623166285.dir\tcp_out.o
#        C:\Progetti\SVN_Repos\SCAME_GD_RED\SCAME_CONTROL_UNIT\trunk\EWARM\TARGET_DBG_HW_MP28947\Obj\webServer_11162101747046879916.dir\TCP_socket.o
#        C:\Progetti\SVN_Repos\SCAME_GD_RED\SCAME_CONTROL_UNIT\trunk\EWARM\TARGET_DBG_HW_MP28947\Obj\LwIP_6171225858623166285.dir\tcpip.o
#        C:\Progetti\SVN_Repos\SCAME_GD_RED\SCAME_CONTROL_UNIT\trunk\EWARM\TARGET_DBG_HW_MP28947\Obj\Protocol_16990505445836233132.dir\telnet.o
#        C:\Progetti\SVN_Repos\SCAME_GD_RED\SCAME_CONTROL_UNIT\trunk\EWARM\TARGET_DBG_HW_MP28947\Obj\LwIP_6171225858623166285.dir\timeouts.o
#        C:\Progetti\SVN_Repos\SCAME_GD_RED\SCAME_CONTROL_UNIT\trunk\EWARM\TARGET_DBG_HW_MP28947\Obj\FreeRTOS_4809373609813369194.dir\timers.o
#        C:\Progetti\SVN_Repos\SCAME_GD_RED\SCAME_CONTROL_UNIT\trunk\EWARM\TARGET_DBG_HW_MP28947\Obj\app_8634845462321782417.dir\transaction_register.o
#        C:\Progetti\SVN_Repos\SCAME_GD_RED\SCAME_CONTROL_UNIT\trunk\EWARM\TARGET_DBG_HW_MP28947\Obj\LIB_UART_DBG_4451214714449946012.dir\uartDbg.o
#        C:\Progetti\SVN_Repos\SCAME_GD_RED\SCAME_CONTROL_UNIT\trunk\EWARM\TARGET_DBG_HW_MP28947\Obj\LwIP_6171225858623166285.dir\udp.o
#        C:\Progetti\SVN_Repos\SCAME_GD_RED\SCAME_CONTROL_UNIT\trunk\EWARM\TARGET_DBG_HW_MP28947\Obj\LwIP_6171225858623166285.dir\upap.o
#        C:\Progetti\SVN_Repos\SCAME_GD_RED\SCAME_CONTROL_UNIT\trunk\EWARM\TARGET_DBG_HW_MP28947\Obj\wifi_3262316034850308010.dir\usart_esp32.o
#        C:\Progetti\SVN_Repos\SCAME_GD_RED\SCAME_CONTROL_UNIT\trunk\EWARM\TARGET_DBG_HW_MP28947\Obj\LwIP_6171225858623166285.dir\utils.o
#        C:\Progetti\SVN_Repos\SCAME_GD_RED\SCAME_CONTROL_UNIT\trunk\EWARM\TARGET_DBG_HW_MP28947\Obj\LwIP_6171225858623166285.dir\vj.o
#        C:\Progetti\SVN_Repos\SCAME_GD_RED\SCAME_CONTROL_UNIT\trunk\EWARM\TARGET_DBG_HW_MP28947\Obj\wifi_3262316034850308010.dir\wifi.o
#        C:\Progetti\SVN_Repos\SCAME_GD_RED\SCAME_CONTROL_UNIT\trunk\EWARM\TARGET_DBG_HW_MP28947\Obj\wifi_3262316034850308010.dir\wifi_esp32.o
#        C:\Progetti\SVN_Repos\SCAME_GD_RED\SCAME_CONTROL_UNIT\trunk\EWARM\TARGET_DBG_HW_MP28947\Obj\BSP_3794911361316221405.dir\wrapper.o
#        C:\Progetti\SVN_Repos\SCAME_GD_RED\SCAME_CONTROL_UNIT\trunk\EWARM\TARGET_DBG_HW_MP28947\Obj\LwIP_6171225858623166285.dir\zepif.o
#        --redirect _Printf=_PrintfSmall --redirect _Scanf=_ScanfSmall
#        --no_out_extension -o
#        C:\Progetti\SVN_Repos\SCAME_GD_RED\SCAME_CONTROL_UNIT\trunk\EWARM\TARGET_DBG_HW_MP28947\Exe\SCU_GDF4xx_HW_MP28947.out
#        --map
#        C:\Progetti\SVN_Repos\SCAME_GD_RED\SCAME_CONTROL_UNIT\trunk\EWARM\TARGET_DBG_HW_MP28947\List\SCU_GDF4xx_HW_MP28947.map
#        --config
#        C:\Progetti\SVN_Repos\SCAME_GD_RED\SCAME_CONTROL_UNIT\trunk\EWARM\SCU_GD32F470xG_boot.icf
#        --semihosting --entry __iar_program_start --vfe --text_out locale
#        --advanced_heap --cpu=Cortex-M4 --fpu=VFPv4_sp) --dependencies=n
#        C:\Progetti\SVN_Repos\SCAME_GD_RED\SCAME_CONTROL_UNIT\trunk\EWARM\TARGET_DBG_HW_MP28947\Exe\SCU_GDF4xx_HW_MP28947.out.iar_deps
#
###############################################################################

*******************************************************************************
*** RUNTIME MODEL ATTRIBUTES
***

CppFlavor       = *
__CPP_Runtime   = 1
__Heap_Handler  = DLMalloc
__SystemLibrary = DLib
__dlib_version  = 6


*******************************************************************************
*** HEAP SELECTION
***

The advanced heap was selected because of --advanced_heap.


*******************************************************************************
*** PLACEMENT SUMMARY
***

"A0":  place at address 0x800'c000 { ro section .intvec };
"P1":  place in [from 0x800'c000 to 0x80f'ffff] { ro };
define block CSTACK with size = 4K, alignment = 8 { };
define block HEAP with size = 80K, alignment = 8 { };
"P2":  place in [from 0x2000'0000 to 0x2006'ffff] {
          rw, block CSTACK, block HEAP };
"P5":  place in [from 0x4002'4000 to 0x4002'4fff] { rw section .bkpsram };
"P6":  place in [from 0x800'8000 to 0x800'bfff] { section .secure_area };
initialize by copy { rw };

No sections matched the following patterns:

  section .ccmram  in "P3-P4"
  section .sram    in "P3-P4"


  Section                 Kind         Address  Alignment      Size  Object
  -------                 ----         -------  ---------      ----  ------
"P6":                                                         0xee0
  .secure_area            zero      0x800'8000          4     0xee0  secure_area.o [1]
                                  - 0x800'8ee0                0xee0

"A0":                                                         0x1ac
  .intvec                 ro code   0x800'c000          4     0x1ac  startup_stm32f427xx.o [4]
                                  - 0x800'c1ac                0x1ac

"P1", part 1 of 2:                                            0x56d
  .text                   ro code   0x800'c1ac          2       0xa  xsprout.o [22]
  .rodata                 const     0x800'c1b6          2       0x2  LcdMng.o [18]
  Initializer bytes       const     0x800'c1b8                0x561  <for P2-1>
                                  - 0x800'c719                0x56d

Absolute sections, part 1 of 2:                                0x40
  .rodata                 const     0x800'd000                 0x40  fwChecksum.o [12]
                                  - 0x800'd040                 0x40

"P1", part 2 of 2:                                         0x8'5da4
  .text                   ro code   0x800'd040          4    0x8db8  httpserver-socket.o [20]
  .text                   ro code   0x801'5df8          2      0x2a  strncmp.o [22]
  .text                   ro code   0x801'5e22          2      0x7e  lz77_init_single.o [25]
  .text                   ro code   0x801'5ea0          4     0x712  mem.o [8]
  .text                   ro code   0x801'65b2          2      0x26  xencoding_8859_1.o [22]
  .text                   ro code   0x801'65d8          4    0x1506  tcp.o [8]
  .text                   ro code   0x801'7ade          2      0x1e  xsscin.o [22]
  .text                   ro code   0x801'7afc          4    0x196c  tcp_out.o [8]
  .text                   ro code   0x801'9468          4    0x3338  wrapper.o [1]
  .text                   ro code   0x801'c7a0          2      0x1e  strcat.o [22]
  .text                   ro code   0x801'c7be          2      0x1a  cmox_md.c.o [23]
  .text                   ro code   0x801'c7d8          4     0x906  configurator.o [20]
  .text                   ro code   0x801'd0de          2      0x1a  xsnprout.o [22]
  .text                   ro code   0x801'd0f8          4    0x4c0a  telnet.o [9]
  .text                   ro code   0x802'1d02          2      0x16  cmox_math.c.o [23]
  .text                   ro code   0x802'1d18          4     0xd0c  cmsis_os2.o [5]
  .text                   ro code   0x802'2a24          4      0x4c  fs.o [20]
  .text                   ro code   0x802'2a70          4     0x842  rtcApi.o [1]
  .text                   ro code   0x802'32b4          4      0x18  strcpy.o [25]
  .text                   ro code   0x802'32cc          4    0x15f4  dlmalloc.o [22]
  .text                   ro code   0x802'48c0          4      0x36  strlen.o [25]
  .text                   ro code   0x802'48f8          4     0x7bc  secure_area.o [1]
  .text                   ro code   0x802'50b4          4      0xa6  ABImemcpy.o [25]
  .text                   ro code   0x802'515a          2      0x2c  strstr.o [22]
  .rodata                 const     0x802'5186          2       0x2  LcdMng.o [18]
  .text                   ro code   0x802'5188          4    0x1472  eeprom.o [1]
  .rodata                 const     0x802'65fa          2       0x2  LcdMng.o [18]
  .text                   ro code   0x802'65fc          4      0x66  ABImemset.o [25]
  .rodata                 const     0x802'6662          2       0x2  LcdMng.o [18]
  .text                   ro code   0x802'6664          4    0x29c4  LcdMng.o [18]
  .text                   ro code   0x802'9028          4    0x2b44  Em_Task.o [6]
  .text                   ro code   0x802'bb6c          4    0x4092  EvsMng.o [18]
  .rodata                 const     0x802'fbfe          2       0x2  LcdMng.o [18]
  .text                   ro code   0x802'fc00          4    0x421c  scuMdb.o [9]
  .text                   ro code   0x803'3e1c          4     0x1f0  ethInitTask.o [14]
  .text                   ro code   0x803'400c          4     0x9d4  pbuf.o [8]
  .text                   ro code   0x803'49e0          2       0xa  isdigit.o [22]
  .rodata                 const     0x803'49ea          2       0x2  LcdMng.o [18]
  .text                   ro code   0x803'49ec          4     0x142  iar_Stoulx.o [22]
  .rodata                 const     0x803'4b2e          2       0x2  LcdMng.o [18]
  .text                   ro code   0x803'4b30          4    0x3ff4  sbcSem.o [9]
  .text                   ro code   0x803'8b24          4    0x17fc  main.o [11]
  .text                   ro code   0x803'a320          4      0x40  sprintf.o [22]
  .text                   ro code   0x803'a360          4      0x70  strncpy.o [25]
  .text                   ro code   0x803'a3d0          4    0x21e4  app_emob.o [13]
  .text                   ro code   0x803'c5b4          4      0xa0  snapsi.o [14]
  .text                   ro code   0x803'c654          4     0xa6c  RfidMng.o [18]
  .text                   ro code   0x803'd0c0          4      0xa6  iar_Stollx.o [22]
  .rodata                 const     0x803'd166          2       0x2  LcdMng.o [18]
  .text                   ro code   0x803'd168          4     0x76c  ledMng.o [14]
  .text                   ro code   0x803'd8d4          4     0x4c6  stm32f4xx_hal_rtc_ex.o [10]
  .rodata                 const     0x803'dd9a          2       0x2  LcdMng.o [18]
  .text                   ro code   0x803'dd9c          4     0x5a0  ContactMng.o [18]
  .text                   ro code   0x803'e33c          4     0xb68  adcTask.o [14]
  .text                   ro code   0x803'eea4          4     0x2cc  ioExp.o [14]
  .text                   ro code   0x803'f170          4    0x17bc  sbcGsy.o [9]
  .text                   ro code   0x804'092c          4     0x280  monitorMng.o [14]
  .text                   ro code   0x804'0bac          4    0x1248  lcd.o [1]
  .text                   ro code   0x804'1df4          4     0x934  ExtFlash_stm32f4.o [3]
  .text                   ro code   0x804'2728          4      0x28  cmox_sha256.c.o [23]
  .text                   ro code   0x804'2750          4      0x20  cmox_hash.c.o [23]
  .text                   ro code   0x804'2770          4      0x24  cmox_hash.c.o [23]
  .text                   ro code   0x804'2794          4      0x24  cmox_hash.c.o [23]
  .text                   ro code   0x804'27b8          4      0x2c  cmox_ecc.c.o [23]
  .text                   ro code   0x804'27e4          4     0x2e8  cmox_ecdsa.c.o [23]
  .text                   ro code   0x804'2acc          2      0x18  cmox_ecc.c.o [23]
  .text                   ro code   0x804'2ae4          4      0x20  cmox_hash.c.o [23]
  .text                   ro code   0x804'2b04          2       0x4  cmox_init.c.o [23]
  .text                   ro code   0x804'2b08          4     0x4bc  stm32f4xx_it.o [11]
  .text                   ro code   0x804'2fc4          4     0x254  stm32f4xx_hal_cortex.o [10]
  .text                   ro code   0x804'3218          4     0x1b0  flash_if.o [11]
  .text                   ro code   0x804'33c8          4      0x68  memcmp.o [25]
  .text                   ro code   0x804'3430          4     0xdbc  queue.o [5]
  .text                   ro code   0x804'41ec          4    0x1310  tasks.o [5]
  .text                   ro code   0x804'54fc          4     0x62c  timers.o [5]
  .text                   ro code   0x804'5b28          4     0x286  i2c.o [3]
  .rodata                 const     0x804'5dae          2       0x2  scuMdb.o [9]
  .text                   ro code   0x804'5db0          4     0x9fe  prot_OnUsart.o [9]
  .rodata                 const     0x804'67ae          2       0x2  xlocale_c.o [22]
  .text                   ro code   0x804'67b0          4     0x150  strerror.o [22]
  .text                   ro code   0x804'6900          2      0x1e  isxdigit.o [22]
  .rodata                 const     0x804'691e                  0x1  app_emob.o [13]
  .rodata                 const     0x804'691f                  0x1  app_emob.o [13]
  .text                   ro code   0x804'6920          4     0x144  sys_arch.o [8]
  .text                   ro code   0x804'6a64          4      0x98  rand.o [22]
  .text                   ro code   0x804'6afc          4     0x144  memp.o [8]
  .text                   ro code   0x804'6c40          4    0x1bd4  tcp_in.o [8]
  .text                   ro code   0x804'8814          4     0x218  timeouts.o [8]
  .text                   ro code   0x804'8a2c          4     0x420  netif.o [8]
  .text                   ro code   0x804'8e4c          4     0x404  ip4.o [8]
  .text                   ro code   0x804'9250          2      0x2c  def.o [8]
  .text                   ro code   0x804'927c          4     0xd7c  inputsMng.o [14]
  .text                   ro code   0x804'9ff8          4     0x4ac  stm32f4xx_hal_gpio.o [10]
  .text                   ro code   0x804'a4a4          4     0xd1e  stm32f4xx_hal_tim.o [10]
  .rodata                 const     0x804'b1c2                  0x1  LcdMng.o [18]
  .rodata                 const     0x804'b1c3                  0x1  xlocale_c.o [22]
  .text                   ro code   0x804'b1c4          4      0xf4  usart_esp32.o [21]
  .text                   ro code   0x804'b2b8          4     0x2f8  transaction_register.o [13]
  .text                   ro code   0x804'b5b0          4     0x5b8  scheduleMng.o [9]
  .text                   ro code   0x804'bb68          4     0x2a0  Event_log.o [18]
  .text                   ro code   0x804'be08          4      0xe0  mktime64.o [22]
  .text                   ro code   0x804'bee8          4     0x428  stm32f4xx_hal_flash_ex.o [10]
  .text                   ro code   0x804'c310          4     0x280  stm32f4xx_hal_flash.o [10]
  .text                   ro code   0x804'c590          2      0x90  iar_Stolx.o [22]
  .text                   ro code   0x804'c620          4      0x16  strchr.o [25]
  .rodata                 const     0x804'c636                  0x1  xlocale_c.o [22]
  .text                   ro code   0x804'c638          4      0x12  strcmp.o [25]
  .text                   ro code   0x804'c64c          4     0x7cc  hts.o [1]
  .text                   ro code   0x804'ce18          4     0x7e8  metroTask.o [19]
  .text                   ro code   0x804'd600          4    0x17a8  PersMng.o [18]
  .text                   ro code   0x804'eda8          4      0x28  sscanf.o [22]
  .text                   ro code   0x804'edd0          2      0x14  toupper.o [22]
  .text                   ro code   0x804'ede4          4      0x34  vsprintf.o [22]
  .text                   ro code   0x804'ee18          4     0x110  dbg_Task.o [7]
  .text                   ro code   0x804'ef28          4     0x394  event_groups.o [5]
  .text                   ro code   0x804'f2bc          2      0x20  localtim64.o [22]
  .text                   ro code   0x804'f2dc          4     0x420  stm32f4xx_hal_rtc.o [10]
  .text                   ro code   0x804'f6fc          4      0x1a  math_wrappers64.o [24]
  .text                   ro code   0x804'f718          4      0x22  DblToU32.o [24]
  .text                   ro code   0x804'f73c          4      0x28  asctime.o [22]
  .text                   ro code   0x804'f764          2       0x6  abort.o [22]
  .text                   ro code   0x804'f76c          4      0x2c  xgetmemchunk.o [22]
  .text                   ro code   0x804'f798          4       0x6  ABImemclr.o [25]
  .text                   ro code   0x804'f7a0          4       0x6  ABImemclr4.o [25]
  .text                   ro code   0x804'f7a8          4      0x80  cmox_init.c.o [23]
  .text                   ro code   0x804'f828          4      0x34  cmox_hash.c.o [23]
  .text                   ro code   0x804'f85c          4     0xd30  EnergyMng.o [18]
  .text                   ro code   0x805'058c          4    0x10fc  ExtInpMng.o [18]
  .text                   ro code   0x805'1688          4    0x178c  PwmMng.o [18]
  .text                   ro code   0x805'2e14          4     0x4e8  EvsTimeMng.o [18]
  .text                   ro code   0x805'32fc          2      0x28  strncat.o [22]
  .text                   ro code   0x805'3324          4     0x274  I64DivMod.o [25]
  .text                   ro code   0x805'3598          4    0x11fc  metrology_hal.o [15]
  .text                   ro code   0x805'4794          4     0x1ae  Em_Uart.o [6]
  .text                   ro code   0x805'4944          4     0x5d0  stm32f4xx_hal_dma.o [10]
  .text                   ro code   0x805'4f14          4     0x954  PilotMng.o [18]
  .text                   ro code   0x805'5868          4     0x876  BlockMng.o [18]
  .text                   ro code   0x805'60e0          4       0x2  diffRiarm.o [18]
  .text                   ro code   0x805'60e4          4      0x54  stm32f4xx_hal.o [10]
  .text                   ro code   0x805'6138          4     0x38a  sbcUart.o [9]
  .text                   ro code   0x805'64c4          4       0xc  stm32f4xx_hal.o [10]
  .text                   ro code   0x805'64d0          4     0xde4  stm32f4xx_hal_uart.o [10]
  .text                   ro code   0x805'72b4          4      0x1c  U32ToDbl.o [24]
  .text                   ro code   0x805'72d0          4     0x1aa  DblMul.o [24]
  .text                   ro code   0x805'747c          4      0x36  DblToS32.o [24]
  .text                   ro code   0x805'74b4          4     0x268  lwip.o [11]
  .text                   ro code   0x805'771c          4     0x268  tcpip.o [8]
  .text                   ro code   0x805'7984          2      0x14  isspace.o [22]
  .text                   ro code   0x805'7998          2      0x14  tolower.o [22]
  .text                   ro code   0x805'79ac          4      0x58  memchr.o [25]
  .text                   ro code   0x805'7a04          4      0x44  errno.o [22]
  .text                   ro code   0x805'7a48          4     0x888  stm32f4xx_periph_init_MP28947.o [11]
  .text                   ro code   0x805'82d0          4     0x1a0  AutotestMng.o [18]
  .text                   ro code   0x805'8470          4      0x28  stm32f4xx_hal.o [10]
  .text                   ro code   0x805'8498          4      0x48  crc.o [11]
  .text                   ro code   0x805'84e0          4      0x98  stm32f4xx_hal_rcc.o [10]
  .text                   ro code   0x805'8578          4      0x40  stm32f4xx_hal_pwr.o [10]
  .text                   ro code   0x805'85b8          4     0x3f0  stm32f4xx_hal_rcc.o [10]
  .text                   ro code   0x805'89a8          4      0xb8  stm32f4xx_hal_pwr_ex.o [10]
  .text                   ro code   0x805'8a60          4      0x10  stm32f4xx_hal.o [10]
  .text                   ro code   0x805'8a70          4      0x10  stm32f4xx_hal.o [10]
  .text                   ro code   0x805'8a80          4      0x18  stm32f4xx_hal.o [10]
  .text                   ro code   0x805'8a98          2      0x6a  stm32f4xx_hal_iwdg.o [10]
  .text                   ro code   0x805'8b04          4     0x4fd  xprintfsmall.o [22]
  .text                   ro code   0x805'9004          4      0x32  wifi.o [21]
  .text                   ro code   0x805'9038          4     0xd56  stm32f4xx_hal_i2c.o [10]
  .text                   ro code   0x805'9d90          4     0x1ac  iar_Stoullx.o [22]
  .text                   ro code   0x805'9f3c          2       0x2  stm32f4xx_hal_rtc_ex.o [10]
  .text                   ro code   0x805'9f3e          2       0x2  stm32f4xx_hal_rtc_ex.o [10]
  .text                   ro code   0x805'9f40          4     0xa6e  stm32f4xx_hal_adc.o [10]
  .text                   ro code   0x805'a9b0          4     0x10c  stm32f4xx_hal_tim_ex.o [10]
  .text                   ro code   0x805'aabc          4      0x48  U64ToFlt.o [24]
  .text                   ro code   0x805'ab04          4      0x1e  sqrtf.o [24]
  .text                   ro code   0x805'ab24          4      0x22  S32ToDbl.o [24]
  .text                   ro code   0x805'ab48          4     0x25e  DblAddSub.o [24]
  .text                   ro code   0x805'ada8          4     0x246  DblDiv.o [24]
  .text                   ro code   0x805'aff0          4     0x210  port.o [5]
  .text                   ro code   0x805'b200          4     0x126  stm32f4xx_hal_dac.o [10]
  .text                   ro code   0x805'b328          4     0x818  stm32f4xx_hal_spi.o [10]
  .text                   ro code   0x805'bb40          2       0x8  cmox_md.c.o [23]
  .text                   ro code   0x805'bb48          2      0x16  cmox_membuf.c.o [23]
  .text                   ro code   0x805'bb5e          2      0x32  cmox_bn.c.o [23]
  .text                   ro code   0x805'bb90          2      0x1c  cmox_ecc.c.o [23]
  .text                   ro code   0x805'bbac          2      0x16  cmox_bn.c.o [23]
  .text                   ro code   0x805'bbc2          2      0x86  cmox_bn.c.o [23]
  .text                   ro code   0x805'bc48          2      0x2c  cmox_bn.c.o [23]
  .text                   ro code   0x805'bc74          2      0x82  cmox_bn.c.o [23]
  .text                   ro code   0x805'bcf6          2      0x10  cmox_ecc.c.o [23]
  .text                   ro code   0x805'bd06          2      0x10  cmox_math.c.o [23]
  .text                   ro code   0x805'bd16          2      0x5c  cmox_ecc.c.o [23]
  .text                   ro code   0x805'bd72          2       0x6  cmox_ecc.c.o [23]
  .text                   ro code   0x805'bd78          2      0x16  cmox_bn.c.o [23]
  .text                   ro code   0x805'bd8e          2      0x56  cmox_math.c.o [23]
  .text                   ro code   0x805'bde4          2      0xfe  cmox_math.c.o [23]
  .text                   ro code   0x805'bee2          2      0x46  cmox_math.c.o [23]
  .text                   ro code   0x805'bf28          2      0x10  cmox_ecc.c.o [23]
  .text                   ro code   0x805'bf38          2      0xb8  cmox_ecc.c.o [23]
  .text                   ro code   0x805'bff0          2      0x1e  cmox_bn.c.o [23]
  .text                   ro code   0x805'c00e          2       0xa  cmox_mathutils.c.o [23]
  .text                   ro code   0x805'c018          4     0xbb8  cmox_ecc.c.o [23]
  .text                   ro code   0x805'cbd0          4      0xf0  cmox_utils_compare.c.o [23]
  .text                   ro code   0x805'ccc0          2      0x60  cmox_ecc.c.o [23]
  .text                   ro code   0x805'cd20          2      0x1a  cmox_membuf.c.o [23]
  .text                   ro code   0x805'cd3c          4      0x3a  cmox_low_level.o [11]
  .text                   ro code   0x805'cd78          4     0xaf0  stm32f4xx_hal_eth.o [10]
  .text                   ro code   0x805'd868          4     0x416  uartDbg.o [7]
  .text                   ro code   0x805'dc7e          2      0x9a  list.o [5]
  .text                   ro code   0x805'dd18          4     0x28c  heap_4.o [5]
  .text                   ro code   0x805'dfa4          2       0x4  tp_nothreads.o [22]
  .text                   ro code   0x805'dfa8          2      0x9c  fputs.o [22]
  .text                   ro code   0x805'e044          4      0x50  ip4_addr.o [8]
  .text                   ro code   0x805'e094          4     0x56c  ethernetif_stm32f4.o [11]
  .text                   ro code   0x805'e600          4     0x2e4  udp.o [8]
  .text                   ro code   0x805'e8e4          4     0xb1c  etharp.o [8]
  .text                   ro code   0x805'f400          4     0xa70  ip4_frag.o [8]
  .text                   ro code   0x805'fe70          4     0x2c0  icmp.o [8]
  .text                   ro code   0x806'0130          4     0xde8  stm32f4xx_hal_msp_MP28947.o [11]
  .text                   ro code   0x806'0f18          2       0x2  stm32f4xx_hal_tim.o [10]
  .text                   ro code   0x806'0f1a          2       0x2  stm32f4xx_hal_tim.o [10]
  .text                   ro code   0x806'0f1c          2       0x2  stm32f4xx_hal_tim_ex.o [10]
  .text                   ro code   0x806'0f1e          2       0x2  stm32f4xx_hal_tim.o [10]
  .text                   ro code   0x806'0f20          2       0x2  stm32f4xx_hal_tim_ex.o [10]
  .text                   ro code   0x806'0f24          4    0x1d9c  wifi_esp32.o [21]
  .text                   ro code   0x806'2cc0          4      0x96  ABImemmove.o [25]
  .text                   ro code   0x806'2d58          4      0x3c  vsnprint.o [22]
  .text                   ro code   0x806'2d94          4      0xcc  xDaysTo64.o [22]
  .text                   ro code   0x806'2e60          4     0x15c  xttotm64.o [22]
  .text                   ro code   0x806'2fbc          2       0x4  xTzoff_nop.o [22]
  .text                   ro code   0x806'2fc0          4     0x33c  handler_metrology.o [16]
  .text                   ro code   0x806'32fc          4     0xac8  metrology.o [15]
  .text                   ro code   0x806'3dc4          4      0x34  DblCmpLe.o [24]
  .text                   ro code   0x806'3df8          4     0x6b0  xscanfsmall.o [22]
  .text                   ro code   0x806'44a8          4     0x108  xlocale_c.o [22]
  .text                   ro code   0x806'45b0          4     0x140  DataLink_dbg.o [7]
  .text                   ro code   0x806'46f0          2      0x28  difftime64.o [24]
  .text                   ro code   0x806'4718          4     0x410  cos_sin64.o [24]
  .text                   ro code   0x806'4b28          2     0x112  xstrftim.o [22]
  .text                   ro code   0x806'4c3c          4      0x14  exit.o [26]
  .text                   ro code   0x806'4c50          4      0x32  ABImemset48.o [25]
  .text                   ro code   0x806'4c84          4       0x2  I64DivZer.o [25]
  .text                   ro code   0x806'4c88          4      0x4c  stm32f4xx_hal.o [10]
  .text                   ro code   0x806'4cd4          2       0x2  stm32f4xx_hal_uart.o [10]
  .text                   ro code   0x806'4cd6          2       0x2  stm32f4xx_hal_uart.o [10]
  .text                   ro code   0x806'4cd8          4      0x40  stm32f4xx_hal_rcc.o [10]
  .text                   ro code   0x806'4d18          4      0x20  TCP_socket.o [20]
  .text                   ro code   0x806'4d38          4      0x48  init.o [8]
  .text                   ro code   0x806'4d80          2      0x9c  stm32f4xx_hal_i2c_ex.o [10]
  .text                   ro code   0x806'4e1c          2      0x24  stm32f4xx_hal_crc.o [10]
  .text                   ro code   0x806'4e40          4      0x40  xfail_s.o [22]
  .text                   ro code   0x806'4e80          2       0x2  stm32f4xx_hal_adc_ex.o [10]
  .text                   ro code   0x806'4e82          2       0x2  stm32f4xx_hal_adc.o [10]
  .text                   ro code   0x806'4e84          2       0x2  stm32f4xx_hal_adc.o [10]
  .text                   ro code   0x806'4e88          4      0x34  port.o [5]
  CODE                    ro code   0x806'4ebc          4      0xb4  portasm.o [5]
  .text                   ro code   0x806'4f70          2       0x2  stm32f4xx_hal_dac.o [10]
  .text                   ro code   0x806'4f72          2       0xa  cmox_mathutils.c.o [23]
  .text                   ro code   0x806'4f7c          2      0x24  cmox_mathutils.c.o [23]
  .text                   ro code   0x806'4fa0          2      0x3e  cmox_membuf.c.o [23]
  .text                   ro code   0x806'4fde          2       0x6  cmox_mathutils.c.o [23]
  .text                   ro code   0x806'4fe4          2      0x32  cmox_math.c.o [23]
  .text                   ro code   0x806'5016          2      0x3e  cmox_math.c.o [23]
  .text                   ro code   0x806'5054          2      0x18  cmox_math.c.o [23]
  .text                   ro code   0x806'506c          2      0x2a  cmox_membuf.c.o [23]
  .text                   ro code   0x806'5096          2      0x70  cmox_bn.c.o [23]
  .text                   ro code   0x806'5106          2      0x5c  cmox_math.c.o [23]
  .text                   ro code   0x806'5162          2      0x44  cmox_math.c.o [23]
  .text                   ro code   0x806'51a6          2      0x42  cmox_math.c.o [23]
  .text                   ro code   0x806'51e8          2     0x122  cmox_math.c.o [23]
  .text                   ro code   0x806'530a          2       0xa  cmox_bn.c.o [23]
  .text                   ro code   0x806'5314          2      0xbe  cmox_math.c.o [23]
  .text                   ro code   0x806'53d2          2      0xa4  cmox_math.c.o [23]
  .text                   ro code   0x806'5476          2       0x2  stm32f4xx_hal_eth.o [10]
  .text                   ro code   0x806'5478          2       0x2  stm32f4xx_hal_eth.o [10]
  .text                   ro code   0x806'547a          2      0x1c  strrchr.o [22]
  .text                   ro code   0x806'5496          2      0xb4  xfwprep.o [22]
  .text                   ro code   0x806'554c          4      0xac  fflush.o [22]
  .text                   ro code   0x806'55f8          4     0x158  ethernet.o [8]
  .text                   ro code   0x806'5750          4     0x2a0  stm32f4xx_hal_rcc_ex.o [10]
  .text                   ro code   0x806'59f0          4    0x1674  esp32.o [21]
  .text                   ro code   0x806'7064          2     0x2c6  stream.o [21]
  .text                   ro code   0x806'732a          2       0x6  xisdst_nop64.o [22]
  .text                   ro code   0x806'7330          4      0x28  handler_nvram.o [16]
  .text                   ro code   0x806'7358          2      0x30  wctob.o [22]
  .text                   ro code   0x806'7388          4      0x46  U64ToDbl.o [24]
  .text                   ro code   0x806'73d0          4     0x836  xgentime.o [22]
  .text                   ro code   0x806'7c08          4      0x7c  iarttio.o [26]
  .text                   ro code   0x806'7c84          2      0x38  cmox_math.c.o [23]
  .text                   ro code   0x806'7cbc          2      0x24  fseek.o [22]
  .text                   ro code   0x806'7ce0          2      0x10  write.o [26]
  .text                   ro code   0x806'7cf0          2      0x40  xgettime.o [22]
  .text                   ro code   0x806'7d30          2       0x4  getzone_nop.o [22]
  .text                   ro code   0x806'7d34          4       0x8  XShttio.o [22]
  .text                   ro code   0x806'7d3c          2      0xd2  xfspos.o [22]
  .text                   ro code   0x806'7e0e          2      0x1e  dwrite.o [26]
  .text                   ro code   0x806'7e2c          2       0xc  xfgpos.o [22]
  .text                   ro code   0x806'7e38          2      0x4e  lseek.o [26]
  .text                   ro code   0x806'7e86          2      0x20  iarwstd.o [26]
  .text                   ro code   0x806'7ea6          2      0x22  iarwrite.o [26]
  .text                   ro code   0x806'7ec8          4      0xc8  XShHandles.o [22]
  .rodata                 const     0x806'7f90          4    0x737c  fs.o [20]
  .rodata                 const     0x806'f30c          4    0x60b0  fs.o [20]
  .rodata                 const     0x807'53bc          4    0x3b30  fs.o [20]
  .rodata                 const     0x807'8eec          4    0x26ac  fs.o [20]
  .rodata                 const     0x807'b598          4    0x20f0  fs.o [20]
  .rodata                 const     0x807'd688          4    0x16d0  fs.o [20]
  .rodata                 const     0x807'ed58          4     0xa68  LcdMng.o [18]
  .rodata                 const     0x807'f7c0          4     0x990  Em_Task.o [6]
  .rodata                 const     0x808'0150          4     0x760  fs.o [20]
  .text                   ro code   0x808'08b0          2     0x70a  cmox_math_armv7em_ewarm_mm-fios256.s.o [23]
  .text                   ro code   0x808'0fbc          4     0x67c  cmox_scalarmul.c.o [23]
  .text                   ro code   0x808'1638          2      0x48  cmox_bn.c.o [23]
  .text                   ro code   0x808'1680          2       0xe  cmox_mathutils.c.o [23]
  .rodata                 const     0x808'1690          4     0x574  fs.o [20]
  .rodata                 const     0x808'1c04          4     0x4fc  fs.o [20]
  .rodata                 const     0x808'2100          4     0x4c8  fs.o [20]
  .text                   ro code   0x808'25c8          2     0x3f8  cmox_scalarmul.c.o [23]
  .text                   ro code   0x808'29c0          2      0x10  cmox_mathutils.c.o [23]
  .text                   ro code   0x808'29d0          2      0x96  cmox_bn.c.o [23]
  .rodata                 const     0x808'2a68          4     0x3c8  scuMdb.o [9]
  .text                   ro code   0x808'2e30          2     0x3ac  cmox_scalarmul.c.o [23]
  .text                   ro code   0x808'31dc          4     0x398  modbus_tcp.o [17]
  .text                   ro code   0x808'3574          2      0x10  modbus.o [17]
  .rodata                 const     0x808'3584          4     0x374  fs.o [20]
  .rodata                 const     0x808'38f8          4     0x300  lcd.o [1]
  .rodata                 const     0x808'3bf8          4     0x300  lcd.o [1]
  .rodata                 const     0x808'3ef8          4     0x300  lcd.o [1]
  .rodata                 const     0x808'41f8          4     0x300  lcd.o [1]
  .rodata                 const     0x808'44f8          4     0x300  lcd.o [1]
  .rodata                 const     0x808'47f8          4     0x300  lcd.o [1]
  .rodata                 const     0x808'4af8          4     0x300  lcd.o [1]
  .rodata                 const     0x808'4df8          4     0x288  Em_Task.o [6]
  CMOX_CTA_PROTECTED_DATA
                          const     0x808'5080          4     0x264  cmox_ecc_curve_p256.c.o [23]
  .text                   ro code   0x808'52e4          4     0x22c  cmox_modexp.c.o [23]
  .rodata                 const     0x808'5510          4     0x224  cmox_ecc_curve_p256.c.o [23]
  .rodata                 const     0x808'5734          4     0x220  fs.o [20]
  .rodata                 const     0x808'5954          4     0x208  handler_metrology.o [16]
  .text                   ro code   0x808'5b5c          4     0x1ec  cmox_sha256_common.c.o [23]
  .text                   ro code   0x808'5d48          4     0x1a0  cmox_md.c.o [23]
  .rodata                 const     0x808'5ee8          4     0x100  app_emob.o [13]
  .rodata                 const     0x808'5fe8          4     0x100  Em_Task.o [6]
  .rodata                 const     0x808'60e8          4     0x100  Em_Task.o [6]
  .rodata                 const     0x808'61e8          4     0x100  cmox_sha256_common.c.o [23]
  .rodata                 const     0x808'62e8          4      0xec  httpserver-socket.o [20]
  .rodata                 const     0x808'63d4          4      0xe8  app_emob.o [13]
  .rodata                 const     0x808'64bc          4      0xd0  telnet.o [9]
  .rodata                 const     0x808'658c          4      0xc8  app_emob.o [13]
  .text                   ro code   0x808'6654          4      0xa8  cmox_md.c.o [23]
  .text                   ro code   0x808'66fc          2      0x96  cmox_utils_compare.c.o [23]
  .text                   ro code   0x808'6792          2      0x8c  cmox_utils_compare.c.o [23]
  .text                   ro code   0x808'6820          4      0x8c  xfofind.o [22]
  .rodata                 const     0x808'68ac          4      0x88  xlocale_c.o [22]
  .rodata                 const     0x808'6934          4      0x84  telnet.o [9]
  .rodata                 const     0x808'69b8          4      0x80  lcd.o [1]
  .rodata                 const     0x808'6a38          4      0x80  lcd.o [1]
  .rodata                 const     0x808'6ab8          4      0x80  lcd.o [1]
  .rodata                 const     0x808'6b38          4      0x80  lcd.o [1]
  .rodata                 const     0x808'6bb8          4      0x80  lcd.o [1]
  .text                   ro code   0x808'6c38          2      0x7e  fclose.o [22]
  .text                   ro code   0x808'6cb6          2      0x18  close.o [26]
  .text                   ro code   0x808'6cce          2      0x14  remove.o [26]
  .rodata                 const     0x808'6ce4          4      0x78  telnet.o [9]
  .rodata                 const     0x808'6d5c          4      0x74  telnet.o [9]
  .rodata                 const     0x808'6dd0          4      0x74  telnet.o [9]
  .rodata                 const     0x808'6e44          4      0x70  handler_metrology.o [16]
  .rodata                 const     0x808'6eb4          4      0x70  telnet.o [9]
  .text                   ro code   0x808'6f24          4      0x70  cmox_sha256.c.o [23]
  .text                   ro code   0x808'6f94          2      0x5c  cmox_hash.c.o [23]
  .rodata                 const     0x808'6ff0          4      0x6c  app_emob.o [13]
  .rodata                 const     0x808'705c          4      0x6c  Em_Task.o [6]
  .rodata                 const     0x808'70c8          4      0x6c  Em_Task.o [6]
  .rodata                 const     0x808'7134          4      0x6c  telnet.o [9]
  .rodata                 const     0x808'71a0          4      0x68  telnet.o [9]
  .rodata                 const     0x808'7208          4      0x68  telnet.o [9]
  .rodata                 const     0x808'7270          4      0x64  telnet.o [9]
  .rodata                 const     0x808'72d4          4      0x64  telnet.o [9]
  .rodata                 const     0x808'7338          4      0x64  telnet.o [9]
  .rodata                 const     0x808'739c          4      0x60  EvsMng.o [18]
  .rodata                 const     0x808'73fc          4      0x60  telnet.o [9]
  .rodata                 const     0x808'745c          4      0x5c  telnet.o [9]
  .rodata                 const     0x808'74b8          4      0x58  Event_log.o [18]
  .rodata                 const     0x808'7510          4      0x58  Event_log.o [18]
  .rodata                 const     0x808'7568          4      0x58  Event_log.o [18]
  .rodata                 const     0x808'75c0          4      0x58  tcp_out.o [8]
  .rodata                 const     0x808'7618          4      0x58  xlocale_c.o [22]
  .rodata                 const     0x808'7670          4      0x54  configurator.o [20]
  .rodata                 const     0x808'76c4          4      0x54  Event_log.o [18]
  .rodata                 const     0x808'7718          4      0x54  sbcSem.o [9]
  .rodata                 const     0x808'776c          4      0x54  telnet.o [9]
  .rodata                 const     0x808'77c0          4      0x54  telnet.o [9]
  .rodata                 const     0x808'7814          4      0x54  telnet.o [9]
  .text                   ro code   0x808'7868          2      0x54  fputc.o [22]
  .rodata                 const     0x808'78bc          4      0x50  telnet.o [9]
  .rodata                 const     0x808'790c          4      0x50  telnet.o [9]
  .rodata                 const     0x808'795c          4      0x50  iar_Stoulx.o [22]
  .rodata                 const     0x808'79ac          4      0x50  iar_Stoullx.o [22]
  .rodata                 const     0x808'79fc          4      0x4c  app_emob.o [13]
  .rodata                 const     0x808'7a48          4      0x4c  telnet.o [9]
  .rodata                 const     0x808'7a94          4      0x4c  telnet.o [9]
  .rodata                 const     0x808'7ae0          4      0x4c  telnet.o [9]
  .rodata                 const     0x808'7b2c          4      0x4c  telnet.o [9]
  .rodata                 const     0x808'7b78          4      0x4c  telnet.o [9]
  .rodata                 const     0x808'7bc4          4      0x4c  telnet.o [9]
  .rodata                 const     0x808'7c10          4      0x4c  telnet.o [9]
  .rodata                 const     0x808'7c5c          4      0x4c  xlocale_c.o [22]
  .rodata                 const     0x808'7ca8          4      0x48  telnet.o [9]
  .rodata                 const     0x808'7cf0          4      0x48  telnet.o [9]
  .rodata                 const     0x808'7d38          4      0x48  telnet.o [9]
  .rodata                 const     0x808'7d80          4      0x48  telnet.o [9]
  .rodata                 const     0x808'7dc8          4      0x48  telnet.o [9]
  .rodata                 const     0x808'7e10          4      0x44  app_emob.o [13]
  .rodata                 const     0x808'7e54          4      0x44  app_emob.o [13]
  .rodata                 const     0x808'7e98          4      0x44  eeprom.o [1]
  .rodata                 const     0x808'7edc          4      0x44  eeprom.o [1]
  .rodata                 const     0x808'7f20          4      0x44  etharp.o [8]
  .rodata                 const     0x808'7f64          4      0x44  Event_log.o [18]
  .rodata                 const     0x808'7fa8          4      0x44  init.o [8]
  .rodata                 const     0x808'7fec          4      0x44  telnet.o [9]
  .rodata                 const     0x808'8030          4      0x44  telnet.o [9]
  .text                   ro code   0x808'8074          2      0x44  cmox_md.c.o [23]
  .rodata                 const     0x808'80b8          4      0x40  app_emob.o [13]
  .rodata                 const     0x808'80f8          4      0x40  app_emob.o [13]
  .rodata                 const     0x808'8138          4      0x40  etharp.o [8]
  .rodata                 const     0x808'8178          4      0x40  httpserver-socket.o [20]
  .rodata                 const     0x808'81b8          4      0x40  sbcSem.o [9]
  .rodata                 const     0x808'81f8          4      0x40  tcp_out.o [8]
  .rodata                 const     0x808'8238          4      0x40  telnet.o [9]
  .rodata                 const     0x808'8278          4      0x40  telnet.o [9]
  .rodata                 const     0x808'82b8          4      0x40  telnet.o [9]
  .rodata                 const     0x808'82f8          4      0x40  timeouts.o [8]
  .text                   ro code   0x808'8338          4      0x40  cmox_sha256.c.o [23]
  .text                   ro code   0x808'8378          2      0x1e  cmox_md.c.o [23]
  .text                   ro code   0x808'8398          4      0x40  xcloseall.o [22]
  .text                   ro code   0x808'83d8          2      0x3e  cmox_ecc.c.o [23]
  .rodata                 const     0x808'8418          4      0x3c  app_emob.o [13]
  .rodata                 const     0x808'8454          4      0x3c  app_emob.o [13]
  .rodata                 const     0x808'8490          4      0x3c  Event_log.o [18]
  .rodata                 const     0x808'84cc          4      0x3c  tcp_in.o [8]
  .rodata                 const     0x808'8508          4      0x3c  tcp_out.o [8]
  .rodata                 const     0x808'8544          4      0x3c  tcp_out.o [8]
  .rodata                 const     0x808'8580          4      0x3c  telnet.o [9]
  .rodata                 const     0x808'85bc          4      0x3c  telnet.o [9]
  .rodata                 const     0x808'85f8          4      0x3c  telnet.o [9]
  .rodata                 const     0x808'8634          4      0x3c  telnet.o [9]
  .rodata                 const     0x808'8670          4      0x3c  telnet.o [9]
  .rodata                 const     0x808'86ac          4      0x38  app_emob.o [13]
  .rodata                 const     0x808'86e4          4      0x38  eeprom.o [1]
  .rodata                 const     0x808'871c          4      0x38  eeprom.o [1]
  .rodata                 const     0x808'8754          4      0x38  eeprom.o [1]
  .rodata                 const     0x808'878c          4      0x38  httpserver-socket.o [20]
  .rodata                 const     0x808'87c4          4      0x38  icmp.o [8]
  .rodata                 const     0x808'87fc          4      0x38  ip4_frag.o [8]
  .rodata                 const     0x808'8834          4      0x38  pbuf.o [8]
  .rodata                 const     0x808'886c          4      0x38  sbcSem.o [9]
  .rodata                 const     0x808'88a4          4      0x38  tcp.o [8]
  .rodata                 const     0x808'88dc          4      0x38  tcp.o [8]
  .rodata                 const     0x808'8914          4      0x38  tcp_in.o [8]
  .rodata                 const     0x808'894c          4      0x38  tcp_out.o [8]
  .rodata                 const     0x808'8984          4      0x38  tcp_out.o [8]
  .rodata                 const     0x808'89bc          4      0x38  telnet.o [9]
  .rodata                 const     0x808'89f4          4      0x38  telnet.o [9]
  .rodata                 const     0x808'8a2c          4      0x38  telnet.o [9]
  .rodata                 const     0x808'8a64          4      0x38  telnet.o [9]
  .rodata                 const     0x808'8a9c          4      0x38  telnet.o [9]
  .rodata                 const     0x808'8ad4          4      0x38  timeouts.o [8]
  .text                   ro code   0x808'8b0c          2      0x38  zero_init3.o [25]
  .rodata                 const     0x808'8b44          4      0x34  app_emob.o [13]
  .rodata                 const     0x808'8b78          4      0x34  app_emob.o [13]
  .rodata                 const     0x808'8bac          4      0x34  app_emob.o [13]
  .rodata                 const     0x808'8be0          4      0x34  app_emob.o [13]
  .rodata                 const     0x808'8c14          4      0x34  app_emob.o [13]
  .rodata                 const     0x808'8c48          4      0x34  app_emob.o [13]
  .rodata                 const     0x808'8c7c          4      0x34  app_emob.o [13]
  .rodata                 const     0x808'8cb0          4      0x34  app_emob.o [13]
  .rodata                 const     0x808'8ce4          4      0x34  etharp.o [8]
  .rodata                 const     0x808'8d18          4      0x34  ethernet.o [8]
  .rodata                 const     0x808'8d4c          4      0x34  icmp.o [8]
  .rodata                 const     0x808'8d80          4      0x34  main.o [11]
  .rodata                 const     0x808'8db4          4      0x34  mem.o [8]
  .rodata                 const     0x808'8de8          4      0x34  memp.o [8]
  .rodata                 const     0x808'8e1c          4      0x34  pbuf.o [8]
  .rodata                 const     0x808'8e50          4      0x34  sbcSem.o [9]
  .rodata                 const     0x808'8e84          4      0x34  sbcSem.o [9]
  .rodata                 const     0x808'8eb8          4      0x34  sbcSem.o [9]
  .rodata                 const     0x808'8eec          4      0x34  scheduleMng.o [9]
  .rodata                 const     0x808'8f20          4      0x34  tcp.o [8]
  .rodata                 const     0x808'8f54          4      0x34  tcp.o [8]
  .rodata                 const     0x808'8f88          4      0x34  tcp.o [8]
  .rodata                 const     0x808'8fbc          4      0x34  tcp_out.o [8]
  .rodata                 const     0x808'8ff0          4      0x34  telnet.o [9]
  .rodata                 const     0x808'9024          4      0x34  telnet.o [9]
  .rodata                 const     0x808'9058          4      0x34  telnet.o [9]
  .rodata                 const     0x808'908c          4      0x34  telnet.o [9]
  .rodata                 const     0x808'90c0          4      0x34  telnet.o [9]
  .rodata                 const     0x808'90f4          4      0x34  telnet.o [9]
  .rodata                 const     0x808'9128          4      0x34  telnet.o [9]
  .rodata                 const     0x808'915c          4      0x34  telnet.o [9]
  .rodata                 const     0x808'9190          4      0x34  telnet.o [9]
  .rodata                 const     0x808'91c4          4      0x34  telnet.o [9]
  .rodata                 const     0x808'91f8          4      0x34  telnet.o [9]
  .rodata                 const     0x808'922c          4      0x34  telnet.o [9]
  .rodata                 const     0x808'9260          4      0x34  telnet.o [9]
  .rodata                 const     0x808'9294          4      0x34  telnet.o [9]
  .rodata                 const     0x808'92c8          4      0x34  telnet.o [9]
  .rodata                 const     0x808'92fc          4      0x34  telnet.o [9]
  .rodata                 const     0x808'9330          4      0x34  telnet.o [9]
  .rodata                 const     0x808'9364          4      0x30  app_emob.o [13]
  .rodata                 const     0x808'9394          4      0x30  app_emob.o [13]
  .rodata                 const     0x808'93c4          4      0x30  app_emob.o [13]
  .rodata                 const     0x808'93f4          4      0x30  app_emob.o [13]
  .rodata                 const     0x808'9424          4      0x30  app_emob.o [13]
  .rodata                 const     0x808'9454          4      0x30  eeprom.o [1]
  .rodata                 const     0x808'9484          4      0x30  eeprom.o [1]
  .rodata                 const     0x808'94b4          4      0x30  Em_Task.o [6]
  .rodata                 const     0x808'94e4          4      0x30  esp32.o [21]
  .rodata                 const     0x808'9514          4      0x30  etharp.o [8]
  .rodata                 const     0x808'9544          4      0x30  httpserver-socket.o [20]
  .rodata                 const     0x808'9574          4      0x30  httpserver-socket.o [20]
  .rodata                 const     0x808'95a4          4      0x30  inputsMng.o [14]
  .rodata                 const     0x808'95d4          4      0x30  inputsMng.o [14]
  .rodata                 const     0x808'9604          4      0x30  inputsMng.o [14]
  .rodata                 const     0x808'9634          4      0x30  ip4.o [8]
  .rodata                 const     0x808'9664          4      0x30  mem.o [8]
  .rodata                 const     0x808'9694          4      0x30  mem.o [8]
  .rodata                 const     0x808'96c4          4      0x30  netif.o [8]
  .rodata                 const     0x808'96f4          4      0x30  pbuf.o [8]
  .rodata                 const     0x808'9724          4      0x30  pbuf.o [8]
  .rodata                 const     0x808'9754          4      0x30  pbuf.o [8]
  .rodata                 const     0x808'9784          4      0x30  sbcSem.o [9]
  .rodata                 const     0x808'97b4          4      0x30  tcp.o [8]
  .rodata                 const     0x808'97e4          4      0x30  tcp.o [8]
  .rodata                 const     0x808'9814          4      0x30  tcp.o [8]
  .rodata                 const     0x808'9844          4      0x30  tcp_in.o [8]
  .rodata                 const     0x808'9874          4      0x30  tcp_out.o [8]
  .rodata                 const     0x808'98a4          4      0x30  tcp_out.o [8]
  .rodata                 const     0x808'98d4          4      0x30  telnet.o [9]
  .rodata                 const     0x808'9904          4      0x30  telnet.o [9]
  .rodata                 const     0x808'9934          4      0x30  telnet.o [9]
  .rodata                 const     0x808'9964          4      0x30  telnet.o [9]
  .rodata                 const     0x808'9994          4      0x30  telnet.o [9]
  .rodata                 const     0x808'99c4          4      0x30  telnet.o [9]
  .rodata                 const     0x808'99f4          4      0x30  telnet.o [9]
  .rodata                 const     0x808'9a24          4      0x30  telnet.o [9]
  .rodata                 const     0x808'9a54          4      0x30  telnet.o [9]
  .rodata                 const     0x808'9a84          4      0x30  telnet.o [9]
  .rodata                 const     0x808'9ab4          4      0x30  telnet.o [9]
  .rodata                 const     0x808'9ae4          4      0x30  telnet.o [9]
  .rodata                 const     0x808'9b14          4      0x30  telnet.o [9]
  .rodata                 const     0x808'9b44          4      0x30  wrapper.o [1]
  .rodata                 const     0x808'9b74          4      0x30  xlocale_c.o [22]
  .text                   ro code   0x808'9ba4          4      0x30  cmox_sha256.c.o [23]
  .text                   ro code   0x808'9bd4          4      0x30  cmox_sha256.c.o [23]
  .rodata                 const     0x808'9c04          4      0x2c  app_emob.o [13]
  .rodata                 const     0x808'9c30          4      0x2c  app_emob.o [13]
  .rodata                 const     0x808'9c5c          4      0x2c  app_emob.o [13]
  .rodata                 const     0x808'9c88          4      0x2c  app_emob.o [13]
  .rodata                 const     0x808'9cb4          4      0x2c  app_emob.o [13]
  .rodata                 const     0x808'9ce0          4      0x2c  app_emob.o [13]
  .rodata                 const     0x808'9d0c          4      0x2c  app_emob.o [13]
[...]
txPossible              0x2005'1c61       0x1  Data  Lc  telnet.o [9]
txRS485Available         0x803'647d      0x12  Code  Gb  sbcSem.o [9]
uSecWwaitTime            0x804'1953      0x6c  Code  Gb  lcd.o [1]
uart1ReinitCounter      0x2005'1c50       0x1  Data  Lc  scuMdb.o [9]
uartDbgError_Handler     0x805'dc7d       0x2  Code  Lc  uartDbg.o [7]
uartEmError_Handler      0x805'4941       0x2  Code  Lc  Em_Uart.o [6]
uartEmError_Handler      0x805'64c1       0x2  Code  Lc  sbcUart.o [9]
uartInitSemaphoreHandle
                        0x2005'1940       0x4  Data  Gb  sbcGsy.o [9]
uartProtError_Handler    0x804'67ad       0x2  Code  Lc  prot_OnUsart.o [9]
uartReintialization      0x803'3a2f      0x3a  Code  Gb  scuMdb.o [9]
uartScuError_Handler     0x803'3a69       0x2  Code  Lc  scuMdb.o [9]
uartScuInitSemaphoreHandle
                        0x2005'19a4       0x4  Data  Gb  scuMdb.o [9]
uartScuSinapsiTxSemaphoreHandle
                        0x2005'19a8       0x4  Data  Gb  scuMdb.o [9]
ucHeap                  0x2000'09dc  0x1'c000  Data  Lc  heap_4.o [5]
ucMaxSysCallPriority    0x2005'1c20       0x1  Data  Lc  port.o [5]
udp_init                 0x805'e601      0x16  Code  Gb  udp.o [8]
udp_input                0x805'e6b9     0x1ce  Code  Gb  udp.o [8]
udp_input_local_match    0x805'e617      0xa2  Code  Lc  udp.o [8]
udp_netif_ip_addr_changed
                         0x805'e887      0x34  Code  Gb  udp.o [8]
udp_pcbs                0x2005'1a70       0x4  Data  Gb  udp.o [8]
udp_port                0x2000'09d2       0x2  Data  Lc  udp.o [8]
uhADCxConvertedValue    0x2005'1484       0xc  Data  Gb  adcTask.o [14]
uid_map_array           0x2005'14e4       0xc  Data  Lc  PersMng.o [18]
uid_map_bit             0x2005'1c07       0x1  Data  Lc  PersMng.o [18]
uid_map_byte            0x2005'1c06       0x1  Data  Lc  PersMng.o [18]
uid_map_num             0x2005'1c05       0x1  Data  Lc  PersMng.o [18]
uint16_swapWord          0x803'a3ef      0x10  Code  Gb  app_emob.o [13]
ulMaxPRIGROUPValue      0x2005'18c4       0x4  Data  Lc  port.o [5]
updateClearAllLineString
                         0x802'8f39      0x46  Code  Lc  LcdMng.o [18]
updateEthLinkStatus      0x805'75ad      0xe4  Code  Gb  lwip.o [11]
updateModbusErrorRegisters
                         0x802'be77     0x128  Code  Gb  EvsMng.o [18]
updateScuModbusAddrr     0x803'3b43       0xe  Code  Gb  scuMdb.o [9]
upgradeFwSlaveBroadcast
                         0x803'7619      0x66  Code  Gb  sbcSem.o [9]
upgradeGeneralParameter
                         0x801'5595     0x72e  Code  Gb  httpserver-socket.o [20]
upgradeLcd              0x2005'1bde       0x1  Data  Lc  lcd.o [1]
upgradeModbusHwConfig    0x803'6a2d      0x6c  Code  Gb  sbcSem.o [9]
upgradeModbusReg         0x803'6a99      0x6c  Code  Gb  sbcSem.o [9]
url_decode               0x801'5d11      0xc0  Code  Lc  httpserver-socket.o [20]
usart3                  0x2000'07f0      0x10  Data  Gb  usart_esp32.o [21]
usartEsp32Control       0x2004'4d68    0x1208  Data  Lc  usart_esp32.o [21]
usartStruct             0x2004'ef04      0xc0  Data  Lc  prot_OnUsart.o [9]
usartStructInitBuff      0x804'5e9b     0x154  Code  Lc  prot_OnUsart.o [9]
userNameOk              0x2005'1c62       0x1  Data  Lc  telnet.o [9]
userType                0x2005'1bda       0x1  Data  Lc  httpserver-socket.o [20]
user_card_auth_get       0x804'd82b       0x8  Code  Gb  PersMng.o [18]
user_card_auth_read      0x804'dd9b     0x1a8  Code  Lc  PersMng.o [18]
user_card_credit        0x2005'1af4       0x2  Data  Lc  PersMng.o [18]
user_card_credit_decrease
                         0x804'd859      0x34  Code  Lc  PersMng.o [18]
user_card_credit_get     0x804'd821       0xa  Code  Gb  PersMng.o [18]
user_card_date          0x2005'1374      0x10  Data  Lc  PersMng.o [18]
user_card_date_get       0x804'd7ff      0x22  Code  Gb  PersMng.o [18]
user_card_energy        0x2005'18bc       0x4  Data  Lc  PersMng.o [18]
user_card_energy_get     0x804'd851       0x8  Code  Gb  PersMng.o [18]
user_card_mode          0x2005'1c08       0x1  Data  Lc  PersMng.o [18]
user_card_time          0x2005'18b8       0x4  Data  Lc  PersMng.o [18]
user_card_time_decrease
                         0x804'd833      0x1e  Code  Gb  PersMng.o [18]
username                 0x809'1ffc       0xc  Data  Lc  telnet.o [9]
uwTick                  0x2005'19b0       0x4  Data  Gb  stm32f4xx_hal.o [10]
uwTickFreq              0x2000'09d7       0x1  Data  Gb  stm32f4xx_hal.o [10]
uwTickPrio              0x2000'07e4       0x4  Data  Gb  stm32f4xx_hal.o [10]
uxCriticalNesting       0x2000'0784       0x4  Data  Lc  port.o [5]
uxCurrentNumberOfTasks  0x2005'19cc       0x4  Data  Lc  tasks.o [5]
uxDeletedTasksWaitingCleanUp
                        0x2005'19c8       0x4  Data  Lc  tasks.o [5]
uxListRemove             0x805'dcf1      0x28  Code  Gb  list.o [5]
uxPendedTicks           0x2005'19dc       0x4  Data  Lc  tasks.o [5]
uxQueueMessagesWaiting   0x804'3f31      0x2a  Code  Gb  queue.o [5]
uxSchedulerSuspended    0x2005'19f4       0x4  Data  Lc  tasks.o [5]
uxTaskNumber            0x2005'19e8       0x4  Data  Lc  tasks.o [5]
uxTaskResetEventItemValue
                         0x804'50f3      0x16  Code  Gb  tasks.o [5]
uxTopReadyPriority      0x2005'19d4       0x4  Data  Lc  tasks.o [5]
vApplicationGetIdleTaskMemory
                         0x802'29ef       0xe  Code  Gb  cmsis_os2.o [5]
vApplicationGetTimerTaskMemory
                         0x802'29fd      0x10  Code  Gb  cmsis_os2.o [5]
vApplicationIdleHook     0x803'9991     0x4e6  Code  Gb  main.o [11]
vEventGroupClearBitsCallback
                         0x804'f269      0x10  Code  Gb  event_groups.o [5]
vEventGroupSetBitsCallback
                         0x804'f257      0x10  Code  Gb  event_groups.o [5]
vListInitialise          0x805'dc7f      0x1e  Code  Gb  list.o [5]
vListInitialiseItem      0x805'dc9d       0x6  Code  Gb  list.o [5]
vListInsert              0x805'dcbb      0x36  Code  Gb  list.o [5]
vListInsertEnd           0x805'dca3      0x18  Code  Gb  list.o [5]
vPortEnableVFP           0x806'4f55            Code  Gb  portasm.o [5]
vPortEnterCritical       0x805'b0eb      0x3c  Code  Gb  port.o [5]
vPortExitCritical        0x805'b127      0x30  Code  Gb  port.o [5]
vPortFree                0x805'de47      0x7c  Code  Gb  heap_4.o [5]
vPortSetupTimerInterrupt
                         0x806'4e89      0x34  Code  Wk  port.o [5]
vPortStartFirstTask      0x806'4f35            Code  Gb  portasm.o [5]
vPortValidateInterruptPriority
                         0x805'b185      0x56  Code  Gb  port.o [5]
vQueueAddToRegistry      0x804'414b      0x26  Code  Gb  queue.o [5]
vQueueDelete             0x804'3f5b      0x34  Code  Gb  queue.o [5]
vQueueUnregisterQueue    0x804'4171      0x28  Code  Gb  queue.o [5]
vQueueWaitForMessageRestricted
                         0x804'41a1      0x4c  Code  Gb  queue.o [5]
vTaskDelay               0x804'453b      0x52  Code  Gb  tasks.o [5]
vTaskDelete              0x804'448d      0xae  Code  Gb  tasks.o [5]
vTaskInternalSetTimeOutState
                         0x804'4ce9      0x12  Code  Gb  tasks.o [5]
vTaskMissedYield         0x804'4d99       0xa  Code  Gb  tasks.o [5]
vTaskPlaceOnEventList    0x804'4ad1      0x36  Code  Gb  tasks.o [5]
vTaskPlaceOnEventListRestricted
                         0x804'4b81      0x44  Code  Gb  tasks.o [5]
vTaskPlaceOnUnorderedEventList
                         0x804'4b15      0x5e  Code  Gb  tasks.o [5]
vTaskPriorityDisinheritAfterTimeout
                         0x804'503d      0xb6  Code  Gb  tasks.o [5]
vTaskRemoveFromUnorderedEventList
                         0x804'4c59      0x8c  Code  Gb  tasks.o [5]
vTaskResume              0x804'4717      0x86  Code  Gb  tasks.o [5]
vTaskStartScheduler      0x804'479d      0xa2  Code  Gb  tasks.o [5]
vTaskSuspend             0x804'461d      0xb8  Code  Gb  tasks.o [5]
vTaskSuspendAll          0x804'483f       0xc  Code  Gb  tasks.o [5]
vTaskSwitchContext       0x804'4a5b      0x76  Code  Gb  tasks.o [5]
vbus_anom1_save         0x2005'1b9e       0x1  Data  Lc  EvsMng.o [18]
vinPwrValue              0x803'ed51      0xa8  Code  Gb  adcTask.o [14]
vsnprintf                0x806'2d59      0x3c  Code  Gb  vsnprint.o [22]
vsprintf                 0x804'ede5      0x34  Code  Gb  vsprintf.o [22]
wctob                    0x806'7359      0x30  Code  Gb  wctob.o [22]
weekDays                0x2000'07c8      0x1c  Data  Lc  scheduleMng.o [9]
welcomeLogin             0x808'92fc      0x34  Data  Lc  telnet.o [9]
whitelist_check          0x804'df5f      0xc8  Code  Lc  PersMng.o [18]
whitelist_reset          0x804'e14f      0x3a  Code  Lc  PersMng.o [18]
whitelist_update         0x804'e027     0x128  Code  Lc  PersMng.o [18]
wifi                    0x2000'0800      0x68  Data  Gb  wifi_esp32.o [21]
wifiEsp32ctr            0x2005'0ce0      0x24  Data  Lc  wifi_esp32.o [21]
wifiSbcTogether         0x2005'1c67       0x1  Data  Gb  wrapper.o [1]
wifiTask_attributes      0x808'c26c      0x24  Data  Gb  wifi_esp32.o [21]
wifiUartConfig           0x809'2c30       0x8  Data  Lc  wifi_esp32.o [21]
wifiUpgExpressifHandle  0x2005'1708       0x4  Data  Gb  httpserver-socket.o [20]
wifiUpgExpressifQueue   0x2005'1710       0x4  Data  Gb  httpserver-socket.o [20]
wifiUpgExpressifTask     0x801'4c49      0x70  Code  Lc  httpserver-socket.o [20]
wifiUpgExpressifTask_attributes
                         0x808'b60c      0x24  Data  Gb  httpserver-socket.o [20]
wifi_antenna_error      0x2005'1b9f       0x1  Data  Lc  EvsMng.o [18]
wkyr                     0x806'746d      0x1a  Code  Lc  xgentime.o [22]
wrapper_Handler          0x801'9d49       0x2  Code  Lc  wrapper.o [1]
writeMasterModbusRegister
                         0x803'60f3      0xa2  Code  Lc  sbcSem.o [9]
writePcb                 0x800'd1cb      0x2a  Code  Lc  httpserver-socket.o [20]
wrongPassword            0x808'b1b8      0x28  Data  Lc  telnet.o [9]
xActiveTimerList1       0x2005'1294      0x14  Data  Lc  timers.o [5]
xActiveTimerList2       0x2005'12a8      0x14  Data  Lc  timers.o [5]
xBlockAllocatedBit      0x2005'16ec       0x4  Data  Lc  heap_4.o [5]
xBlockMngTimers         0x2005'0fd0      0x18  Data  Lc  BlockMng.o [18]
xContactMngTimers       0x2005'1558       0x8  Data  Lc  ContactMng.o [18]
xDelayedTaskList1       0x2005'1230      0x14  Data  Lc  tasks.o [5]
xDelayedTaskList2       0x2005'1244      0x14  Data  Lc  tasks.o [5]
xEnergyMngTimers        0x2005'1578       0x8  Data  Lc  EnergyMng.o [18]
xEventGroupClearBits     0x804'f0f5      0x4e  Code  Gb  event_groups.o [5]
xEventGroupClearBitsFromISR
                         0x804'f143      0x16  Code  Gb  event_groups.o [5]
xEventGroupCreate        0x804'ef7b      0x20  Code  Gb  event_groups.o [5]
xEventGroupCreateStatic
                         0x804'ef29      0x52  Code  Gb  event_groups.o [5]
xEventGroupGetBitsFromISR
                         0x804'f159      0x22  Code  Gb  event_groups.o [5]
xEventGroupSetBits       0x804'f17b      0xdc  Code  Gb  event_groups.o [5]
xEventGroupSetBitsFromISR
                         0x804'f29d      0x16  Code  Gb  event_groups.o [5]
xEventGroupWaitBits      0x804'ef9b     0x15a  Code  Gb  event_groups.o [5]
xEvsMngTimers           0x2005'0758      0x3c  Data  Lc  EvsMng.o [18]
xExtInpMngTimers        0x2005'14b4       0xc  Data  Lc  ExtInpMng.o [18]
xFreeBytesRemaining     0x2005'16e4       0x4  Data  Lc  heap_4.o [5]
xHTSMngTimers           0x2005'16f4       0x4  Data  Lc  hts.o [1]
xHeapStructSize          0x809'2c90       0x4  Data  Lc  heap_4.o [5]
xIdleTaskHandle         0x2005'19f0       0x4  Data  Lc  tasks.o [5]
xLcdMngTimers           0x2005'1354      0x10  Data  Lc  LcdMng.o [18]
xLedTimers              0x2005'14cc       0xc  Data  Lc  ledMng.o [14]
xMdbUartTimers          0x2005'198c       0x4  Data  Gb  scuMdb.o [9]
xMinimumEverFreeBytesRemaining
                        0x2005'16e8       0x4  Data  Lc  heap_4.o [5]
xNextTaskUnblockTime    0x2005'19ec       0x4  Data  Lc  tasks.o [5]
xNumOfOverflows         0x2005'19e4       0x4  Data  Lc  tasks.o [5]
xPendingReadyList       0x2005'1258      0x14  Data  Lc  tasks.o [5]
xPersMngTimers          0x2005'0f98      0x1c  Data  Lc  PersMng.o [18]
xPortStartScheduler      0x805'b04b      0xa0  Code  Gb  port.o [5]
xPortSysTickHandler      0x805'b157      0x2c  Code  Gb  port.o [5]
xPwmMngTimers           0x2005'1414      0x10  Data  Lc  PwmMng.o [18]
xQueueCreateCountingSemaphore
                         0x804'3785      0x48  Code  Gb  queue.o [5]
xQueueCreateCountingSemaphoreStatic
                         0x804'3735      0x50  Code  Gb  queue.o [5]
xQueueCreateMutex        0x804'3657      0x20  Code  Gb  queue.o [5]
xQueueCreateMutexStatic
                         0x804'3677      0x2e  Code  Gb  queue.o [5]
xQueueGenericCreate      0x804'359f      0x60  Code  Gb  queue.o [5]
xQueueGenericCreateStatic
                         0x804'34c9      0xd6  Code  Gb  queue.o [5]
xQueueGenericReset       0x804'3431      0x98  Code  Gb  queue.o [5]
xQueueGenericSend        0x804'37cd     0x1b6  Code  Gb  queue.o [5]
xQueueGenericSendFromISR
                         0x804'3983      0xf0  Code  Gb  queue.o [5]
xQueueGiveFromISR        0x804'3a73      0xd4  Code  Gb  queue.o [5]
xQueueGiveMutexRecursive
                         0x804'36a5      0x48  Code  Gb  queue.o [5]
xQueueIsQueueFullFromISR
                         0x804'411f      0x2c  Code  Gb  queue.o [5]
xQueueReceive            0x804'3b47     0x176  Code  Gb  queue.o [5]
xQueueReceiveFromISR     0x804'3e75      0xbc  Code  Gb  queue.o [5]
xQueueRegistry          0x2005'0898      0x40  Data  Gb  queue.o [5]
xQueueSemaphoreTake      0x804'3cbd     0x1b2  Code  Gb  queue.o [5]
xQueueTakeMutexRecursive
                         0x804'36ed      0x48  Code  Gb  queue.o [5]
xSbcScuTimers           0x2005'1990       0x4  Data  Gb  scuMdb.o [9]
xSbcSemTimers           0x2005'11e0      0x14  Data  Lc  sbcSem.o [9]
xSchedulerRunning       0x2005'19d8       0x4  Data  Lc  tasks.o [5]
xSinapsiTimers          0x2005'1520       0xc  Data  Lc  snapsi.o [14]
xSlaveScuTimers         0x2005'1994       0x4  Data  Gb  scuMdb.o [9]
xStart                  0x2005'1580       0x8  Data  Lc  heap_4.o [5]
xSuspendedTaskList      0x2005'1280      0x14  Data  Lc  tasks.o [5]
xTaskCheckForTimeOut     0x804'4d01      0x94  Code  Gb  tasks.o [5]
xTaskCreate              0x804'4293      0x72  Code  Gb  tasks.o [5]
xTaskCreateStatic        0x804'41ed      0xa6  Code  Gb  tasks.o [5]
xTaskGenericNotify       0x804'51c9     0x126  Code  Gb  tasks.o [5]
xTaskGenericNotifyFromISR
                         0x804'52f5     0x150  Code  Gb  tasks.o [5]
xTaskGetCurrentTaskHandle
                         0x804'4edb       0x8  Code  Gb  tasks.o [5]
xTaskGetSchedulerState   0x804'4ee3      0x20  Code  Gb  tasks.o [5]
xTaskGetTickCount        0x804'4935       0x8  Code  Gb  tasks.o [5]
xTaskGetTickCountFromISR
                         0x804'493d      0x10  Code  Gb  tasks.o [5]
xTaskIncrementTick       0x804'494d     0x10e  Code  Gb  tasks.o [5]
xTaskNotifyWait          0x804'5125      0x9a  Code  Gb  tasks.o [5]
xTaskPriorityDisinherit
                         0x804'4fa1      0x96  Code  Gb  tasks.o [5]
xTaskPriorityInherit     0x804'4f03      0x90  Code  Gb  tasks.o [5]
xTaskRemoveFromEventList
                         0x804'4bcd      0x86  Code  Gb  tasks.o [5]
xTaskResumeAll           0x804'484b      0xea  Code  Gb  tasks.o [5]
xTasksWaitingTermination
                        0x2005'126c      0x14  Data  Lc  tasks.o [5]
xTickCount              0x2005'19d0       0x4  Data  Lc  tasks.o [5]
xTimerCreate             0x804'556d      0x36  Code  Gb  timers.o [5]
xTimerCreateTimerTask    0x804'54fd      0x70  Code  Gb  timers.o [5]
xTimerGenericCommand     0x804'55fb      0x86  Code  Gb  timers.o [5]
xTimerGetExpiryTime      0x804'5681      0x20  Code  Gb  timers.o [5]
xTimerIsTimerActive      0x804'5a6b      0x38  Code  Gb  timers.o [5]
xTimerPendFunctionCallFromISR
                         0x804'5acf      0x2a  Code  Gb  timers.o [5]
xTimerQueue             0x2005'1a60       0x4  Data  Lc  timers.o [5]
xTimerTaskHandle        0x2005'1a64       0x4  Data  Lc  timers.o [5]
xYieldPending           0x2005'19e0       0x4  Data  Lc  tasks.o [5]
xp_presence_enable_set   0x805'50bf       0x8  Code  Gb  PilotMng.o [18]
xp_presence_freeze      0x2005'1c0f       0x1  Data  Lc  PilotMng.o [18]
xp_presence_freeze_set   0x805'50f7       0x8  Code  Gb  PilotMng.o [18]
xp_presence_manager      0x805'50ff     0x104  Code  Lc  PilotMng.o [18]
xp_short_enable_set      0x805'509f      0x20  Code  Gb  PilotMng.o [18]
xp_short_manager         0x805'50c7      0x30  Code  Lc  PilotMng.o [18]
xppresence_enable       0x2005'1c0e       0x1  Data  Lc  PilotMng.o [18]
xpshort_enable          0x2005'1c0d       0x1  Data  Lc  PilotMng.o [18]


[1] = C:\Progetti\SVN_Repos\SCAME_GD_RED\SCAME_CONTROL_UNIT\trunk\EWARM\TARGET_DBG_HW_MP28947\Obj\BSP_3794911361316221405.dir
[2] = C:\Progetti\SVN_Repos\SCAME_GD_RED\SCAME_CONTROL_UNIT\trunk\EWARM\TARGET_DBG_HW_MP28947\Obj\CMSIS_6603591812247902717.dir
[3] = C:\Progetti\SVN_Repos\SCAME_GD_RED\SCAME_CONTROL_UNIT\trunk\EWARM\TARGET_DBG_HW_MP28947\Obj\Device_13867102261166347011.dir
[4] = C:\Progetti\SVN_Repos\SCAME_GD_RED\SCAME_CONTROL_UNIT\trunk\EWARM\TARGET_DBG_HW_MP28947\Obj\EWARM_18443280873093131863.dir
[5] = C:\Progetti\SVN_Repos\SCAME_GD_RED\SCAME_CONTROL_UNIT\trunk\EWARM\TARGET_DBG_HW_MP28947\Obj\FreeRTOS_4809373609813369194.dir
[6] = C:\Progetti\SVN_Repos\SCAME_GD_RED\SCAME_CONTROL_UNIT\trunk\EWARM\TARGET_DBG_HW_MP28947\Obj\LIB_EM_9926388960908420262.dir
[7] = C:\Progetti\SVN_Repos\SCAME_GD_RED\SCAME_CONTROL_UNIT\trunk\EWARM\TARGET_DBG_HW_MP28947\Obj\LIB_UART_DBG_4451214714449946012.dir
[8] = C:\Progetti\SVN_Repos\SCAME_GD_RED\SCAME_CONTROL_UNIT\trunk\EWARM\TARGET_DBG_HW_MP28947\Obj\LwIP_6171225858623166285.dir
[9] = C:\Progetti\SVN_Repos\SCAME_GD_RED\SCAME_CONTROL_UNIT\trunk\EWARM\TARGET_DBG_HW_MP28947\Obj\Protocol_16990505445836233132.dir
[10] = C:\Progetti\SVN_Repos\SCAME_GD_RED\SCAME_CONTROL_UNIT\trunk\EWARM\TARGET_DBG_HW_MP28947\Obj\STM32F4xx_HAL_Driver_1244631019742807970.dir
[11] = C:\Progetti\SVN_Repos\SCAME_GD_RED\SCAME_CONTROL_UNIT\trunk\EWARM\TARGET_DBG_HW_MP28947\Obj\User_8454777428142420917.dir
[12] = C:\Progetti\SVN_Repos\SCAME_GD_RED\SCAME_CONTROL_UNIT\trunk\EWARM\TARGET_DBG_HW_MP28947\Obj\Utilities_17002154029713865955.dir
[13] = C:\Progetti\SVN_Repos\SCAME_GD_RED\SCAME_CONTROL_UNIT\trunk\EWARM\TARGET_DBG_HW_MP28947\Obj\app_8634845462321782417.dir
[14] = C:\Progetti\SVN_Repos\SCAME_GD_RED\SCAME_CONTROL_UNIT\trunk\EWARM\TARGET_DBG_HW_MP28947\Obj\coreApp_9882234266214708374.dir
[15] = C:\Progetti\SVN_Repos\SCAME_GD_RED\SCAME_CONTROL_UNIT\trunk\EWARM\TARGET_DBG_HW_MP28947\Obj\drivers_16975236927657979372.dir
[16] = C:\Progetti\SVN_Repos\SCAME_GD_RED\SCAME_CONTROL_UNIT\trunk\EWARM\TARGET_DBG_HW_MP28947\Obj\handlers_8890594791293015610.dir
[17] = C:\Progetti\SVN_Repos\SCAME_GD_RED\SCAME_CONTROL_UNIT\trunk\EWARM\TARGET_DBG_HW_MP28947\Obj\modbus_13286613698497292636.dir
[18] = C:\Progetti\SVN_Repos\SCAME_GD_RED\SCAME_CONTROL_UNIT\trunk\EWARM\TARGET_DBG_HW_MP28947\Obj\stationMng_507230474648503890.dir
[19] = C:\Progetti\SVN_Repos\SCAME_GD_RED\SCAME_CONTROL_UNIT\trunk\EWARM\TARGET_DBG_HW_MP28947\Obj\tasks_1956869968293006108.dir
[20] = C:\Progetti\SVN_Repos\SCAME_GD_RED\SCAME_CONTROL_UNIT\trunk\EWARM\TARGET_DBG_HW_MP28947\Obj\webServer_11162101747046879916.dir
[21] = C:\Progetti\SVN_Repos\SCAME_GD_RED\SCAME_CONTROL_UNIT\trunk\EWARM\TARGET_DBG_HW_MP28947\Obj\wifi_3262316034850308010.dir
[22] = dl7M_tlf.a
[23] = libSTM32Cryptographic_CM4.a
[24] = m7M_tls.a
[25] = rt7M_tl.a
[26] = shb_l.a

  383'129 bytes of readonly  code memory
  166'948 bytes of readonly  data memory (+ 64  absolute)
  424'794 bytes of readwrite data memory (+ 512 absolute)

Errors: none
Warnings: none
